Archive member included to satisfy reference by file (symbol)

E:/STM_FILES/STM32CubeIDE_1.19.0/STM32CubeIDE/plugins/com.st.stm32cube.ide.mcu.externaltools.gnu-tools-for-stm32.13.3.rel1.win32_1.0.0.202411081344/tools/bin/../lib/gcc/arm-none-eabi/13.3.1/../../../../arm-none-eabi/lib/thumb/v8-m.main+fp/hard\libc_nano.a(libc_a-exit.o)
                              E:/STM_FILES/STM32CubeIDE_1.19.0/STM32CubeIDE/plugins/com.st.stm32cube.ide.mcu.externaltools.gnu-tools-for-stm32.13.3.rel1.win32_1.0.0.202411081344/tools/bin/../lib/gcc/arm-none-eabi/13.3.1/../../../../arm-none-eabi/lib/thumb/v8-m.main+fp/hard/crt0.o (exit)
E:/STM_FILES/STM32CubeIDE_1.19.0/STM32CubeIDE/plugins/com.st.stm32cube.ide.mcu.externaltools.gnu-tools-for-stm32.13.3.rel1.win32_1.0.0.202411081344/tools/bin/../lib/gcc/arm-none-eabi/13.3.1/../../../../arm-none-eabi/lib/thumb/v8-m.main+fp/hard\libc_nano.a(libc_a-rand.o)
                              ./Core/Src/ws2812.o (rand)
E:/STM_FILES/STM32CubeIDE_1.19.0/STM32CubeIDE/plugins/com.st.stm32cube.ide.mcu.externaltools.gnu-tools-for-stm32.13.3.rel1.win32_1.0.0.202411081344/tools/bin/../lib/gcc/arm-none-eabi/13.3.1/../../../../arm-none-eabi/lib/thumb/v8-m.main+fp/hard\libc_nano.a(libc_a-findfp.o)
                              E:/STM_FILES/STM32CubeIDE_1.19.0/STM32CubeIDE/plugins/com.st.stm32cube.ide.mcu.externaltools.gnu-tools-for-stm32.13.3.rel1.win32_1.0.0.202411081344/tools/bin/../lib/gcc/arm-none-eabi/13.3.1/../../../../arm-none-eabi/lib/thumb/v8-m.main+fp/hard\libc_nano.a(libc_a-exit.o) (__stdio_exit_handler)
E:/STM_FILES/STM32CubeIDE_1.19.0/STM32CubeIDE/plugins/com.st.stm32cube.ide.mcu.externaltools.gnu-tools-for-stm32.13.3.rel1.win32_1.0.0.202411081344/tools/bin/../lib/gcc/arm-none-eabi/13.3.1/../../../../arm-none-eabi/lib/thumb/v8-m.main+fp/hard\libc_nano.a(libc_a-fwalk.o)
                              E:/STM_FILES/STM32CubeIDE_1.19.0/STM32CubeIDE/plugins/com.st.stm32cube.ide.mcu.externaltools.gnu-tools-for-stm32.13.3.rel1.win32_1.0.0.202411081344/tools/bin/../lib/gcc/arm-none-eabi/13.3.1/../../../../arm-none-eabi/lib/thumb/v8-m.main+fp/hard\libc_nano.a(libc_a-findfp.o) (_fwalk_sglue)
E:/STM_FILES/STM32CubeIDE_1.19.0/STM32CubeIDE/plugins/com.st.stm32cube.ide.mcu.externaltools.gnu-tools-for-stm32.13.3.rel1.win32_1.0.0.202411081344/tools/bin/../lib/gcc/arm-none-eabi/13.3.1/../../../../arm-none-eabi/lib/thumb/v8-m.main+fp/hard\libc_nano.a(libc_a-printf.o)
                              ./Core/Src/modbus.o (printf)
E:/STM_FILES/STM32CubeIDE_1.19.0/STM32CubeIDE/plugins/com.st.stm32cube.ide.mcu.externaltools.gnu-tools-for-stm32.13.3.rel1.win32_1.0.0.202411081344/tools/bin/../lib/gcc/arm-none-eabi/13.3.1/../../../../arm-none-eabi/lib/thumb/v8-m.main+fp/hard\libc_nano.a(libc_a-puts.o)
                              ./Core/Src/modbus.o (puts)
E:/STM_FILES/STM32CubeIDE_1.19.0/STM32CubeIDE/plugins/com.st.stm32cube.ide.mcu.externaltools.gnu-tools-for-stm32.13.3.rel1.win32_1.0.0.202411081344/tools/bin/../lib/gcc/arm-none-eabi/13.3.1/../../../../arm-none-eabi/lib/thumb/v8-m.main+fp/hard\libc_nano.a(libc_a-sprintf.o)
                              ./Core/Src/GUI.o (sprintf)
E:/STM_FILES/STM32CubeIDE_1.19.0/STM32CubeIDE/plugins/com.st.stm32cube.ide.mcu.externaltools.gnu-tools-for-stm32.13.3.rel1.win32_1.0.0.202411081344/tools/bin/../lib/gcc/arm-none-eabi/13.3.1/../../../../arm-none-eabi/lib/thumb/v8-m.main+fp/hard\libc_nano.a(libc_a-stdio.o)
                              E:/STM_FILES/STM32CubeIDE_1.19.0/STM32CubeIDE/plugins/com.st.stm32cube.ide.mcu.externaltools.gnu-tools-for-stm32.13.3.rel1.win32_1.0.0.202411081344/tools/bin/../lib/gcc/arm-none-eabi/13.3.1/../../../../arm-none-eabi/lib/thumb/v8-m.main+fp/hard\libc_nano.a(libc_a-findfp.o) (__sread)
E:/STM_FILES/STM32CubeIDE_1.19.0/STM32CubeIDE/plugins/com.st.stm32cube.ide.mcu.externaltools.gnu-tools-for-stm32.13.3.rel1.win32_1.0.0.202411081344/tools/bin/../lib/gcc/arm-none-eabi/13.3.1/../../../../arm-none-eabi/lib/thumb/v8-m.main+fp/hard\libc_nano.a(libc_a-wbuf.o)
                              E:/STM_FILES/STM32CubeIDE_1.19.0/STM32CubeIDE/plugins/com.st.stm32cube.ide.mcu.externaltools.gnu-tools-for-stm32.13.3.rel1.win32_1.0.0.202411081344/tools/bin/../lib/gcc/arm-none-eabi/13.3.1/../../../../arm-none-eabi/lib/thumb/v8-m.main+fp/hard\libc_nano.a(libc_a-puts.o) (__swbuf_r)
E:/STM_FILES/STM32CubeIDE_1.19.0/STM32CubeIDE/plugins/com.st.stm32cube.ide.mcu.externaltools.gnu-tools-for-stm32.13.3.rel1.win32_1.0.0.202411081344/tools/bin/../lib/gcc/arm-none-eabi/13.3.1/../../../../arm-none-eabi/lib/thumb/v8-m.main+fp/hard\libc_nano.a(libc_a-wsetup.o)
                              E:/STM_FILES/STM32CubeIDE_1.19.0/STM32CubeIDE/plugins/com.st.stm32cube.ide.mcu.externaltools.gnu-tools-for-stm32.13.3.rel1.win32_1.0.0.202411081344/tools/bin/../lib/gcc/arm-none-eabi/13.3.1/../../../../arm-none-eabi/lib/thumb/v8-m.main+fp/hard\libc_nano.a(libc_a-puts.o) (__swsetup_r)
[...]
Memory Configuration

Name             Origin             Length             Attributes
RAM              0x20000000         0x000a0000         xrw
FLASH            0x08000000         0x00100000         xr
*default*        0x00000000         0xffffffff

Linker script and memory map

LOAD E:/STM_FILES/STM32CubeIDE_1.19.0/STM32CubeIDE/plugins/com.st.stm32cube.ide.mcu.externaltools.gnu-tools-for-stm32.13.3.rel1.win32_1.0.0.202411081344/tools/bin/../lib/gcc/arm-none-eabi/13.3.1/thumb/v8-m.main+fp/hard/crti.o
LOAD E:/STM_FILES/STM32CubeIDE_1.19.0/STM32CubeIDE/plugins/com.st.stm32cube.ide.mcu.externaltools.gnu-tools-for-stm32.13.3.rel1.win32_1.0.0.202411081344/tools/bin/../lib/gcc/arm-none-eabi/13.3.1/thumb/v8-m.main+fp/hard/crtbegin.o
LOAD E:/STM_FILES/STM32CubeIDE_1.19.0/STM32CubeIDE/plugins/com.st.stm32cube.ide.mcu.externaltools.gnu-tools-for-stm32.13.3.rel1.win32_1.0.0.202411081344/tools/bin/../lib/gcc/arm-none-eabi/13.3.1/../../../../arm-none-eabi/lib/thumb/v8-m.main+fp/hard/crt0.o
LOAD ./Core/Src/GUI.o
LOAD ./Core/Src/fonts.o
LOAD ./Core/Src/ili9488.o
LOAD ./Core/Src/main.o
LOAD ./Core/Src/modbus.o
LOAD ./Core/Src/stm32h5xx_hal_msp.o
LOAD ./Core/Src/stm32h5xx_it.o
LOAD ./Core/Src/syscalls.o
LOAD ./Core/Src/sysmem.o
LOAD ./Core/Src/system_stm32h5xx.o
LOAD ./Core/Src/ws2812.o
LOAD ./Core/Startup/startup_stm32h562rgvx.o
LOAD ./Drivers/STM32H5xx_HAL_Driver/Src/stm32h5xx_hal.o
LOAD ./Drivers/STM32H5xx_HAL_Driver/Src/stm32h5xx_hal_adc.o
LOAD ./Drivers/STM32H5xx_HAL_Driver/Src/stm32h5xx_hal_adc_ex.o
LOAD ./Drivers/STM32H5xx_HAL_Driver/Src/stm32h5xx_hal_cortex.o
LOAD ./Drivers/STM32H5xx_HAL_Driver/Src/stm32h5xx_hal_dcache.o
LOAD ./Drivers/STM32H5xx_HAL_Driver/Src/stm32h5xx_hal_dma.o
LOAD ./Drivers/STM32H5xx_HAL_Driver/Src/stm32h5xx_hal_dma_ex.o
LOAD ./Drivers/STM32H5xx_HAL_Driver/Src/stm32h5xx_hal_exti.o
LOAD ./Drivers/STM32H5xx_HAL_Driver/Src/stm32h5xx_hal_flash.o
LOAD ./Drivers/STM32H5xx_HAL_Driver/Src/stm32h5xx_hal_flash_ex.o
LOAD ./Drivers/STM32H5xx_HAL_Driver/Src/stm32h5xx_hal_gpio.o
LOAD ./Drivers/STM32H5xx_HAL_Driver/Src/stm32h5xx_hal_icache.o
LOAD ./Drivers/STM32H5xx_HAL_Driver/Src/stm32h5xx_hal_pwr.o
LOAD ./Drivers/STM32H5xx_HAL_Driver/Src/stm32h5xx_hal_pwr_ex.o
LOAD ./Drivers/STM32H5xx_HAL_Driver/Src/stm32h5xx_hal_rcc.o
LOAD ./Drivers/STM32H5xx_HAL_Driver/Src/stm32h5xx_hal_rcc_ex.o
LOAD ./Drivers/STM32H5xx_HAL_Driver/Src/stm32h5xx_hal_tim.o
LOAD ./Drivers/STM32H5xx_HAL_Driver/Src/stm32h5xx_hal_tim_ex.o
LOAD ./Drivers/STM32H5xx_HAL_Driver/Src/stm32h5xx_hal_uart.o
LOAD ./Drivers/STM32H5xx_HAL_Driver/Src/stm32h5xx_hal_uart_ex.o
START GROUP
LOAD E:/STM_FILES/STM32CubeIDE_1.19.0/STM32CubeIDE/plugins/com.st.stm32cube.ide.mcu.externaltools.gnu-tools-for-stm32.13.3.rel1.win32_1.0.0.202411081344/tools/bin/../lib/gcc/arm-none-eabi/13.3.1/../../../../arm-none-eabi/lib/thumb/v8-m.main+fp/hard\libc_nano.a
LOAD E:/STM_FILES/STM32CubeIDE_1.19.0/STM32CubeIDE/plugins/com.st.stm32cube.ide.mcu.externaltools.gnu-tools-for-stm32.13.3.rel1.win32_1.0.0.202411081344/tools/bin/../lib/gcc/arm-none-eabi/13.3.1/../../../../arm-none-eabi/lib/thumb/v8-m.main+fp/hard\libm.a
END GROUP
START GROUP
LOAD E:/STM_FILES/STM32CubeIDE_1.19.0/STM32CubeIDE/plugins/com.st.stm32cube.ide.mcu.externaltools.gnu-tools-for-stm32.13.3.rel1.win32_1.0.0.202411081344/tools/bin/../lib/gcc/arm-none-eabi/13.3.1/thumb/v8-m.main+fp/hard\libgcc.a
LOAD E:/STM_FILES/STM32CubeIDE_1.19.0/STM32CubeIDE/plugins/com.st.stm32cube.ide.mcu.externaltools.gnu-tools-for-stm32.13.3.rel1.win32_1.0.0.202411081344/tools/bin/../lib/gcc/arm-none-eabi/13.3.1/../../../../arm-none-eabi/lib/thumb/v8-m.main+fp/hard\libc_nano.a
END GROUP
START GROUP
LOAD E:/STM_FILES/STM32CubeIDE_1.19.0/STM32CubeIDE/plugins/com.st.stm32cube.ide.mcu.externaltools.gnu-tools-for-stm32.13.3.rel1.win32_1.0.0.202411081344/tools/bin/../lib/gcc/arm-none-eabi/13.3.1/thumb/v8-m.main+fp/hard\libgcc.a
LOAD E:/STM_FILES/STM32CubeIDE_1.19.0/STM32CubeIDE/plugins/com.st.stm32cube.ide.mcu.externaltools.gnu-tools-for-stm32.13.3.rel1.win32_1.0.0.202411081344/tools/bin/../lib/gcc/arm-none-eabi/13.3.1/../../../../arm-none-eabi/lib/thumb/v8-m.main+fp/hard\libc_nano.a
LOAD E:/STM_FILES/STM32CubeIDE_1.19.0/STM32CubeIDE/plugins/com.st.stm32cube.ide.mcu.externaltools.gnu-tools-for-stm32.13.3.rel1.win32_1.0.0.202411081344/tools/bin/../lib/gcc/arm-none-eabi/13.3.1/../../../../arm-none-eabi/lib/thumb/v8-m.main+fp/hard\libnosys.a
END GROUP
START GROUP
LOAD E:/STM_FILES/STM32CubeIDE_1.19.0/STM32CubeIDE/plugins/com.st.stm32cube.ide.mcu.externaltools.gnu-tools-for-stm32.13.3.rel1.win32_1.0.0.202411081344/tools/bin/../lib/gcc/arm-none-eabi/13.3.1/thumb/v8-m.main+fp/hard\libgcc.a
LOAD E:/STM_FILES/STM32CubeIDE_1.19.0/STM32CubeIDE/plugins/com.st.stm32cube.ide.mcu.externaltools.gnu-tools-for-stm32.13.3.rel1.win32_1.0.0.202411081344/tools/bin/../lib/gcc/arm-none-eabi/13.3.1/../../../../arm-none-eabi/lib/thumb/v8-m.main+fp/hard\libc_nano.a
LOAD E:/STM_FILES/STM32CubeIDE_1.19.0/STM32CubeIDE/plugins/com.st.stm32cube.ide.mcu.externaltools.gnu-tools-for-stm32.13.3.rel1.win32_1.0.0.202411081344/tools/bin/../lib/gcc/arm-none-eabi/13.3.1/../../../../arm-none-eabi/lib/thumb/v8-m.main+fp/hard\libnosys.a
END GROUP
LOAD E:/STM_FILES/STM32CubeIDE_1.19.0/STM32CubeIDE/plugins/com.st.stm32cube.ide.mcu.externaltools.gnu-tools-for-stm32.13.3.rel1.win32_1.0.0.202411081344/tools/bin/../lib/gcc/arm-none-eabi/13.3.1/thumb/v8-m.main+fp/hard/crtend.o
LOAD E:/STM_FILES/STM32CubeIDE_1.19.0/STM32CubeIDE/plugins/com.st.stm32cube.ide.mcu.externaltools.gnu-tools-for-stm32.13.3.rel1.win32_1.0.0.202411081344/tools/bin/../lib/gcc/arm-none-eabi/13.3.1/thumb/v8-m.main+fp/hard/crtn.o
                0x200a0000                        _estack = (ORIGIN (RAM) + LENGTH (RAM))
                0x00000200                        _Min_Heap_Size = 0x200
                0x00000400                        _Min_Stack_Size = 0x400

.isr_vector     0x08000000      0x24c
                0x08000000                        . = ALIGN (0x4)
 *(.isr_vector)
 .isr_vector    0x08000000      0x24c ./Core/Startup/startup_stm32h562rgvx.o
                0x08000000                g_pfnVectors
                0x0800024c                        . = ALIGN (0x4)

.text           0x0800024c    0x11be8
                0x0800024c                        . = ALIGN (0x4)
 *(.text)
 .text          0x0800024c       0x40 E:/STM_FILES/STM32CubeIDE_1.19.0/STM32CubeIDE/plugins/com.st.stm32cube.ide.mcu.externaltools.gnu-tools-for-stm32.13.3.rel1.win32_1.0.0.202411081344/tools/bin/../lib/gcc/arm-none-eabi/13.3.1/thumb/v8-m.main+fp/hard/crtbegin.o
 .text          0x0800028c       0x10 E:/STM_FILES/STM32CubeIDE_1.19.0/STM32CubeIDE/plugins/com.st.stm32cube.ide.mcu.externaltools.gnu-tools-for-stm32.13.3.rel1.win32_1.0.0.202411081344/tools/bin/../lib/gcc/arm-none-eabi/13.3.1/../../../../arm-none-eabi/lib/thumb/v8-m.main+fp/hard\libc_nano.a(libc_a-strlen.o)
                0x0800028c                strlen
 .text          0x0800029c       0x30 E:/STM_FILES/STM32CubeIDE_1.19.0/STM32CubeIDE/plugins/com.st.stm32cube.ide.mcu.externaltools.gnu-tools-for-stm32.13.3.rel1.win32_1.0.0.202411081344/tools/bin/../lib/gcc/arm-none-eabi/13.3.1/thumb/v8-m.main+fp/hard\libgcc.a(_aeabi_uldivmod.o)
                0x0800029c                __aeabi_uldivmod
 .text          0x080002cc      0x348 E:/STM_FILES/STM32CubeIDE_1.19.0/STM32CubeIDE/plugins/com.st.stm32cube.ide.mcu.externaltools.gnu-tools-for-stm32.13.3.rel1.win32_1.0.0.202411081344/tools/bin/../lib/gcc/arm-none-eabi/13.3.1/thumb/v8-m.main+fp/hard\libgcc.a(_udivmoddi4.o)
                0x080002cc                __udivmoddi4
 .text          0x08000614        0x4 E:/STM_FILES/STM32CubeIDE_1.19.0/STM32CubeIDE/plugins/com.st.stm32cube.ide.mcu.externaltools.gnu-tools-for-stm32.13.3.rel1.win32_1.0.0.202411081344/tools/bin/../lib/gcc/arm-none-eabi/13.3.1/thumb/v8-m.main+fp/hard\libgcc.a(_dvmd_tls.o)
                0x08000614                __aeabi_idiv0
                0x08000614                __aeabi_ldiv0
 *(.text*)
 .text.Plot_GUI_screen_1
                0x08000618      0x1d0 ./Core/Src/GUI.o
                0x08000618                Plot_GUI_screen_1
 .text.Plot_GUI_screen_2
                0x080007e8      0x1bc ./Core/Src/GUI.o
                0x080007e8                Plot_GUI_screen_2
 .text.Plot_GUI_screen_3
                0x080009a4      0x300 ./Core/Src/GUI.o
                0x080009a4                Plot_GUI_screen_3
 .text.Draw_Modern_Button
                0x08000ca4       0xa4 ./Core/Src/GUI.o
 .text.Plot_Touchscreen_Temperature_Screen
                0x08000d48      0x6b4 ./Core/Src/GUI.o
                0x08000d48                Plot_Touchscreen_Temperature_Screen
 .text.Plot_Touchscreen_Schedule_Screen
                0x080013fc      0x5b8 ./Core/Src/GUI.o
                0x080013fc                Plot_Touchscreen_Schedule_Screen
 .text.Plot_Touchscreen_AddSchedule_Screen
                0x080019b4      0x430 ./Core/Src/GUI.o
                0x080019b4                Plot_Touchscreen_AddSchedule_Screen
 .text.ILI9488_Write8
                0x08001de4       0x34 ./Core/Src/ili9488.o
 .text.ILI9488_Write16
                0x08001e18       0x34 ./Core/Src/ili9488.o
 .text.ILI9488_WriteCommand
                0x08001e4c       0x28 ./Core/Src/ili9488.o
 .text.ILI9488_WriteData
                0x08001e74       0x28 ./Core/Src/ili9488.o
 .text.ILI9488_Reset
                0x08001e9c       0x28 ./Core/Src/ili9488.o
                0x08001e9c                ILI9488_Reset
 .text.ILI9488_Init
                0x08001ec4      0x170 ./Core/Src/ili9488.o
                0x08001ec4                ILI9488_Init
 .text.ILI9488_SetAddressWindow
                0x08002034       0x98 ./Core/Src/ili9488.o
 .text.ILI9488_FillScreen
                0x080020cc       0x78 ./Core/Src/ili9488.o
                0x080020cc                ILI9488_FillScreen
 .text.ILI9488_FilledRectangle
                0x08002144       0x74 ./Core/Src/ili9488.o
                0x08002144                ILI9488_FilledRectangle
 .text.ILI9488_DrawPixel
                0x080021b8       0x4c ./Core/Src/ili9488.o
                0x080021b8                ILI9488_DrawPixel
 .text.ILI9488_DrawChar
                0x08002204      0x13c ./Core/Src/ili9488.o
                0x08002204                ILI9488_DrawChar
 .text.ILI9488_DrawString
                0x08002340       0x5c ./Core/Src/ili9488.o
                0x08002340                ILI9488_DrawString
 .text.ILI9488_Rect_3
                0x0800239c       0xb0 ./Core/Src/ili9488.o
                0x0800239c                ILI9488_Rect_3
 .text.ILI9488_drawThickLine
                0x0800244c       0xf4 ./Core/Src/ili9488.o
                0x0800244c                ILI9488_drawThickLine
 .text.ILI9488_drawCircleOutline
                0x08002540       0xb0 ./Core/Src/ili9488.o
                0x08002540                ILI9488_drawCircleOutline
 .text.ILI9488_DrawBatterySymbol
                0x080025f0      0x134 ./Core/Src/ili9488.o
                0x080025f0                ILI9488_DrawBatterySymbol
 .text.Set_BMS_dummy_values
                0x08002724       0x98 ./Core/Src/main.o
                0x08002724                Set_BMS_dummy_values
 .text.HAL_TIM_PeriodElapsedCallback
                0x080027bc       0xc0 ./Core/Src/main.o
                0x080027bc                HAL_TIM_PeriodElapsedCallback
 .text.HAL_GPIO_EXTI_Falling_Callback
                0x0800287c       0xc4 ./Core/Src/main.o
                0x0800287c                HAL_GPIO_EXTI_Falling_Callback
 .text.main     0x08002940      0x160 ./Core/Src/main.o
                0x08002940                main
 .text.SystemClock_Config
                0x08002aa0       0xf0 ./Core/Src/main.o
                0x08002aa0                SystemClock_Config
 .text.MX_ADC1_Init
                0x08002b90       0xc4 ./Core/Src/main.o
 .text.MX_DCACHE1_Init
                0x08002c54       0x2c ./Core/Src/main.o
 .text.MX_GPDMA1_Init
                0x08002c80       0x50 ./Core/Src/main.o
 .text.MX_ICACHE_Init
                0x08002cd0       0x16 ./Core/Src/main.o
 *fill*         0x08002ce6        0x2 
 .text.MX_TIM1_Init
                0x08002ce8       0xa8 ./Core/Src/main.o
 .text.MX_TIM3_Init
                0x08002d90       0xec ./Core/Src/main.o
 .text.MX_TIM6_Init
                0x08002e7c       0x70 ./Core/Src/main.o
 .text.MX_UART5_Init
                0x08002eec       0x9c ./Core/Src/main.o
 .text.MX_GPIO_Init
                0x08002f88      0x274 ./Core/Src/main.o
 .text.Error_Handler
                0x080031fc        0xc ./Core/Src/main.o
                0x080031fc                Error_Handler
 .text.Start_Modbus_Reception
                0x08003208       0x30 ./Core/Src/modbus.o
                0x08003208                Start_Modbus_Reception
 .text.Modbus_Calculate_CRC
                0x08003238       0x7c ./Core/Src/modbus.o
                0x08003238                Modbus_Calculate_CRC
 .text.Modbus_Request_ReadRegisters
                0x080032b4       0x90 ./Core/Src/modbus.o
                0x080032b4                Modbus_Request_ReadRegisters
 .text.Modbus_Response_Handler
                0x08003344      0x1c4 ./Core/Src/modbus.o
                0x08003344                Modbus_Response_Handler
 .text.some_delay
                0x08003508       0x32 ./Core/Src/modbus.o
                0x08003508                some_delay
 *fill*         0x0800353a        0x2 
 .text.HAL_UART_TxCpltCallback
                0x0800353c       0x38 ./Core/Src/modbus.o
                0x0800353c                HAL_UART_TxCpltCallback
 .text.HAL_UART_RxCpltCallback
                0x08003574       0x84 ./Core/Src/modbus.o
                0x08003574                HAL_UART_RxCpltCallback
 .text.HAL_MspInit
                0x080035f8        0xc ./Core/Src/stm32h5xx_hal_msp.o
                0x080035f8                HAL_MspInit
 .text.HAL_ADC_MspInit
                0x08003604      0x110 ./Core/Src/stm32h5xx_hal_msp.o
                0x08003604                HAL_ADC_MspInit
 .text.HAL_DCACHE_MspInit
                0x08003714       0x44 ./Core/Src/stm32h5xx_hal_msp.o
                0x08003714                HAL_DCACHE_MspInit
 .text.HAL_TIM_Base_MspInit
                0x08003758      0x148 ./Core/Src/stm32h5xx_hal_msp.o
                0x08003758                HAL_TIM_Base_MspInit
 .text.HAL_TIM_MspPostInit
                0x080038a0       0x74 ./Core/Src/stm32h5xx_hal_msp.o
                0x080038a0                HAL_TIM_MspPostInit
 .text.HAL_UART_MspInit
                0x08003914      0x1c8 ./Core/Src/stm32h5xx_hal_msp.o
                0x08003914                HAL_UART_MspInit
 .text.NMI_Handler
                0x08003adc        0x8 ./Core/Src/stm32h5xx_it.o
                0x08003adc                NMI_Handler
 .text.HardFault_Handler
                0x08003ae4        0x8 ./Core/Src/stm32h5xx_it.o
                0x08003ae4                HardFault_Handler
 .text.MemManage_Handler
                0x08003aec        0x8 ./Core/Src/stm32h5xx_it.o
                0x08003aec                MemManage_Handler
 .text.BusFault_Handler
                0x08003af4        0x8 ./Core/Src/stm32h5xx_it.o
                0x08003af4                BusFault_Handler
 .text.UsageFault_Handler
                0x08003afc        0x8 ./Core/Src/stm32h5xx_it.o
                0x08003afc                UsageFault_Handler
 .text.SVC_Handler
                0x08003b04        0xe ./Core/Src/stm32h5xx_it.o
                0x08003b04                SVC_Handler
 .text.DebugMon_Handler
                0x08003b12        0xe ./Core/Src/stm32h5xx_it.o
                0x08003b12                DebugMon_Handler
 .text.PendSV_Handler
                0x08003b20        0xe ./Core/Src/stm32h5xx_it.o
                0x08003b20                PendSV_Handler
 .text.SysTick_Handler
                0x08003b2e        0xc ./Core/Src/stm32h5xx_it.o
                0x08003b2e                SysTick_Handler
 .text.EXTI5_IRQHandler
                0x08003b3a        0xe ./Core/Src/stm32h5xx_it.o
                0x08003b3a                EXTI5_IRQHandler
 .text.EXTI7_IRQHandler
                0x08003b48        0xe ./Core/Src/stm32h5xx_it.o
                0x08003b48                EXTI7_IRQHandler
 *fill*         0x08003b56        0x2 
 .text.GPDMA1_Channel0_IRQHandler
                0x08003b58       0x14 ./Core/Src/stm32h5xx_it.o
                0x08003b58                GPDMA1_Channel0_IRQHandler
 .text.GPDMA1_Channel2_IRQHandler
                0x08003b6c       0x14 ./Core/Src/stm32h5xx_it.o
                0x08003b6c                GPDMA1_Channel2_IRQHandler
 .text.TIM1_UP_IRQHandler
                0x08003b80       0x14 ./Core/Src/stm32h5xx_it.o
                0x08003b80                TIM1_UP_IRQHandler
 .text.TIM6_IRQHandler
                0x08003b94       0x14 ./Core/Src/stm32h5xx_it.o
                0x08003b94                TIM6_IRQHandler
 .text.UART5_IRQHandler
                0x08003ba8       0x14 ./Core/Src/stm32h5xx_it.o
                0x08003ba8                UART5_IRQHandler
 .text._getpid  0x08003bbc       0x10 ./Core/Src/syscalls.o
                0x08003bbc                _getpid
 .text._kill    0x08003bcc       0x20 ./Core/Src/syscalls.o
                0x08003bcc                _kill
 .text._exit    0x08003bec       0x16 ./Core/Src/syscalls.o
                0x08003bec                _exit
 .text._read    0x08003c02       0x3a ./Core/Src/syscalls.o
                0x08003c02                _read
 .text._write   0x08003c3c       0x38 ./Core/Src/syscalls.o
                0x08003c3c                _write
 .text._close   0x08003c74       0x18 ./Core/Src/syscalls.o
                0x08003c74                _close
 .text._fstat   0x08003c8c       0x20 ./Core/Src/syscalls.o
                0x08003c8c                _fstat
 .text._isatty  0x08003cac       0x16 ./Core/Src/syscalls.o
                0x08003cac                _isatty
 .text._lseek   0x08003cc2       0x1a ./Core/Src/syscalls.o
                0x08003cc2                _lseek
 .text._sbrk    0x08003cdc       0x6c ./Core/Src/sysmem.o
                0x08003cdc                _sbrk
 .text.SystemInit
                0x08003d48       0xf8 ./Core/Src/system_stm32h5xx.o
                0x08003d48                SystemInit
 .text.WS2812_send_random_colors_with_brightness
                0x08003e40       0xbc ./Core/Src/ws2812.o
                0x08003e40                WS2812_send_random_colors_with_brightness
 .text.HAL_TIM_PWM_PulseFinishedCallback
                0x08003efc       0x18 ./Core/Src/ws2812.o
                0x08003efc                HAL_TIM_PWM_PulseFinishedCallback
 .text.WS2812_Send
                0x08003f14       0xa4 ./Core/Src/ws2812.o
                0x08003f14                WS2812_Send
 .text.Reset_Handler
                0x08003fb8       0x50 ./Core/Startup/startup_stm32h562rgvx.o
                0x08003fb8                Reset_Handler
 .text.Default_Handler
                0x08004008        0x2 ./Core/Startup/startup_stm32h562rgvx.o
                0x08004008                EXTI2_IRQHandler
                0x08004008                TIM8_TRG_COM_IRQHandler
                0x08004008                TIM8_CC_IRQHandler
                0x08004008                I3C1_ER_IRQHandler
                0x08004008                UART8_IRQHandler
                0x08004008                SPI4_IRQHandler
                0x08004008                GPDMA2_Channel1_IRQHandler
                0x08004008                FLASH_S_IRQHandler
                0x08004008                EXTI13_IRQHandler
                0x08004008                TIM1_CC_IRQHandler
                0x08004008                GPDMA2_Channel3_IRQHandler
                0x08004008                TAMP_IRQHandler
                0x08004008                EXTI12_IRQHandler
                0x08004008                CORDIC_IRQHandler
                0x08004008                USB_DRD_FS_IRQHandler
                0x08004008                EXTI3_IRQHandler
                0x08004008                LPTIM4_IRQHandler
                0x08004008                GPDMA1_Channel5_IRQHandler
                0x08004008                EXTI8_IRQHandler
                0x08004008                GPDMA2_Channel5_IRQHandler
                0x08004008                LPTIM2_IRQHandler
                0x08004008                I2C3_ER_IRQHandler
                0x08004008                GPDMA2_Channel2_IRQHandler
                0x08004008                USART10_IRQHandler
                0x08004008                LPTIM3_IRQHandler
                0x08004008                EXTI0_IRQHandler
                0x08004008                I2C2_EV_IRQHandler
                0x08004008                FPU_IRQHandler
                0x08004008                GPDMA1_Channel3_IRQHandler
                0x08004008                GPDMA1_Channel7_IRQHandler
                0x08004008                FDCAN1_IT1_IRQHandler
                0x08004008                RAMCFG_IRQHandler
                0x08004008                DCACHE1_IRQHandler
                0x08004008                SPI1_IRQHandler
                0x08004008                OCTOSPI1_IRQHandler
                0x08004008                TIM8_UP_IRQHandler
                0x08004008                RCC_S_IRQHandler
                0x08004008                SAI2_IRQHandler
                0x08004008                ADC1_IRQHandler
                0x08004008                USART6_IRQHandler
                0x08004008                EXTI15_IRQHandler
                0x08004008                TIM17_IRQHandler
                0x08004008                USART3_IRQHandler
                0x08004008                RTC_IRQHandler
                0x08004008                EXTI9_IRQHandler
                0x08004008                LPTIM5_IRQHandler
                0x08004008                TIM4_IRQHandler
                0x08004008                I2C1_EV_IRQHandler
                0x08004008                GPDMA1_Channel1_IRQHandler
                0x08004008                TIM16_IRQHandler
                0x08004008                UART4_IRQHandler
                0x08004008                SecureFault_Handler
                0x08004008                TIM3_IRQHandler
                0x08004008                RCC_IRQHandler
                0x08004008                UART9_IRQHandler
                0x08004008                TIM1_TRG_COM_IRQHandler
                0x08004008                Default_Handler
                0x08004008                FMAC_IRQHandler
                0x08004008                CEC_IRQHandler
                0x08004008                USART11_IRQHandler
                0x08004008                TIM14_IRQHandler
                0x08004008                TIM13_IRQHandler
                0x08004008                GPDMA2_Channel4_IRQHandler
                0x08004008                SPI5_IRQHandler
                0x08004008                TIM12_IRQHandler
                0x08004008                TIM7_IRQHandler
                0x08004008                SDMMC1_IRQHandler
                0x08004008                TIM5_IRQHandler
                0x08004008                UCPD1_IRQHandler
                0x08004008                I3C1_EV_IRQHandler
                0x08004008                TIM15_IRQHandler
                0x08004008                PVD_AVD_IRQHandler
                0x08004008                I2C3_EV_IRQHandler
                0x08004008                ADC2_IRQHandler
                0x08004008                SPI2_IRQHandler
                0x08004008                EXTI14_IRQHandler
                0x08004008                EXTI11_IRQHandler
                0x08004008                CRS_IRQHandler
                0x08004008                EXTI4_IRQHandler
                0x08004008                GPDMA2_Channel0_IRQHandler
                0x08004008                RTC_S_IRQHandler
                0x08004008                RNG_IRQHandler
                0x08004008                GPDMA2_Channel6_IRQHandler
                0x08004008                UART12_IRQHandler
                0x08004008                WWDG_IRQHandler
                0x08004008                SPI6_IRQHandler
                0x08004008                I2C4_EV_IRQHandler
                0x08004008                IWDG_IRQHandler
                0x08004008                LPUART1_IRQHandler
                0x08004008                FDCAN1_IT0_IRQHandler
                0x08004008                TIM2_IRQHandler
                0x08004008                GPDMA1_Channel4_IRQHandler
                0x08004008                TIM1_BRK_IRQHandler
                0x08004008                EXTI1_IRQHandler
                0x08004008                LPTIM6_IRQHandler
                0x08004008                DAC1_IRQHandler
                0x08004008                DTS_IRQHandler
                0x08004008                UART7_IRQHandler
                0x08004008                GTZC_IRQHandler
                0x08004008                USART2_IRQHandler
                0x08004008                GPDMA1_Channel6_IRQHandler
                0x08004008                GPDMA2_Channel7_IRQHandler
                0x08004008                I2C2_ER_IRQHandler
                0x08004008                TIM8_BRK_IRQHandler
                0x08004008                FLASH_IRQHandler
                0x08004008                USART1_IRQHandler
                0x08004008                EXTI10_IRQHandler
                0x08004008                SPI3_IRQHandler
                0x08004008                I2C1_ER_IRQHandler
                0x08004008                FMC_IRQHandler
                0x08004008                EXTI6_IRQHandler
                0x08004008                LPTIM1_IRQHandler
                0x08004008                DCMI_PSSI_IRQHandler
                0x08004008                I2C4_ER_IRQHandler
                0x08004008                ICACHE_IRQHandler
                0x08004008                SAI1_IRQHandler
                0x08004008                HASH_IRQHandler
 *fill*         0x0800400a        0x2 
 .text.HAL_Init
                0x0800400c       0x50 ./Drivers/STM32H5xx_HAL_Driver/Src/stm32h5xx_hal.o
                0x0800400c                HAL_Init
 .text.HAL_InitTick
                0x0800405c       0xec ./Drivers/STM32H5xx_HAL_Driver/Src/stm32h5xx_hal.o
                0x0800405c                HAL_InitTick
 .text.HAL_IncTick
                0x08004148       0x28 ./Drivers/STM32H5xx_HAL_Driver/Src/stm32h5xx_hal.o
                0x08004148                HAL_IncTick
 .text.HAL_GetTick
                0x08004170       0x18 ./Drivers/STM32H5xx_HAL_Driver/Src/stm32h5xx_hal.o
                0x08004170                HAL_GetTick
 .text.HAL_Delay
                0x08004188       0x48 ./Drivers/STM32H5xx_HAL_Driver/Src/stm32h5xx_hal.o
                0x08004188                HAL_Delay
 .text.LL_ADC_SetCommonClock
                0x080041d0       0x26 ./Drivers/STM32H5xx_HAL_Driver/Src/stm32h5xx_hal_adc.o
 .text.LL_ADC_SetCommonPathInternalCh
                0x080041f6       0x26 ./Drivers/STM32H5xx_HAL_Driver/Src/stm32h5xx_hal_adc.o
 .text.LL_ADC_GetCommonPathInternalCh
                0x0800421c       0x1c ./Drivers/STM32H5xx_HAL_Driver/Src/stm32h5xx_hal_adc.o
 .text.LL_ADC_EnableChannelVDDcore
                0x08004238       0x24 ./Drivers/STM32H5xx_HAL_Driver/Src/stm32h5xx_hal_adc.o
 .text.LL_ADC_EnableChannel0_GPIO
                0x0800425c       0x28 ./Drivers/STM32H5xx_HAL_Driver/Src/stm32h5xx_hal_adc.o
 .text.LL_ADC_SetOffset
                0x08004284       0x48 ./Drivers/STM32H5xx_HAL_Driver/Src/stm32h5xx_hal_adc.o
 .text.LL_ADC_GetOffsetChannel
                0x080042cc       0x2c ./Drivers/STM32H5xx_HAL_Driver/Src/stm32h5xx_hal_adc.o
 .text.LL_ADC_SetOffsetState
                0x080042f8       0x36 ./Drivers/STM32H5xx_HAL_Driver/Src/stm32h5xx_hal_adc.o
 .text.LL_ADC_SetOffsetSign
                0x0800432e       0x36 ./Drivers/STM32H5xx_HAL_Driver/Src/stm32h5xx_hal_adc.o
 .text.LL_ADC_SetOffsetSaturation
                0x08004364       0x36 ./Drivers/STM32H5xx_HAL_Driver/Src/stm32h5xx_hal_adc.o
 .text.LL_ADC_SetSamplingTimeCommonConfig
                0x0800439a       0x26 ./Drivers/STM32H5xx_HAL_Driver/Src/stm32h5xx_hal_adc.o
 .text.LL_ADC_REG_SetSequencerRanks
                0x080043c0       0x58 ./Drivers/STM32H5xx_HAL_Driver/Src/stm32h5xx_hal_adc.o
 .text.LL_ADC_SetChannelSamplingTime
                0x08004418       0x56 ./Drivers/STM32H5xx_HAL_Driver/Src/stm32h5xx_hal_adc.o
 *fill*         0x0800446e        0x2 
 .text.LL_ADC_SetChannelSingleDiff
                0x08004470       0x48 ./Drivers/STM32H5xx_HAL_Driver/Src/stm32h5xx_hal_adc.o
 .text.LL_ADC_DisableDeepPowerDown
                0x080044b8       0x24 ./Drivers/STM32H5xx_HAL_Driver/Src/stm32h5xx_hal_adc.o
 .text.LL_ADC_IsDeepPowerDownEnabled
                0x080044dc       0x28 ./Drivers/STM32H5xx_HAL_Driver/Src/stm32h5xx_hal_adc.o
 .text.LL_ADC_EnableInternalRegulator
                0x08004504       0x28 ./Drivers/STM32H5xx_HAL_Driver/Src/stm32h5xx_hal_adc.o
 .text.LL_ADC_IsInternalRegulatorEnabled
                0x0800452c       0x28 ./Drivers/STM32H5xx_HAL_Driver/Src/stm32h5xx_hal_adc.o
 .text.LL_ADC_IsEnabled
                0x08004554       0x26 ./Drivers/STM32H5xx_HAL_Driver/Src/stm32h5xx_hal_adc.o
 .text.LL_ADC_REG_IsConversionOngoing
                0x0800457a       0x26 ./Drivers/STM32H5xx_HAL_Driver/Src/stm32h5xx_hal_adc.o
 .text.LL_ADC_INJ_IsConversionOngoing
                0x080045a0       0x26 ./Drivers/STM32H5xx_HAL_Driver/Src/stm32h5xx_hal_adc.o
 *fill*         0x080045c6        0x2 
 .text.HAL_ADC_Init
                0x080045c8      0x2a8 ./Drivers/STM32H5xx_HAL_Driver/Src/stm32h5xx_hal_adc.o
                0x080045c8                HAL_ADC_Init
 .text.HAL_ADC_ConfigChannel
                0x08004870      0x820 ./Drivers/STM32H5xx_HAL_Driver/Src/stm32h5xx_hal_adc.o
                0x08004870                HAL_ADC_ConfigChannel
 .text.__NVIC_SetPriorityGrouping
                0x08005090       0x48 ./Drivers/STM32H5xx_HAL_Driver/Src/stm32h5xx_hal_cortex.o
 .text.__NVIC_GetPriorityGrouping
                0x080050d8       0x1c ./Drivers/STM32H5xx_HAL_Driver/Src/stm32h5xx_hal_cortex.o
 .text.__NVIC_EnableIRQ
                0x080050f4       0x3c ./Drivers/STM32H5xx_HAL_Driver/Src/stm32h5xx_hal_cortex.o
 .text.__NVIC_SetPriority
                0x08005130       0x54 ./Drivers/STM32H5xx_HAL_Driver/Src/stm32h5xx_hal_cortex.o
 .text.NVIC_EncodePriority
                0x08005184       0x66 ./Drivers/STM32H5xx_HAL_Driver/Src/stm32h5xx_hal_cortex.o
 .text.HAL_NVIC_SetPriorityGrouping
                0x080051ea       0x16 ./Drivers/STM32H5xx_HAL_Driver/Src/stm32h5xx_hal_cortex.o
                0x080051ea                HAL_NVIC_SetPriorityGrouping
 .text.HAL_NVIC_SetPriority
                0x08005200       0x34 ./Drivers/STM32H5xx_HAL_Driver/Src/stm32h5xx_hal_cortex.o
                0x08005200                HAL_NVIC_SetPriority
 .text.HAL_NVIC_EnableIRQ
                0x08005234       0x1c ./Drivers/STM32H5xx_HAL_Driver/Src/stm32h5xx_hal_cortex.o
                0x08005234                HAL_NVIC_EnableIRQ
 .text.HAL_SYSTICK_Config
                0x08005250       0x44 ./Drivers/STM32H5xx_HAL_Driver/Src/stm32h5xx_hal_cortex.o
                0x08005250                HAL_SYSTICK_Config
 .text.HAL_SYSTICK_CLKSourceConfig
                0x08005294       0xb0 ./Drivers/STM32H5xx_HAL_Driver/Src/stm32h5xx_hal_cortex.o
                0x08005294                HAL_SYSTICK_CLKSourceConfig
 .text.HAL_SYSTICK_GetCLKSourceConfig
                0x08005344       0x6c ./Drivers/STM32H5xx_HAL_Driver/Src/stm32h5xx_hal_cortex.o
                0x08005344                HAL_SYSTICK_GetCLKSourceConfig
 .text.HAL_DCACHE_Init
                0x080053b0       0xa4 ./Drivers/STM32H5xx_HAL_Driver/Src/stm32h5xx_hal_dcache.o
                0x080053b0                HAL_DCACHE_Init
 .text.HAL_DCACHE_Enable
                0x08005454       0x4e ./Drivers/STM32H5xx_HAL_Driver/Src/stm32h5xx_hal_dcache.o
                0x08005454                HAL_DCACHE_Enable
 .text.HAL_DCACHE_CleanByAddrCallback
                0x080054a2       0x14 ./Drivers/STM32H5xx_HAL_Driver/Src/stm32h5xx_hal_dcache.o
                0x080054a2                HAL_DCACHE_CleanByAddrCallback
 .text.HAL_DCACHE_InvalidateByAddrCallback
                0x080054b6       0x14 ./Drivers/STM32H5xx_HAL_Driver/Src/stm32h5xx_hal_dcache.o
                0x080054b6                HAL_DCACHE_InvalidateByAddrCallback
 .text.HAL_DCACHE_CleanAndInvalidateByAddrCallback
                0x080054ca       0x14 ./Drivers/STM32H5xx_HAL_Driver/Src/stm32h5xx_hal_dcache.o
                0x080054ca                HAL_DCACHE_CleanAndInvalidateByAddrCallback
 .text.HAL_DCACHE_InvalidateCompleteCallback
                0x080054de       0x14 ./Drivers/STM32H5xx_HAL_Driver/Src/stm32h5xx_hal_dcache.o
                0x080054de                HAL_DCACHE_InvalidateCompleteCallback
 .text.HAL_DCACHE_ErrorCallback
                0x080054f2       0x14 ./Drivers/STM32H5xx_HAL_Driver/Src/stm32h5xx_hal_dcache.o
                0x080054f2                HAL_DCACHE_ErrorCallback
 *fill*         0x08005506        0x2 
 .text.HAL_DMA_Init
                0x08005508      0x284 ./Drivers/STM32H5xx_HAL_Driver/Src/stm32h5xx_hal_dma.o
                0x08005508                HAL_DMA_Init
 .text.HAL_DMA_Start_IT
                0x0800578c       0xcc ./Drivers/STM32H5xx_HAL_Driver/Src/stm32h5xx_hal_dma.o
                0x0800578c                HAL_DMA_Start_IT
 .text.HAL_DMA_Abort
                0x08005858       0xf8 ./Drivers/STM32H5xx_HAL_Driver/Src/stm32h5xx_hal_dma.o
                0x08005858                HAL_DMA_Abort
 .text.HAL_DMA_Abort_IT
                0x08005950       0x52 ./Drivers/STM32H5xx_HAL_Driver/Src/stm32h5xx_hal_dma.o
                0x08005950                HAL_DMA_Abort_IT
 .text.HAL_DMA_IRQHandler
                0x080059a2      0x2c2 ./Drivers/STM32H5xx_HAL_Driver/Src/stm32h5xx_hal_dma.o
                0x080059a2                HAL_DMA_IRQHandler
 .text.HAL_DMA_ConfigChannelAttributes
                0x08005c64       0x78 ./Drivers/STM32H5xx_HAL_Driver/Src/stm32h5xx_hal_dma.o
                0x08005c64                HAL_DMA_ConfigChannelAttributes
 .text.DMA_SetConfig
                0x08005cdc       0x4a ./Drivers/STM32H5xx_HAL_Driver/Src/stm32h5xx_hal_dma.o
 *fill*         0x08005d26        0x2 
 .text.DMA_Init
                0x08005d28      0x508 ./Drivers/STM32H5xx_HAL_Driver/Src/stm32h5xx_hal_dma.o
 .text.HAL_DMAEx_List_Start_IT
                0x08006230      0x134 ./Drivers/STM32H5xx_HAL_Driver/Src/stm32h5xx_hal_dma_ex.o
                0x08006230                HAL_DMAEx_List_Start_IT
 .text.DMA_List_GetCLLRNodeInfo
                0x08006364       0x60 ./Drivers/STM32H5xx_HAL_Driver/Src/stm32h5xx_hal_dma_ex.o
 .text.HAL_GPIO_Init
                0x080063c4      0x2bc ./Drivers/STM32H5xx_HAL_Driver/Src/stm32h5xx_hal_gpio.o
                0x080063c4                HAL_GPIO_Init
 .text.HAL_GPIO_ReadPin
                0x08006680       0x30 ./Drivers/STM32H5xx_HAL_Driver/Src/stm32h5xx_hal_gpio.o
                0x08006680                HAL_GPIO_ReadPin
 .text.HAL_GPIO_WritePin
                0x080066b0       0x30 ./Drivers/STM32H5xx_HAL_Driver/Src/stm32h5xx_hal_gpio.o
                0x080066b0                HAL_GPIO_WritePin
 .text.HAL_GPIO_EXTI_IRQHandler
                0x080066e0       0x4c ./Drivers/STM32H5xx_HAL_Driver/Src/stm32h5xx_hal_gpio.o
                0x080066e0                HAL_GPIO_EXTI_IRQHandler
 .text.HAL_GPIO_EXTI_Rising_Callback
                0x0800672c       0x16 ./Drivers/STM32H5xx_HAL_Driver/Src/stm32h5xx_hal_gpio.o
                0x0800672c                HAL_GPIO_EXTI_Rising_Callback
 *fill*         0x08006742        0x2 
 .text.HAL_ICACHE_Enable
                0x08006744       0x20 ./Drivers/STM32H5xx_HAL_Driver/Src/stm32h5xx_hal_icache.o
                0x08006744                HAL_ICACHE_Enable
 .text.HAL_PWREx_DisableUCPDDeadBattery
                0x08006764       0x20 ./Drivers/STM32H5xx_HAL_Driver/Src/stm32h5xx_hal_pwr_ex.o
                0x08006764                HAL_PWREx_DisableUCPDDeadBattery
 .text.HAL_RCC_OscConfig
                0x08006784      0x870 ./Drivers/STM32H5xx_HAL_Driver/Src/stm32h5xx_hal_rcc.o
                0x08006784                HAL_RCC_OscConfig
 .text.HAL_RCC_ClockConfig
                0x08006ff4      0x370 ./Drivers/STM32H5xx_HAL_Driver/Src/stm32h5xx_hal_rcc.o
                0x08006ff4                HAL_RCC_ClockConfig
 .text.HAL_RCC_GetSysClockFreq
                0x08007364      0x258 ./Drivers/STM32H5xx_HAL_Driver/Src/stm32h5xx_hal_rcc.o
                0x08007364                HAL_RCC_GetSysClockFreq
 .text.HAL_RCC_GetHCLKFreq
                0x080075bc       0x38 ./Drivers/STM32H5xx_HAL_Driver/Src/stm32h5xx_hal_rcc.o
                0x080075bc                HAL_RCC_GetHCLKFreq
 .text.HAL_RCC_GetPCLK1Freq
                0x080075f4       0x2c ./Drivers/STM32H5xx_HAL_Driver/Src/stm32h5xx_hal_rcc.o
                0x080075f4                HAL_RCC_GetPCLK1Freq
 .text.HAL_RCC_GetPCLK2Freq
                0x08007620       0x2c ./Drivers/STM32H5xx_HAL_Driver/Src/stm32h5xx_hal_rcc.o
                0x08007620                HAL_RCC_GetPCLK2Freq
 .text.HAL_RCC_GetPCLK3Freq
                0x0800764c       0x2c ./Drivers/STM32H5xx_HAL_Driver/Src/stm32h5xx_hal_rcc.o
                0x0800764c                HAL_RCC_GetPCLK3Freq
 .text.HAL_RCCEx_PeriphCLKConfig
                0x08007678     0x1e8c ./Drivers/STM32H5xx_HAL_Driver/Src/stm32h5xx_hal_rcc_ex.o
                0x08007678                HAL_RCCEx_PeriphCLKConfig
 .text.HAL_RCCEx_GetPLL1ClockFreq
                0x08009504      0x2d8 ./Drivers/STM32H5xx_HAL_Driver/Src/stm32h5xx_hal_rcc_ex.o
                0x08009504                HAL_RCCEx_GetPLL1ClockFreq
 .text.HAL_RCCEx_GetPLL2ClockFreq
                0x080097dc      0x2d8 ./Drivers/STM32H5xx_HAL_Driver/Src/stm32h5xx_hal_rcc_ex.o
                0x080097dc                HAL_RCCEx_GetPLL2ClockFreq
 .text.HAL_RCCEx_GetPLL3ClockFreq
                0x08009ab4      0x2d8 ./Drivers/STM32H5xx_HAL_Driver/Src/stm32h5xx_hal_rcc_ex.o
                0x08009ab4                HAL_RCCEx_GetPLL3ClockFreq
 .text.HAL_RCCEx_GetPeriphCLKFreq
                0x08009d8c     0x264c ./Drivers/STM32H5xx_HAL_Driver/Src/stm32h5xx_hal_rcc_ex.o
                0x08009d8c                HAL_RCCEx_GetPeriphCLKFreq
 .text.RCCEx_PLL2_Config
                0x0800c3d8      0x130 ./Drivers/STM32H5xx_HAL_Driver/Src/stm32h5xx_hal_rcc_ex.o
 .text.RCCEx_PLL3_Config
                0x0800c508      0x130 ./Drivers/STM32H5xx_HAL_Driver/Src/stm32h5xx_hal_rcc_ex.o
 .text.HAL_TIM_Base_Init
                0x0800c638       0xae ./Drivers/STM32H5xx_HAL_Driver/Src/stm32h5xx_hal_tim.o
                0x0800c638                HAL_TIM_Base_Init
 *fill*         0x0800c6e6        0x2 
 .text.HAL_TIM_Base_Start_IT
                0x0800c6e8      0x15c ./Drivers/STM32H5xx_HAL_Driver/Src/stm32h5xx_hal_tim.o
                0x0800c6e8                HAL_TIM_Base_Start_IT
 .text.HAL_TIM_Base_Stop_IT
                0x0800c844       0x5e ./Drivers/STM32H5xx_HAL_Driver/Src/stm32h5xx_hal_tim.o
                0x0800c844                HAL_TIM_Base_Stop_IT
 .text.HAL_TIM_PWM_Init
                0x0800c8a2       0xae ./Drivers/STM32H5xx_HAL_Driver/Src/stm32h5xx_hal_tim.o
                0x0800c8a2                HAL_TIM_PWM_Init
 .text.HAL_TIM_PWM_MspInit
                0x0800c950       0x14 ./Drivers/STM32H5xx_HAL_Driver/Src/stm32h5xx_hal_tim.o
                0x0800c950                HAL_TIM_PWM_MspInit
 .text.HAL_TIM_PWM_Start_DMA
                0x0800c964      0x50c ./Drivers/STM32H5xx_HAL_Driver/Src/stm32h5xx_hal_tim.o
                0x0800c964                HAL_TIM_PWM_Start_DMA
 .text.HAL_TIM_PWM_Stop_DMA
                0x0800ce70      0x234 ./Drivers/STM32H5xx_HAL_Driver/Src/stm32h5xx_hal_tim.o
                0x0800ce70                HAL_TIM_PWM_Stop_DMA
 .text.HAL_TIM_IRQHandler
                0x0800d0a4      0x29e ./Drivers/STM32H5xx_HAL_Driver/Src/stm32h5xx_hal_tim.o
                0x0800d0a4                HAL_TIM_IRQHandler
 *fill*         0x0800d342        0x2 
 .text.HAL_TIM_PWM_ConfigChannel
                0x0800d344      0x228 ./Drivers/STM32H5xx_HAL_Driver/Src/stm32h5xx_hal_tim.o
                0x0800d344                HAL_TIM_PWM_ConfigChannel
 .text.HAL_TIM_ConfigClockSource
                0x0800d56c      0x23c ./Drivers/STM32H5xx_HAL_Driver/Src/stm32h5xx_hal_tim.o
                0x0800d56c                HAL_TIM_ConfigClockSource
 .text.TIM_DMA_Start_IT
                0x0800d7a8       0x76 ./Drivers/STM32H5xx_HAL_Driver/Src/stm32h5xx_hal_tim.o
                0x0800d7a8                TIM_DMA_Start_IT
 .text.HAL_TIM_OC_DelayElapsedCallback
                0x0800d81e       0x14 ./Drivers/STM32H5xx_HAL_Driver/Src/stm32h5xx_hal_tim.o
                0x0800d81e                HAL_TIM_OC_DelayElapsedCallback
 .text.HAL_TIM_IC_CaptureCallback
                0x0800d832       0x14 ./Drivers/STM32H5xx_HAL_Driver/Src/stm32h5xx_hal_tim.o
                0x0800d832                HAL_TIM_IC_CaptureCallback
 .text.HAL_TIM_PWM_PulseFinishedHalfCpltCallback
                0x0800d846       0x14 ./Drivers/STM32H5xx_HAL_Driver/Src/stm32h5xx_hal_tim.o
                0x0800d846                HAL_TIM_PWM_PulseFinishedHalfCpltCallback
 .text.HAL_TIM_TriggerCallback
                0x0800d85a       0x14 ./Drivers/STM32H5xx_HAL_Driver/Src/stm32h5xx_hal_tim.o
                0x0800d85a                HAL_TIM_TriggerCallback
 .text.HAL_TIM_ErrorCallback
                0x0800d86e       0x14 ./Drivers/STM32H5xx_HAL_Driver/Src/stm32h5xx_hal_tim.o
                0x0800d86e                HAL_TIM_ErrorCallback
 .text.TIM_DMAError
                0x0800d882       0x92 ./Drivers/STM32H5xx_HAL_Driver/Src/stm32h5xx_hal_tim.o
                0x0800d882                TIM_DMAError
 .text.TIM_DMADelayPulseCplt
                0x0800d914       0x68 ./Drivers/STM32H5xx_HAL_Driver/Src/stm32h5xx_hal_tim.o
 .text.TIM_DMADelayPulseHalfCplt
                0x0800d97c       0x68 ./Drivers/STM32H5xx_HAL_Driver/Src/stm32h5xx_hal_tim.o
                0x0800d97c                TIM_DMADelayPulseHalfCplt
 .text.TIM_Base_SetConfig
                0x0800d9e4      0x254 ./Drivers/STM32H5xx_HAL_Driver/Src/stm32h5xx_hal_tim.o
                0x0800d9e4                TIM_Base_SetConfig
 .text.TIM_OC1_SetConfig
                0x0800dc38      0x184 ./Drivers/STM32H5xx_HAL_Driver/Src/stm32h5xx_hal_tim.o
 .text.TIM_OC2_SetConfig
                0x0800ddbc      0x160 ./Drivers/STM32H5xx_HAL_Driver/Src/stm32h5xx_hal_tim.o
                0x0800ddbc                TIM_OC2_SetConfig
 .text.TIM_OC3_SetConfig
                0x0800df1c      0x15c ./Drivers/STM32H5xx_HAL_Driver/Src/stm32h5xx_hal_tim.o
 .text.TIM_OC4_SetConfig
                0x0800e078      0x160 ./Drivers/STM32H5xx_HAL_Driver/Src/stm32h5xx_hal_tim.o
 .text.TIM_OC5_SetConfig
                0x0800e1d8      0x104 ./Drivers/STM32H5xx_HAL_Driver/Src/stm32h5xx_hal_tim.o
 .text.TIM_OC6_SetConfig
                0x0800e2dc      0x108 ./Drivers/STM32H5xx_HAL_Driver/Src/stm32h5xx_hal_tim.o
 .text.TIM_TI1_ConfigInputStage
                0x0800e3e4       0x5e ./Drivers/STM32H5xx_HAL_Driver/Src/stm32h5xx_hal_tim.o
 .text.TIM_TI2_ConfigInputStage
                0x0800e442       0x60 ./Drivers/STM32H5xx_HAL_Driver/Src/stm32h5xx_hal_tim.o
 .text.TIM_ITRx_SetConfig
                0x0800e4a2       0x3a ./Drivers/STM32H5xx_HAL_Driver/Src/stm32h5xx_hal_tim.o
 .text.TIM_ETR_SetConfig
                0x0800e4dc       0x40 ./Drivers/STM32H5xx_HAL_Driver/Src/stm32h5xx_hal_tim.o
                0x0800e4dc                TIM_ETR_SetConfig
 .text.TIM_CCxChannelCmd
                0x0800e51c       0x4a ./Drivers/STM32H5xx_HAL_Driver/Src/stm32h5xx_hal_tim.o
                0x0800e51c                TIM_CCxChannelCmd
 *fill*         0x0800e566        0x2 
 .text.HAL_TIMEx_MasterConfigSynchronization
                0x0800e568      0x1a0 ./Drivers/STM32H5xx_HAL_Driver/Src/stm32h5xx_hal_tim_ex.o
                0x0800e568                HAL_TIMEx_MasterConfigSynchronization
 .text.HAL_TIMEx_CommutCallback
                0x0800e708       0x14 ./Drivers/STM32H5xx_HAL_Driver/Src/stm32h5xx_hal_tim_ex.o
                0x0800e708                HAL_TIMEx_CommutCallback
 .text.HAL_TIMEx_BreakCallback
                0x0800e71c       0x14 ./Drivers/STM32H5xx_HAL_Driver/Src/stm32h5xx_hal_tim_ex.o
                0x0800e71c                HAL_TIMEx_BreakCallback
 .text.HAL_TIMEx_Break2Callback
                0x0800e730       0x14 ./Drivers/STM32H5xx_HAL_Driver/Src/stm32h5xx_hal_tim_ex.o
                0x0800e730                HAL_TIMEx_Break2Callback
 .text.HAL_TIMEx_EncoderIndexCallback
                0x0800e744       0x14 ./Drivers/STM32H5xx_HAL_Driver/Src/stm32h5xx_hal_tim_ex.o
                0x0800e744                HAL_TIMEx_EncoderIndexCallback
 .text.HAL_TIMEx_DirectionChangeCallback
                0x0800e758       0x14 ./Drivers/STM32H5xx_HAL_Driver/Src/stm32h5xx_hal_tim_ex.o
                0x0800e758                HAL_TIMEx_DirectionChangeCallback
 .text.HAL_TIMEx_IndexErrorCallback
                0x0800e76c       0x14 ./Drivers/STM32H5xx_HAL_Driver/Src/stm32h5xx_hal_tim_ex.o
                0x0800e76c                HAL_TIMEx_IndexErrorCallback
 .text.HAL_TIMEx_TransitionErrorCallback
                0x0800e780       0x14 ./Drivers/STM32H5xx_HAL_Driver/Src/stm32h5xx_hal_tim_ex.o
                0x0800e780                HAL_TIMEx_TransitionErrorCallback
 .text.HAL_UART_Init
                0x0800e794       0xa0 ./Drivers/STM32H5xx_HAL_Driver/Src/stm32h5xx_hal_uart.o
                0x0800e794                HAL_UART_Init
 .text.HAL_UART_Receive_IT
                0x0800e834       0xc4 ./Drivers/STM32H5xx_HAL_Driver/Src/stm32h5xx_hal_uart.o
                0x0800e834                HAL_UART_Receive_IT
 .text.HAL_UART_Transmit_DMA
                0x0800e8f8      0x190 ./Drivers/STM32H5xx_HAL_Driver/Src/stm32h5xx_hal_uart.o
                0x0800e8f8                HAL_UART_Transmit_DMA
 .text.HAL_UART_IRQHandler
                0x0800ea88      0x5dc ./Drivers/STM32H5xx_HAL_Driver/Src/stm32h5xx_hal_uart.o
                0x0800ea88                HAL_UART_IRQHandler
 .text.HAL_UART_TxHalfCpltCallback
                0x0800f064       0x14 ./Drivers/STM32H5xx_HAL_Driver/Src/stm32h5xx_hal_uart.o
                0x0800f064                HAL_UART_TxHalfCpltCallback
 .text.HAL_UART_ErrorCallback
                0x0800f078       0x14 ./Drivers/STM32H5xx_HAL_Driver/Src/stm32h5xx_hal_uart.o
                0x0800f078                HAL_UART_ErrorCallback
 .text.HAL_UARTEx_RxEventCallback
                0x0800f08c       0x18 ./Drivers/STM32H5xx_HAL_Driver/Src/stm32h5xx_hal_uart.o
                0x0800f08c                HAL_UARTEx_RxEventCallback
 .text.UART_SetConfig
                0x0800f0a4      0x3dc ./Drivers/STM32H5xx_HAL_Driver/Src/stm32h5xx_hal_uart.o
                0x0800f0a4                UART_SetConfig
 .text.UART_AdvFeatureConfig
                0x0800f480      0x144 ./Drivers/STM32H5xx_HAL_Driver/Src/stm32h5xx_hal_uart.o
                0x0800f480                UART_AdvFeatureConfig
 .text.UART_CheckIdleState
                0x0800f5c4      0x154 ./Drivers/STM32H5xx_HAL_Driver/Src/stm32h5xx_hal_uart.o
                0x0800f5c4                UART_CheckIdleState
 .text.UART_WaitOnFlagUntilTimeout
                0x0800f718       0xda ./Drivers/STM32H5xx_HAL_Driver/Src/stm32h5xx_hal_uart.o
                0x0800f718                UART_WaitOnFlagUntilTimeout
 *fill*         0x0800f7f2        0x2 
 .text.UART_Start_Receive_IT
                0x0800f7f4      0x244 ./Drivers/STM32H5xx_HAL_Driver/Src/stm32h5xx_hal_uart.o
                0x0800f7f4                UART_Start_Receive_IT
 .text.UART_EndTxTransfer
                0x0800fa38       0x82 ./Drivers/STM32H5xx_HAL_Driver/Src/stm32h5xx_hal_uart.o
 .text.UART_EndRxTransfer
                0x0800faba       0xcc ./Drivers/STM32H5xx_HAL_Driver/Src/stm32h5xx_hal_uart.o
 .text.UART_DMATransmitCplt
                0x0800fb86       0x60 ./Drivers/STM32H5xx_HAL_Driver/Src/stm32h5xx_hal_uart.o
 .text.UART_DMATxHalfCplt
                0x0800fbe6       0x1c ./Drivers/STM32H5xx_HAL_Driver/Src/stm32h5xx_hal_uart.o
 .text.UART_DMAError
                0x0800fc02       0x80 ./Drivers/STM32H5xx_HAL_Driver/Src/stm32h5xx_hal_uart.o
 .text.UART_DMAAbortOnError
                0x0800fc82       0x24 ./Drivers/STM32H5xx_HAL_Driver/Src/stm32h5xx_hal_uart.o
 .text.UART_EndTransmit_IT
                0x0800fca6       0x56 ./Drivers/STM32H5xx_HAL_Driver/Src/stm32h5xx_hal_uart.o
 .text.UART_RxISR_8BIT
                0x0800fcfc      0x1c4 ./Drivers/STM32H5xx_HAL_Driver/Src/stm32h5xx_hal_uart.o
 .text.UART_RxISR_16BIT
                0x0800fec0      0x1c4 ./Drivers/STM32H5xx_HAL_Driver/Src/stm32h5xx_hal_uart.o
 .text.UART_RxISR_8BIT_FIFOEN
                0x08010084      0x370 ./Drivers/STM32H5xx_HAL_Driver/Src/stm32h5xx_hal_uart.o
 .text.UART_RxISR_16BIT_FIFOEN
                0x080103f4      0x378 ./Drivers/STM32H5xx_HAL_Driver/Src/stm32h5xx_hal_uart.o
 .text.HAL_UARTEx_WakeupCallback
                0x0801076c       0x14 ./Drivers/STM32H5xx_HAL_Driver/Src/stm32h5xx_hal_uart_ex.o
                0x0801076c                HAL_UARTEx_WakeupCallback
 .text.HAL_UARTEx_RxFifoFullCallback
                0x08010780       0x14 ./Drivers/STM32H5xx_HAL_Driver/Src/stm32h5xx_hal_uart_ex.o
                0x08010780                HAL_UARTEx_RxFifoFullCallback
 .text.HAL_UARTEx_TxFifoEmptyCallback
                0x08010794       0x14 ./Drivers/STM32H5xx_HAL_Driver/Src/stm32h5xx_hal_uart_ex.o
                0x08010794                HAL_UARTEx_TxFifoEmptyCallback
 .text.HAL_UARTEx_DisableFifoMode
                0x080107a8       0x72 ./Drivers/STM32H5xx_HAL_Driver/Src/stm32h5xx_hal_uart_ex.o
                0x080107a8                HAL_UARTEx_DisableFifoMode
 .text.HAL_UARTEx_SetTxFifoThreshold
                0x0801081a       0x7c ./Drivers/STM32H5xx_HAL_Driver/Src/stm32h5xx_hal_uart_ex.o
                0x0801081a                HAL_UARTEx_SetTxFifoThreshold
 .text.HAL_UARTEx_SetRxFifoThreshold
                0x08010896       0x7c ./Drivers/STM32H5xx_HAL_Driver/Src/stm32h5xx_hal_uart_ex.o
                0x08010896                HAL_UARTEx_SetRxFifoThreshold
 *fill*         0x08010912        0x2 
 .text.UARTEx_SetNbDataToProcess
                0x08010914       0x9c ./Drivers/STM32H5xx_HAL_Driver/Src/stm32h5xx_hal_uart_ex.o
 .text.rand     0x080109b0       0x7c E:/STM_FILES/STM32CubeIDE_1.19.0/STM32CubeIDE/plugins/com.st.stm32cube.ide.mcu.externaltools.gnu-tools-for-stm32.13.3.rel1.win32_1.0.0.202411081344/tools/bin/../lib/gcc/arm-none-eabi/13.3.1/../../../../arm-none-eabi/lib/thumb/v8-m.main+fp/hard\libc_nano.a(libc_a-rand.o)
                0x080109b0                rand
 .text.std      0x08010a2c       0x6c E:/STM_FILES/STM32CubeIDE_1.19.0/STM32CubeIDE/plugins/com.st.stm32cube.ide.mcu.externaltools.gnu-tools-for-stm32.13.3.rel1.win32_1.0.0.202411081344/tools/bin/../lib/gcc/arm-none-eabi/13.3.1/../../../../arm-none-eabi/lib/thumb/v8-m.main+fp/hard\libc_nano.a(libc_a-findfp.o)
 .text.stdio_exit_handler
                0x08010a98       0x18 E:/STM_FILES/STM32CubeIDE_1.19.0/STM32CubeIDE/plugins/com.st.stm32cube.ide.mcu.externaltools.gnu-tools-for-stm32.13.3.rel1.win32_1.0.0.202411081344/tools/bin/../lib/gcc/arm-none-eabi/13.3.1/../../../../arm-none-eabi/lib/thumb/v8-m.main+fp/hard\libc_nano.a(libc_a-findfp.o)
 .text.cleanup_stdio
                0x08010ab0       0x40 E:/STM_FILES/STM32CubeIDE_1.19.0/STM32CubeIDE/plugins/com.st.stm32cube.ide.mcu.externaltools.gnu-tools-for-stm32.13.3.rel1.win32_1.0.0.202411081344/tools/bin/../lib/gcc/arm-none-eabi/13.3.1/../../../../arm-none-eabi/lib/thumb/v8-m.main+fp/hard\libc_nano.a(libc_a-findfp.o)
 .text.global_stdio_init.part.0
                0x08010af0       0x3c E:/STM_FILES/STM32CubeIDE_1.19.0/STM32CubeIDE/plugins/com.st.stm32cube.ide.mcu.externaltools.gnu-tools-for-stm32.13.3.rel1.win32_1.0.0.202411081344/tools/bin/../lib/gcc/arm-none-eabi/13.3.1/../../../../arm-none-eabi/lib/thumb/v8-m.main+fp/hard\libc_nano.a(libc_a-findfp.o)
 .text.__sfp_lock_acquire
                0x08010b2c        0xc E:/STM_FILES/STM32CubeIDE_1.19.0/STM32CubeIDE/plugins/com.st.stm32cube.ide.mcu.externaltools.gnu-tools-for-stm32.13.3.rel1.win32_1.0.0.202411081344/tools/bin/../lib/gcc/arm-none-eabi/13.3.1/../../../../arm-none-eabi/lib/thumb/v8-m.main+fp/hard\libc_nano.a(libc_a-findfp.o)
                0x08010b2c                __sfp_lock_acquire
 .text.__sfp_lock_release
                0x08010b38        0xc E:/STM_FILES/STM32CubeIDE_1.19.0/STM32CubeIDE/plugins/com.st.stm32cube.ide.mcu.externaltools.gnu-tools-for-stm32.13.3.rel1.win32_1.0.0.202411081344/tools/bin/../lib/gcc/arm-none-eabi/13.3.1/../../../../arm-none-eabi/lib/thumb/v8-m.main+fp/hard\libc_nano.a(libc_a-findfp.o)
                0x08010b38                __sfp_lock_release
 .text.__sinit  0x08010b44       0x30 E:/STM_FILES/STM32CubeIDE_1.19.0/STM32CubeIDE/plugins/com.st.stm32cube.ide.mcu.externaltools.gnu-tools-for-stm32.13.3.rel1.win32_1.0.0.202411081344/tools/bin/../lib/gcc/arm-none-eabi/13.3.1/../../../../arm-none-eabi/lib/thumb/v8-m.main+fp/hard\libc_nano.a(libc_a-findfp.o)
                0x08010b44                __sinit
 .text._fwalk_sglue
                0x08010b74       0x3c E:/STM_FILES/STM32CubeIDE_1.19.0/STM32CubeIDE/plugins/com.st.stm32cube.ide.mcu.externaltools.gnu-tools-for-stm32.13.3.rel1.win32_1.0.0.202411081344/tools/bin/../lib/gcc/arm-none-eabi/13.3.1/../../../../arm-none-eabi/lib/thumb/v8-m.main+fp/hard\libc_nano.a(libc_a-fwalk.o)
                0x08010b74                _fwalk_sglue
 .text.printf   0x08010bb0       0x24 E:/STM_FILES/STM32CubeIDE_1.19.0/STM32CubeIDE/plugins/com.st.stm32cube.ide.mcu.externaltools.gnu-tools-for-stm32.13.3.rel1.win32_1.0.0.202411081344/tools/bin/../lib/gcc/arm-none-eabi/13.3.1/../../../../arm-none-eabi/lib/thumb/v8-m.main+fp/hard\libc_nano.a(libc_a-printf.o)
                0x08010bb0                iprintf
                0x08010bb0                printf
 .text._puts_r  0x08010bd4       0xaa E:/STM_FILES/STM32CubeIDE_1.19.0/STM32CubeIDE/plugins/com.st.stm32cube.ide.mcu.externaltools.gnu-tools-for-stm32.13.3.rel1.win32_1.0.0.202411081344/tools/bin/../lib/gcc/arm-none-eabi/13.3.1/../../../../arm-none-eabi/lib/thumb/v8-m.main+fp/hard\libc_nano.a(libc_a-puts.o)
                0x08010bd4                _puts_r
 *fill*         0x08010c7e        0x2 
 .text.puts     0x08010c80       0x10 E:/STM_FILES/STM32CubeIDE_1.19.0/STM32CubeIDE/plugins/com.st.stm32cube.ide.mcu.externaltools.gnu-tools-for-stm32.13.3.rel1.win32_1.0.0.202411081344/tools/bin/../lib/gcc/arm-none-eabi/13.3.1/../../../../arm-none-eabi/lib/thumb/v8-m.main+fp/hard\libc_nano.a(libc_a-puts.o)
                0x08010c80                puts
 .text.sprintf  0x08010c90       0x44 E:/STM_FILES/STM32CubeIDE_1.19.0/STM32CubeIDE/plugins/com.st.stm32cube.ide.mcu.externaltools.gnu-tools-for-stm32.13.3.rel1.win32_1.0.0.202411081344/tools/bin/../lib/gcc/arm-none-eabi/13.3.1/../../../../arm-none-eabi/lib/thumb/v8-m.main+fp/hard\libc_nano.a(libc_a-sprintf.o)
                0x08010c90                siprintf
                0x08010c90                sprintf
 .text.__sread  0x08010cd4       0x22 E:/STM_FILES/STM32CubeIDE_1.19.0/STM32CubeIDE/plugins/com.st.stm32cube.ide.mcu.externaltools.gnu-tools-for-stm32.13.3.rel1.win32_1.0.0.202411081344/tools/bin/../lib/gcc/arm-none-eabi/13.3.1/../../../../arm-none-eabi/lib/thumb/v8-m.main+fp/hard\libc_nano.a(libc_a-stdio.o)
                0x08010cd4                __sread
 .text.__swrite
                0x08010cf6       0x38 E:/STM_FILES/STM32CubeIDE_1.19.0/STM32CubeIDE/plugins/com.st.stm32cube.ide.mcu.externaltools.gnu-tools-for-stm32.13.3.rel1.win32_1.0.0.202411081344/tools/bin/../lib/gcc/arm-none-eabi/13.3.1/../../../../arm-none-eabi/lib/thumb/v8-m.main+fp/hard\libc_nano.a(libc_a-stdio.o)
                0x08010cf6                __swrite
 .text.__sseek  0x08010d2e       0x24 E:/STM_FILES/STM32CubeIDE_1.19.0/STM32CubeIDE/plugins/com.st.stm32cube.ide.mcu.externaltools.gnu-tools-for-stm32.13.3.rel1.win32_1.0.0.202411081344/tools/bin/../lib/gcc/arm-none-eabi/13.3.1/../../../../arm-none-eabi/lib/thumb/v8-m.main+fp/hard\libc_nano.a(libc_a-stdio.o)
                0x08010d2e                __sseek
 .text.__sclose
                0x08010d52        0x8 E:/STM_FILES/STM32CubeIDE_1.19.0/STM32CubeIDE/plugins/com.st.stm32cube.ide.mcu.externaltools.gnu-tools-for-stm32.13.3.rel1.win32_1.0.0.202411081344/tools/bin/../lib/gcc/arm-none-eabi/13.3.1/../../../../arm-none-eabi/lib/thumb/v8-m.main+fp/hard\libc_nano.a(libc_a-stdio.o)
                0x08010d52                __sclose
 .text.__swbuf_r
                0x08010d5a       0x7c E:/STM_FILES/STM32CubeIDE_1.19.0/STM32CubeIDE/plugins/com.st.stm32cube.ide.mcu.externaltools.gnu-tools-for-stm32.13.3.rel1.win32_1.0.0.202411081344/tools/bin/../lib/gcc/arm-none-eabi/13.3.1/../../../../arm-none-eabi/lib/thumb/v8-m.main+fp/hard\libc_nano.a(libc_a-wbuf.o)
                0x08010d5a                __swbuf_r
 *fill*         0x08010dd6        0x2 
 .text.__swsetup_r
                0x08010dd8       0xac E:/STM_FILES/STM32CubeIDE_1.19.0/STM32CubeIDE/plugins/com.st.stm32cube.ide.mcu.externaltools.gnu-tools-for-stm32.13.3.rel1.win32_1.0.0.202411081344/tools/bin/../lib/gcc/arm-none-eabi/13.3.1/../../../../arm-none-eabi/lib/thumb/v8-m.main+fp/hard\libc_nano.a(libc_a-wsetup.o)
                0x08010dd8                __swsetup_r
 .text.memset   0x08010e84       0x10 E:/STM_FILES/STM32CubeIDE_1.19.0/STM32CubeIDE/plugins/com.st.stm32cube.ide.mcu.externaltools.gnu-tools-for-stm32.13.3.rel1.win32_1.0.0.202411081344/tools/bin/../lib/gcc/arm-none-eabi/13.3.1/../../../../arm-none-eabi/lib/thumb/v8-m.main+fp/hard\libc_nano.a(libc_a-memset.o)
                0x08010e84                memset
 .text._close_r
                0x08010e94       0x20 E:/STM_FILES/STM32CubeIDE_1.19.0/STM32CubeIDE/plugins/com.st.stm32cube.ide.mcu.externaltools.gnu-tools-for-stm32.13.3.rel1.win32_1.0.0.202411081344/tools/bin/../lib/gcc/arm-none-eabi/13.3.1/../../../../arm-none-eabi/lib/thumb/v8-m.main+fp/hard\libc_nano.a(libc_a-closer.o)
                0x08010e94                _close_r
 .text._lseek_r
                0x08010eb4       0x24 E:/STM_FILES/STM32CubeIDE_1.19.0/STM32CubeIDE/plugins/com.st.stm32cube.ide.mcu.externaltools.gnu-tools-for-stm32.13.3.rel1.win32_1.0.0.202411081344/tools/bin/../lib/gcc/arm-none-eabi/13.3.1/../../../../arm-none-eabi/lib/thumb/v8-m.main+fp/hard\libc_nano.a(libc_a-lseekr.o)
                0x08010eb4                _lseek_r
 .text._read_r  0x08010ed8       0x24 E:/STM_FILES/STM32CubeIDE_1.19.0/STM32CubeIDE/plugins/com.st.stm32cube.ide.mcu.externaltools.gnu-tools-for-stm32.13.3.rel1.win32_1.0.0.202411081344/tools/bin/../lib/gcc/arm-none-eabi/13.3.1/../../../../arm-none-eabi/lib/thumb/v8-m.main+fp/hard\libc_nano.a(libc_a-readr.o)
                0x08010ed8                _read_r
 .text._write_r
                0x08010efc       0x24 E:/STM_FILES/STM32CubeIDE_1.19.0/STM32CubeIDE/plugins/com.st.stm32cube.ide.mcu.externaltools.gnu-tools-for-stm32.13.3.rel1.win32_1.0.0.202411081344/tools/bin/../lib/gcc/arm-none-eabi/13.3.1/../../../../arm-none-eabi/lib/thumb/v8-m.main+fp/hard\libc_nano.a(libc_a-writer.o)
                0x08010efc                _write_r
 .text.__errno  0x08010f20        0xc E:/STM_FILES/STM32CubeIDE_1.19.0/STM32CubeIDE/plugins/com.st.stm32cube.ide.mcu.externaltools.gnu-tools-for-stm32.13.3.rel1.win32_1.0.0.202411081344/tools/bin/../lib/gcc/arm-none-eabi/13.3.1/../../../../arm-none-eabi/lib/thumb/v8-m.main+fp/hard\libc_nano.a(libc_a-errno.o)
                0x08010f20                __errno
 .text.__libc_init_array
                0x08010f2c       0x48 E:/STM_FILES/STM32CubeIDE_1.19.0/STM32CubeIDE/plugins/com.st.stm32cube.ide.mcu.externaltools.gnu-tools-for-stm32.13.3.rel1.win32_1.0.0.202411081344/tools/bin/../lib/gcc/arm-none-eabi/13.3.1/../../../../arm-none-eabi/lib/thumb/v8-m.main+fp/hard\libc_nano.a(libc_a-init.o)
                0x08010f2c                __libc_init_array
 .text.__retarget_lock_init_recursive
                0x08010f74        0x2 E:/STM_FILES/STM32CubeIDE_1.19.0/STM32CubeIDE/plugins/com.st.stm32cube.ide.mcu.externaltools.gnu-tools-for-stm32.13.3.rel1.win32_1.0.0.202411081344/tools/bin/../lib/gcc/arm-none-eabi/13.3.1/../../../../arm-none-eabi/lib/thumb/v8-m.main+fp/hard\libc_nano.a(libc_a-lock.o)
                0x08010f74                __retarget_lock_init_recursive
 .text.__retarget_lock_acquire_recursive
                0x08010f76        0x2 E:/STM_FILES/STM32CubeIDE_1.19.0/STM32CubeIDE/plugins/com.st.stm32cube.ide.mcu.externaltools.gnu-tools-for-stm32.13.3.rel1.win32_1.0.0.202411081344/tools/bin/../lib/gcc/arm-none-eabi/13.3.1/../../../../arm-none-eabi/lib/thumb/v8-m.main+fp/hard\libc_nano.a(libc_a-lock.o)
                0x08010f76                __retarget_lock_acquire_recursive
 .text.__retarget_lock_release_recursive
                0x08010f78        0x2 E:/STM_FILES/STM32CubeIDE_1.19.0/STM32CubeIDE/plugins/com.st.stm32cube.ide.mcu.externaltools.gnu-tools-for-stm32.13.3.rel1.win32_1.0.0.202411081344/tools/bin/../lib/gcc/arm-none-eabi/13.3.1/../../../../arm-none-eabi/lib/thumb/v8-m.main+fp/hard\libc_nano.a(libc_a-lock.o)
                0x08010f78                __retarget_lock_release_recursive
 *fill*         0x08010f7a        0x2 
 .text.__assert_func
                0x08010f7c       0x3c E:/STM_FILES/STM32CubeIDE_1.19.0/STM32CubeIDE/plugins/com.st.stm32cube.ide.mcu.externaltools.gnu-tools-for-stm32.13.3.rel1.win32_1.0.0.202411081344/tools/bin/../lib/gcc/arm-none-eabi/13.3.1/../../../../arm-none-eabi/lib/thumb/v8-m.main+fp/hard\libc_nano.a(libc_a-assert.o)
                0x08010f7c                __assert_func
 .text._free_r  0x08010fb8       0x94 E:/STM_FILES/STM32CubeIDE_1.19.0/STM32CubeIDE/plugins/com.st.stm32cube.ide.mcu.externaltools.gnu-tools-for-stm32.13.3.rel1.win32_1.0.0.202411081344/tools/bin/../lib/gcc/arm-none-eabi/13.3.1/../../../../arm-none-eabi/lib/thumb/v8-m.main+fp/hard\libc_nano.a(libc_a-freer.o)
                0x08010fb8                _free_r
 .text.malloc   0x0801104c       0x10 E:/STM_FILES/STM32CubeIDE_1.19.0/STM32CubeIDE/plugins/com.st.stm32cube.ide.mcu.externaltools.gnu-tools-for-stm32.13.3.rel1.win32_1.0.0.202411081344/tools/bin/../lib/gcc/arm-none-eabi/13.3.1/../../../../arm-none-eabi/lib/thumb/v8-m.main+fp/hard\libc_nano.a(libc_a-malloc.o)
                0x0801104c                malloc
 .text.sbrk_aligned
                0x0801105c       0x44 E:/STM_FILES/STM32CubeIDE_1.19.0/STM32CubeIDE/plugins/com.st.stm32cube.ide.mcu.externaltools.gnu-tools-for-stm32.13.3.rel1.win32_1.0.0.202411081344/tools/bin/../lib/gcc/arm-none-eabi/13.3.1/../../../../arm-none-eabi/lib/thumb/v8-m.main+fp/hard\libc_nano.a(libc_a-mallocr.o)
 .text._malloc_r
                0x080110a0      0x100 E:/STM_FILES/STM32CubeIDE_1.19.0/STM32CubeIDE/plugins/com.st.stm32cube.ide.mcu.externaltools.gnu-tools-for-stm32.13.3.rel1.win32_1.0.0.202411081344/tools/bin/../lib/gcc/arm-none-eabi/13.3.1/../../../../arm-none-eabi/lib/thumb/v8-m.main+fp/hard\libc_nano.a(libc_a-mallocr.o)
                0x080110a0                _malloc_r
 .text.__malloc_lock
                0x080111a0        0xc E:/STM_FILES/STM32CubeIDE_1.19.0/STM32CubeIDE/plugins/com.st.stm32cube.ide.mcu.externaltools.gnu-tools-for-stm32.13.3.rel1.win32_1.0.0.202411081344/tools/bin/../lib/gcc/arm-none-eabi/13.3.1/../../../../arm-none-eabi/lib/thumb/v8-m.main+fp/hard\libc_nano.a(libc_a-mlock.o)
                0x080111a0                __malloc_lock
 .text.__malloc_unlock
                0x080111ac        0xc E:/STM_FILES/STM32CubeIDE_1.19.0/STM32CubeIDE/plugins/com.st.stm32cube.ide.mcu.externaltools.gnu-tools-for-stm32.13.3.rel1.win32_1.0.0.202411081344/tools/bin/../lib/gcc/arm-none-eabi/13.3.1/../../../../arm-none-eabi/lib/thumb/v8-m.main+fp/hard\libc_nano.a(libc_a-mlock.o)
                0x080111ac                __malloc_unlock
 .text.__ssputs_r
                0x080111b8       0xb6 E:/STM_FILES/STM32CubeIDE_1.19.0/STM32CubeIDE/plugins/com.st.stm32cube.ide.mcu.externaltools.gnu-tools-for-stm32.13.3.rel1.win32_1.0.0.202411081344/tools/bin/../lib/gcc/arm-none-eabi/13.3.1/../../../../arm-none-eabi/lib/thumb/v8-m.main+fp/hard\libc_nano.a(libc_a-nano-svfprintf.o)
                0x080111b8                __ssputs_r
 *fill*         0x0801126e        0x2 
 .text._svfprintf_r
                0x08011270      0x1f8 E:/STM_FILES/STM32CubeIDE_1.19.0/STM32CubeIDE/plugins/com.st.stm32cube.ide.mcu.externaltools.gnu-tools-for-stm32.13.3.rel1.win32_1.0.0.202411081344/tools/bin/../lib/gcc/arm-none-eabi/13.3.1/../../../../arm-none-eabi/lib/thumb/v8-m.main+fp/hard\libc_nano.a(libc_a-nano-svfprintf.o)
                0x08011270                _svfiprintf_r
                0x08011270                _svfprintf_r
 .text.__sfputc_r
                0x08011468       0x2e E:/STM_FILES/STM32CubeIDE_1.19.0/STM32CubeIDE/plugins/com.st.stm32cube.ide.mcu.externaltools.gnu-tools-for-stm32.13.3.rel1.win32_1.0.0.202411081344/tools/bin/../lib/gcc/arm-none-eabi/13.3.1/../../../../arm-none-eabi/lib/thumb/v8-m.main+fp/hard\libc_nano.a(libc_a-nano-vfprintf.o)
 .text.__sfputs_r
                0x08011496       0x24 E:/STM_FILES/STM32CubeIDE_1.19.0/STM32CubeIDE/plugins/com.st.stm32cube.ide.mcu.externaltools.gnu-tools-for-stm32.13.3.rel1.win32_1.0.0.202411081344/tools/bin/../lib/gcc/arm-none-eabi/13.3.1/../../../../arm-none-eabi/lib/thumb/v8-m.main+fp/hard\libc_nano.a(libc_a-nano-vfprintf.o)
                0x08011496                __sfputs_r
 *fill*         0x080114ba        0x2 
 .text._vfprintf_r
                0x080114bc      0x230 E:/STM_FILES/STM32CubeIDE_1.19.0/STM32CubeIDE/plugins/com.st.stm32cube.ide.mcu.externaltools.gnu-tools-for-stm32.13.3.rel1.win32_1.0.0.202411081344/tools/bin/../lib/gcc/arm-none-eabi/13.3.1/../../../../arm-none-eabi/lib/thumb/v8-m.main+fp/hard\libc_nano.a(libc_a-nano-vfprintf.o)
                0x080114bc                _vfprintf_r
                0x080114bc                _vfiprintf_r
 .text._printf_common
                0x080116ec       0xe4 E:/STM_FILES/STM32CubeIDE_1.19.0/STM32CubeIDE/plugins/com.st.stm32cube.ide.mcu.externaltools.gnu-tools-for-stm32.13.3.rel1.win32_1.0.0.202411081344/tools/bin/../lib/gcc/arm-none-eabi/13.3.1/../../../../arm-none-eabi/lib/thumb/v8-m.main+fp/hard\libc_nano.a(libc_a-nano-vfprintf_i.o)
                0x080116ec                _printf_common
 .text._printf_i
                0x080117d0      0x23c E:/STM_FILES/STM32CubeIDE_1.19.0/STM32CubeIDE/plugins/com.st.stm32cube.ide.mcu.externaltools.gnu-tools-for-stm32.13.3.rel1.win32_1.0.0.202411081344/tools/bin/../lib/gcc/arm-none-eabi/13.3.1/../../../../arm-none-eabi/lib/thumb/v8-m.main+fp/hard\libc_nano.a(libc_a-nano-vfprintf_i.o)
                0x080117d0                _printf_i
 .text.__sflush_r
                0x08011a0c      0x108 E:/STM_FILES/STM32CubeIDE_1.19.0/STM32CubeIDE/plugins/com.st.stm32cube.ide.mcu.externaltools.gnu-tools-for-stm32.13.3.rel1.win32_1.0.0.202411081344/tools/bin/../lib/gcc/arm-none-eabi/13.3.1/../../../../arm-none-eabi/lib/thumb/v8-m.main+fp/hard\libc_nano.a(libc_a-fflush.o)
                0x08011a0c                __sflush_r
 .text._fflush_r
                0x08011b14       0x50 E:/STM_FILES/STM32CubeIDE_1.19.0/STM32CubeIDE/plugins/com.st.stm32cube.ide.mcu.externaltools.gnu-tools-for-stm32.13.3.rel1.win32_1.0.0.202411081344/tools/bin/../lib/gcc/arm-none-eabi/13.3.1/../../../../arm-none-eabi/lib/thumb/v8-m.main+fp/hard\libc_nano.a(libc_a-fflush.o)
                0x08011b14                _fflush_r
 .text.fprintf  0x08011b64       0x24 E:/STM_FILES/STM32CubeIDE_1.19.0/STM32CubeIDE/plugins/com.st.stm32cube.ide.mcu.externaltools.gnu-tools-for-stm32.13.3.rel1.win32_1.0.0.202411081344/tools/bin/../lib/gcc/arm-none-eabi/13.3.1/../../../../arm-none-eabi/lib/thumb/v8-m.main+fp/hard\libc_nano.a(libc_a-fprintf.o)
                0x08011b64                fiprintf
                0x08011b64                fprintf
 .text.__swhatbuf_r
                0x08011b88       0x4a E:/STM_FILES/STM32CubeIDE_1.19.0/STM32CubeIDE/plugins/com.st.stm32cube.ide.mcu.externaltools.gnu-tools-for-stm32.13.3.rel1.win32_1.0.0.202411081344/tools/bin/../lib/gcc/arm-none-eabi/13.3.1/../../../../arm-none-eabi/lib/thumb/v8-m.main+fp/hard\libc_nano.a(libc_a-makebuf.o)
                0x08011b88                __swhatbuf_r
 .text.__smakebuf_r
                0x08011bd2       0x78 E:/STM_FILES/STM32CubeIDE_1.19.0/STM32CubeIDE/plugins/com.st.stm32cube.ide.mcu.externaltools.gnu-tools-for-stm32.13.3.rel1.win32_1.0.0.202411081344/tools/bin/../lib/gcc/arm-none-eabi/13.3.1/../../../../arm-none-eabi/lib/thumb/v8-m.main+fp/hard\libc_nano.a(libc_a-makebuf.o)
                0x08011bd2                __smakebuf_r
 .text.memmove  0x08011c4a       0x34 E:/STM_FILES/STM32CubeIDE_1.19.0/STM32CubeIDE/plugins/com.st.stm32cube.ide.mcu.externaltools.gnu-tools-for-stm32.13.3.rel1.win32_1.0.0.202411081344/tools/bin/../lib/gcc/arm-none-eabi/13.3.1/../../../../arm-none-eabi/lib/thumb/v8-m.main+fp/hard\libc_nano.a(libc_a-memmove.o)
                0x08011c4a                memmove
 *fill*         0x08011c7e        0x2 
 .text._fstat_r
                0x08011c80       0x24 E:/STM_FILES/STM32CubeIDE_1.19.0/STM32CubeIDE/plugins/com.st.stm32cube.ide.mcu.externaltools.gnu-tools-for-stm32.13.3.rel1.win32_1.0.0.202411081344/tools/bin/../lib/gcc/arm-none-eabi/13.3.1/../../../../arm-none-eabi/lib/thumb/v8-m.main+fp/hard\libc_nano.a(libc_a-fstatr.o)
                0x08011c80                _fstat_r
 .text._isatty_r
                0x08011ca4       0x20 E:/STM_FILES/STM32CubeIDE_1.19.0/STM32CubeIDE/plugins/com.st.stm32cube.ide.mcu.externaltools.gnu-tools-for-stm32.13.3.rel1.win32_1.0.0.202411081344/tools/bin/../lib/gcc/arm-none-eabi/13.3.1/../../../../arm-none-eabi/lib/thumb/v8-m.main+fp/hard\libc_nano.a(libc_a-isattyr.o)
                0x08011ca4                _isatty_r
 .text._sbrk_r  0x08011cc4       0x20 E:/STM_FILES/STM32CubeIDE_1.19.0/STM32CubeIDE/plugins/com.st.stm32cube.ide.mcu.externaltools.gnu-tools-for-stm32.13.3.rel1.win32_1.0.0.202411081344/tools/bin/../lib/gcc/arm-none-eabi/13.3.1/../../../../arm-none-eabi/lib/thumb/v8-m.main+fp/hard\libc_nano.a(libc_a-sbrkr.o)
                0x08011cc4                _sbrk_r
 .text.memchr   0x08011ce4       0x1c E:/STM_FILES/STM32CubeIDE_1.19.0/STM32CubeIDE/plugins/com.st.stm32cube.ide.mcu.externaltools.gnu-tools-for-stm32.13.3.rel1.win32_1.0.0.202411081344/tools/bin/../lib/gcc/arm-none-eabi/13.3.1/../../../../arm-none-eabi/lib/thumb/v8-m.main+fp/hard\libc_nano.a(libc_a-memchr-stub.o)
                0x08011ce4                memchr
 .text.memcpy   0x08011d00       0x1a E:/STM_FILES/STM32CubeIDE_1.19.0/STM32CubeIDE/plugins/com.st.stm32cube.ide.mcu.externaltools.gnu-tools-for-stm32.13.3.rel1.win32_1.0.0.202411081344/tools/bin/../lib/gcc/arm-none-eabi/13.3.1/../../../../arm-none-eabi/lib/thumb/v8-m.main+fp/hard\libc_nano.a(libc_a-memcpy-stub.o)
                0x08011d00                memcpy
 .text.abort    0x08011d1a        0xe E:/STM_FILES/STM32CubeIDE_1.19.0/STM32CubeIDE/plugins/com.st.stm32cube.ide.mcu.externaltools.gnu-tools-for-stm32.13.3.rel1.win32_1.0.0.202411081344/tools/bin/../lib/gcc/arm-none-eabi/13.3.1/../../../../arm-none-eabi/lib/thumb/v8-m.main+fp/hard\libc_nano.a(libc_a-abort.o)
                0x08011d1a                abort
 .text._realloc_r
                0x08011d28       0x5c E:/STM_FILES/STM32CubeIDE_1.19.0/STM32CubeIDE/plugins/com.st.stm32cube.ide.mcu.externaltools.gnu-tools-for-stm32.13.3.rel1.win32_1.0.0.202411081344/tools/bin/../lib/gcc/arm-none-eabi/13.3.1/../../../../arm-none-eabi/lib/thumb/v8-m.main+fp/hard\libc_nano.a(libc_a-reallocr.o)
                0x08011d28                _realloc_r
 .text._raise_r
                0x08011d84       0x50 E:/STM_FILES/STM32CubeIDE_1.19.0/STM32CubeIDE/plugins/com.st.stm32cube.ide.mcu.externaltools.gnu-tools-for-stm32.13.3.rel1.win32_1.0.0.202411081344/tools/bin/../lib/gcc/arm-none-eabi/13.3.1/../../../../arm-none-eabi/lib/thumb/v8-m.main+fp/hard\libc_nano.a(libc_a-signal.o)
                0x08011d84                _raise_r
 .text.raise    0x08011dd4       0x10 E:/STM_FILES/STM32CubeIDE_1.19.0/STM32CubeIDE/plugins/com.st.stm32cube.ide.mcu.externaltools.gnu-tools-for-stm32.13.3.rel1.win32_1.0.0.202411081344/tools/bin/../lib/gcc/arm-none-eabi/13.3.1/../../../../arm-none-eabi/lib/thumb/v8-m.main+fp/hard\libc_nano.a(libc_a-signal.o)
                0x08011dd4                raise
 .text._kill_r  0x08011de4       0x24 E:/STM_FILES/STM32CubeIDE_1.19.0/STM32CubeIDE/plugins/com.st.stm32cube.ide.mcu.externaltools.gnu-tools-for-stm32.13.3.rel1.win32_1.0.0.202411081344/tools/bin/../lib/gcc/arm-none-eabi/13.3.1/../../../../arm-none-eabi/lib/thumb/v8-m.main+fp/hard\libc_nano.a(libc_a-signalr.o)
                0x08011de4                _kill_r
 .text._getpid_r
                0x08011e08        0x4 E:/STM_FILES/STM32CubeIDE_1.19.0/STM32CubeIDE/plugins/com.st.stm32cube.ide.mcu.externaltools.gnu-tools-for-stm32.13.3.rel1.win32_1.0.0.202411081344/tools/bin/../lib/gcc/arm-none-eabi/13.3.1/../../../../arm-none-eabi/lib/thumb/v8-m.main+fp/hard\libc_nano.a(libc_a-signalr.o)
                0x08011e08                _getpid_r
 .text._malloc_usable_size_r
                0x08011e0c       0x10 E:/STM_FILES/STM32CubeIDE_1.19.0/STM32CubeIDE/plugins/com.st.stm32cube.ide.mcu.externaltools.gnu-tools-for-stm32.13.3.rel1.win32_1.0.0.202411081344/tools/bin/../lib/gcc/arm-none-eabi/13.3.1/../../../../arm-none-eabi/lib/thumb/v8-m.main+fp/hard\libc_nano.a(libc_a-msizer.o)
                0x08011e0c                _malloc_usable_size_r
 *(.glue_7)
 .glue_7        0x08011e1c        0x0 linker stubs
 *(.glue_7t)
 .glue_7t       0x08011e1c        0x0 linker stubs
 *(.eh_frame)
 .eh_frame      0x08011e1c        0x0 E:/STM_FILES/STM32CubeIDE_1.19.0/STM32CubeIDE/plugins/com.st.stm32cube.ide.mcu.externaltools.gnu-tools-for-stm32.13.3.rel1.win32_1.0.0.202411081344/tools/bin/../lib/gcc/arm-none-eabi/13.3.1/thumb/v8-m.main+fp/hard/crtbegin.o
 *(.init)
 .init          0x08011e1c        0x4 E:/STM_FILES/STM32CubeIDE_1.19.0/STM32CubeIDE/plugins/com.st.stm32cube.ide.mcu.externaltools.gnu-tools-for-stm32.13.3.rel1.win32_1.0.0.202411081344/tools/bin/../lib/gcc/arm-none-eabi/13.3.1/thumb/v8-m.main+fp/hard/crti.o
                0x08011e1c                _init
 .init          0x08011e20        0x8 E:/STM_FILES/STM32CubeIDE_1.19.0/STM32CubeIDE/plugins/com.st.stm32cube.ide.mcu.externaltools.gnu-tools-for-stm32.13.3.rel1.win32_1.0.0.202411081344/tools/bin/../lib/gcc/arm-none-eabi/13.3.1/thumb/v8-m.main+fp/hard/crtn.o
 *(.fini)
 .fini          0x08011e28        0x4 E:/STM_FILES/STM32CubeIDE_1.19.0/STM32CubeIDE/plugins/com.st.stm32cube.ide.mcu.externaltools.gnu-tools-for-stm32.13.3.rel1.win32_1.0.0.202411081344/tools/bin/../lib/gcc/arm-none-eabi/13.3.1/thumb/v8-m.main+fp/hard/crti.o
                0x08011e28                _fini
 .fini          0x08011e2c        0x8 E:/STM_FILES/STM32CubeIDE_1.19.0/STM32CubeIDE/plugins/com.st.stm32cube.ide.mcu.externaltools.gnu-tools-for-stm32.13.3.rel1.win32_1.0.0.202411081344/tools/bin/../lib/gcc/arm-none-eabi/13.3.1/thumb/v8-m.main+fp/hard/crtn.o
                0x08011e34                        . = ALIGN (0x4)
                0x08011e34                        _etext = .

.vfp11_veneer   0x08011e34        0x0
 .vfp11_veneer  0x08011e34        0x0 linker stubs

.v4_bx          0x08011e34        0x0
 .v4_bx         0x08011e34        0x0 linker stubs

.iplt           0x08011e34        0x0
 .iplt          0x08011e34        0x0 E:/STM_FILES/STM32CubeIDE_1.19.0/STM32CubeIDE/plugins/com.st.stm32cube.ide.mcu.externaltools.gnu-tools-for-stm32.13.3.rel1.win32_1.0.0.202411081344/tools/bin/../lib/gcc/arm-none-eabi/13.3.1/thumb/v8-m.main+fp/hard/crtbegin.o

.rodata         0x08011e34      0x624
                0x08011e34                        . = ALIGN (0x4)
 *(.rodata)
 .rodata        0x08011e34      0x2a5 ./Core/Src/GUI.o
 *fill*         0x080120d9        0x3 
 .rodata        0x080120dc        0x6 ./Core/Src/main.o
 *fill*         0x080120e2        0x2 
 .rodata        0x080120e4       0x72 ./Core/Src/modbus.o
 *(.rodata*)
 *fill*         0x08012156        0x2 
 .rodata.font5x8
                0x08012158      0x1e0 ./Core/Src/fonts.o
                0x08012158                font5x8
 .rodata.AHBPrescTable
                0x08012338       0x10 ./Core/Src/system_stm32h5xx.o
                0x08012338                AHBPrescTable
 .rodata.APBPrescTable
                0x08012348        0x8 ./Core/Src/system_stm32h5xx.o
                0x08012348                APBPrescTable
 .rodata.UARTPrescTable
                0x08012350       0x18 ./Drivers/STM32H5xx_HAL_Driver/Src/stm32h5xx_hal_uart.o
                0x08012350                UARTPrescTable
 .rodata.numerator.1
                0x08012368        0x8 ./Drivers/STM32H5xx_HAL_Driver/Src/stm32h5xx_hal_uart_ex.o
 .rodata.denominator.0
                0x08012370        0x8 ./Drivers/STM32H5xx_HAL_Driver/Src/stm32h5xx_hal_uart_ex.o
 .rodata.srand.str1.1
                0x08012378       0xde E:/STM_FILES/STM32CubeIDE_1.19.0/STM32CubeIDE/plugins/com.st.stm32cube.ide.mcu.externaltools.gnu-tools-for-stm32.13.3.rel1.win32_1.0.0.202411081344/tools/bin/../lib/gcc/arm-none-eabi/13.3.1/../../../../arm-none-eabi/lib/thumb/v8-m.main+fp/hard\libc_nano.a(libc_a-rand.o)
                                 0x6f (size before relaxing)
 .rodata.__assert_func.str1.1
                0x08012456       0x3d E:/STM_FILES/STM32CubeIDE_1.19.0/STM32CubeIDE/plugins/com.st.stm32cube.ide.mcu.externaltools.gnu-tools-for-stm32.13.3.rel1.win32_1.0.0.202411081344/tools/bin/../lib/gcc/arm-none-eabi/13.3.1/../../../../arm-none-eabi/lib/thumb/v8-m.main+fp/hard\libc_nano.a(libc_a-assert.o)
 .rodata._svfprintf_r.str1.1
                0x08012456       0x11 E:/STM_FILES/STM32CubeIDE_1.19.0/STM32CubeIDE/plugins/com.st.stm32cube.ide.mcu.externaltools.gnu-tools-for-stm32.13.3.rel1.win32_1.0.0.202411081344/tools/bin/../lib/gcc/arm-none-eabi/13.3.1/../../../../arm-none-eabi/lib/thumb/v8-m.main+fp/hard\libc_nano.a(libc_a-nano-svfprintf.o)
 .rodata._vfprintf_r.str1.1
                0x08012456       0x11 E:/STM_FILES/STM32CubeIDE_1.19.0/STM32CubeIDE/plugins/com.st.stm32cube.ide.mcu.externaltools.gnu-tools-for-stm32.13.3.rel1.win32_1.0.0.202411081344/tools/bin/../lib/gcc/arm-none-eabi/13.3.1/../../../../arm-none-eabi/lib/thumb/v8-m.main+fp/hard\libc_nano.a(libc_a-nano-vfprintf.o)
 .rodata._printf_i.str1.1
                0x08012456       0x22 E:/STM_FILES/STM32CubeIDE_1.19.0/STM32CubeIDE/plugins/com.st.stm32cube.ide.mcu.externaltools.gnu-tools-for-stm32.13.3.rel1.win32_1.0.0.202411081344/tools/bin/../lib/gcc/arm-none-eabi/13.3.1/../../../../arm-none-eabi/lib/thumb/v8-m.main+fp/hard\libc_nano.a(libc_a-nano-vfprintf_i.o)
                0x08012494                        . = ALIGN (0x4)
 *fill*         0x08012456        0x2 

.ARM.extab      0x08012458        0x0
                0x08012458                        . = ALIGN (0x4)
 *(.ARM.extab* .gnu.linkonce.armextab.*)
                0x08012458                        . = ALIGN (0x4)

.ARM            0x08012458        0x8
                0x08012458                        . = ALIGN (0x4)
                0x08012458                        __exidx_start = .
 *(.ARM.exidx*)
 .ARM.exidx     0x08012458        0x8 E:/STM_FILES/STM32CubeIDE_1.19.0/STM32CubeIDE/plugins/com.st.stm32cube.ide.mcu.externaltools.gnu-tools-for-stm32.13.3.rel1.win32_1.0.0.202411081344/tools/bin/../lib/gcc/arm-none-eabi/13.3.1/../../../../arm-none-eabi/lib/thumb/v8-m.main+fp/hard\libc_nano.a(libc_a-strlen.o)
 .ARM.exidx     0x08012460        0x0 E:/STM_FILES/STM32CubeIDE_1.19.0/STM32CubeIDE/plugins/com.st.stm32cube.ide.mcu.externaltools.gnu-tools-for-stm32.13.3.rel1.win32_1.0.0.202411081344/tools/bin/../lib/gcc/arm-none-eabi/13.3.1/thumb/v8-m.main+fp/hard\libgcc.a(_udivmoddi4.o)
                                  0x8 (size before relaxing)
                0x08012460                        __exidx_end = .
                0x08012460                        . = ALIGN (0x4)

.preinit_array  0x08012460        0x0
                0x08012460                        . = ALIGN (0x4)
                0x08012460                        PROVIDE (__preinit_array_start = .)
 *(.preinit_array*)
                0x08012460                        PROVIDE (__preinit_array_end = .)
                0x08012460                        . = ALIGN (0x4)

.init_array     0x08012460        0x4
                0x08012460                        . = ALIGN (0x4)
                0x08012460                        PROVIDE (__init_array_start = .)
 *(SORT_BY_NAME(.init_array.*))
 *(.init_array*)
 .init_array    0x08012460        0x4 E:/STM_FILES/STM32CubeIDE_1.19.0/STM32CubeIDE/plugins/com.st.stm32cube.ide.mcu.externaltools.gnu-tools-for-stm32.13.3.rel1.win32_1.0.0.202411081344/tools/bin/../lib/gcc/arm-none-eabi/13.3.1/thumb/v8-m.main+fp/hard/crtbegin.o
                0x08012464                        PROVIDE (__init_array_end = .)
                0x08012464                        . = ALIGN (0x4)

.fini_array     0x08012464        0x4
                0x08012464                        . = ALIGN (0x4)
                [!provide]                        PROVIDE (__fini_array_start = .)
 *(SORT_BY_NAME(.fini_array.*))
 *(.fini_array*)
 .fini_array    0x08012464        0x4 E:/STM_FILES/STM32CubeIDE_1.19.0/STM32CubeIDE/plugins/com.st.stm32cube.ide.mcu.externaltools.gnu-tools-for-stm32.13.3.rel1.win32_1.0.0.202411081344/tools/bin/../lib/gcc/arm-none-eabi/13.3.1/thumb/v8-m.main+fp/hard/crtbegin.o
                [!provide]                        PROVIDE (__fini_array_end = .)
                0x08012468                        . = ALIGN (0x4)
                0x08012468                        _sidata = LOADADDR (.data)

.rel.dyn        0x08012468        0x0
 .rel.iplt      0x08012468        0x0 E:/STM_FILES/STM32CubeIDE_1.19.0/STM32CubeIDE/plugins/com.st.stm32cube.ide.mcu.externaltools.gnu-tools-for-stm32.13.3.rel1.win32_1.0.0.202411081344/tools/bin/../lib/gcc/arm-none-eabi/13.3.1/thumb/v8-m.main+fp/hard/crtbegin.o

.data           0x20000000       0x70 load address 0x08012468
                0x20000000                        . = ALIGN (0x4)
                0x20000000                        _sdata = .
 *(.data)
 *(.data*)
 .data.ILI9488_WIDTH
                0x20000000        0x2 ./Core/Src/ili9488.o
                0x20000000                ILI9488_WIDTH
 .data.ILI9488_HEIGHT
                0x20000002        0x2 ./Core/Src/ili9488.o
                0x20000002                ILI9488_HEIGHT
 .data.current_gui_screen
                0x20000004        0x1 ./Core/Src/main.o
                0x20000004                current_gui_screen
 *fill*         0x20000005        0x3 
 .data.SystemCoreClock
                0x20000008        0x4 ./Core/Src/system_stm32h5xx.o
                0x20000008                SystemCoreClock
 .data.uwTickPrio
                0x2000000c        0x4 ./Drivers/STM32H5xx_HAL_Driver/Src/stm32h5xx_hal.o
                0x2000000c                uwTickPrio
 .data.uwTickFreq
                0x20000010        0x1 ./Drivers/STM32H5xx_HAL_Driver/Src/stm32h5xx_hal.o
                0x20000010                uwTickFreq
 *fill*         0x20000011        0x3 
 .data.__sglue  0x20000014        0xc E:/STM_FILES/STM32CubeIDE_1.19.0/STM32CubeIDE/plugins/com.st.stm32cube.ide.mcu.externaltools.gnu-tools-for-stm32.13.3.rel1.win32_1.0.0.202411081344/tools/bin/../lib/gcc/arm-none-eabi/13.3.1/../../../../arm-none-eabi/lib/thumb/v8-m.main+fp/hard\libc_nano.a(libc_a-findfp.o)
                0x20000014                __sglue
 .data._impure_ptr
                0x20000020        0x4 E:/STM_FILES/STM32CubeIDE_1.19.0/STM32CubeIDE/plugins/com.st.stm32cube.ide.mcu.externaltools.gnu-tools-for-stm32.13.3.rel1.win32_1.0.0.202411081344/tools/bin/../lib/gcc/arm-none-eabi/13.3.1/../../../../arm-none-eabi/lib/thumb/v8-m.main+fp/hard\libc_nano.a(libc_a-impure.o)
                0x20000020                _impure_ptr
 .data._impure_data
                0x20000024       0x4c E:/STM_FILES/STM32CubeIDE_1.19.0/STM32CubeIDE/plugins/com.st.stm32cube.ide.mcu.externaltools.gnu-tools-for-stm32.13.3.rel1.win32_1.0.0.202411081344/tools/bin/../lib/gcc/arm-none-eabi/13.3.1/../../../../arm-none-eabi/lib/thumb/v8-m.main+fp/hard\libc_nano.a(libc_a-impure.o)
                0x20000024                _impure_data
 *(.RamFunc)
 *(.RamFunc*)
                0x20000070                        . = ALIGN (0x4)
                0x20000070                        _edata = .

.igot.plt       0x20000070        0x0 load address 0x080124d8
 .igot.plt      0x20000070        0x0 E:/STM_FILES/STM32CubeIDE_1.19.0/STM32CubeIDE/plugins/com.st.stm32cube.ide.mcu.externaltools.gnu-tools-for-stm32.13.3.rel1.win32_1.0.0.202411081344/tools/bin/../lib/gcc/arm-none-eabi/13.3.1/thumb/v8-m.main+fp/hard/crtbegin.o
                0x20000070                        . = ALIGN (0x4)

.bss            0x20000070      0x8b0 load address 0x080124d8
                0x20000070                        _sbss = .
                0x20000070                        __bss_start__ = _sbss
 *(.bss)
 .bss           0x20000070       0x1c E:/STM_FILES/STM32CubeIDE_1.19.0/STM32CubeIDE/plugins/com.st.stm32cube.ide.mcu.externaltools.gnu-tools-for-stm32.13.3.rel1.win32_1.0.0.202411081344/tools/bin/../lib/gcc/arm-none-eabi/13.3.1/thumb/v8-m.main+fp/hard/crtbegin.o
 *(.bss*)
 .bss.hadc1     0x2000008c       0x68 ./Core/Src/main.o
                0x2000008c                hadc1
 .bss.hdcache1  0x200000f4       0x2c ./Core/Src/main.o
                0x200000f4                hdcache1
 .bss.htim1     0x20000120       0x4c ./Core/Src/main.o
                0x20000120                htim1
 .bss.htim3     0x2000016c       0x4c ./Core/Src/main.o
                0x2000016c                htim3
 .bss.htim6     0x200001b8       0x4c ./Core/Src/main.o
                0x200001b8                htim6
 .bss.handle_GPDMA1_Channel2
                0x20000204       0x78 ./Core/Src/main.o
                0x20000204                handle_GPDMA1_Channel2
 .bss.huart5    0x2000027c       0x94 ./Core/Src/main.o
                0x2000027c                huart5
 .bss.handle_GPDMA1_Channel0
                0x20000310       0x78 ./Core/Src/main.o
                0x20000310                handle_GPDMA1_Channel0
 .bss.BMS_no1   0x20000388       0x2c ./Core/Src/main.o
                0x20000388                BMS_no1
 .bss.encoder_position
                0x200003b4        0x2 ./Core/Src/main.o
                0x200003b4                encoder_position
 *fill*         0x200003b6        0x2 
 .bss.last_interrupt_time
                0x200003b8        0x4 ./Core/Src/main.o
                0x200003b8                last_interrupt_time
 .bss.new_gui_screen
                0x200003bc        0x1 ./Core/Src/main.o
                0x200003bc                new_gui_screen
 .bss.byte      0x200003bd        0x1 ./Core/Src/main.o
                0x200003bd                byte
 *fill*         0x200003be        0x2 
 .bss.response_buffer
                0x200003c0      0x100 ./Core/Src/main.o
                0x200003c0                response_buffer
 .bss.response_index
                0x200004c0        0x2 ./Core/Src/main.o
                0x200004c0                response_index
 .bss.modbus_receiving
                0x200004c2        0x1 ./Core/Src/main.o
                0x200004c2                modbus_receiving
 *fill*         0x200004c3        0x1 
 .bss.modbus_registers
                0x200004c4      0x200 ./Core/Src/main.o
                0x200004c4                modbus_registers
 .bss.LED_colors
                0x200006c4        0xc ./Core/Src/main.o
                0x200006c4                LED_colors
 .bss.request_frame
                0x200006d0        0x8 ./Core/Src/modbus.o
                0x200006d0                request_frame
 .bss.__sbrk_heap_end
                0x200006d8        0x4 ./Core/Src/sysmem.o
 .bss.pwmData   0x200006dc       0xf4 ./Core/Src/ws2812.o
                0x200006dc                pwmData
 .bss.uwTick    0x200007d0        0x4 ./Drivers/STM32H5xx_HAL_Driver/Src/stm32h5xx_hal.o
                0x200007d0                uwTick
 .bss.__sf      0x200007d4      0x138 E:/STM_FILES/STM32CubeIDE_1.19.0/STM32CubeIDE/plugins/com.st.stm32cube.ide.mcu.externaltools.gnu-tools-for-stm32.13.3.rel1.win32_1.0.0.202411081344/tools/bin/../lib/gcc/arm-none-eabi/13.3.1/../../../../arm-none-eabi/lib/thumb/v8-m.main+fp/hard\libc_nano.a(libc_a-findfp.o)
                0x200007d4                __sf
 .bss.__stdio_exit_handler
                0x2000090c        0x4 E:/STM_FILES/STM32CubeIDE_1.19.0/STM32CubeIDE/plugins/com.st.stm32cube.ide.mcu.externaltools.gnu-tools-for-stm32.13.3.rel1.win32_1.0.0.202411081344/tools/bin/../lib/gcc/arm-none-eabi/13.3.1/../../../../arm-none-eabi/lib/thumb/v8-m.main+fp/hard\libc_nano.a(libc_a-findfp.o)
                0x2000090c                __stdio_exit_handler
 .bss.errno     0x20000910        0x4 E:/STM_FILES/STM32CubeIDE_1.19.0/STM32CubeIDE/plugins/com.st.stm32cube.ide.mcu.externaltools.gnu-tools-for-stm32.13.3.rel1.win32_1.0.0.202411081344/tools/bin/../lib/gcc/arm-none-eabi/13.3.1/../../../../arm-none-eabi/lib/thumb/v8-m.main+fp/hard\libc_nano.a(libc_a-reent.o)
                0x20000910                errno
 .bss.__lock___malloc_recursive_mutex
                0x20000914        0x1 E:/STM_FILES/STM32CubeIDE_1.19.0/STM32CubeIDE/plugins/com.st.stm32cube.ide.mcu.externaltools.gnu-tools-for-stm32.13.3.rel1.win32_1.0.0.202411081344/tools/bin/../lib/gcc/arm-none-eabi/13.3.1/../../../../arm-none-eabi/lib/thumb/v8-m.main+fp/hard\libc_nano.a(libc_a-lock.o)
                0x20000914                __lock___malloc_recursive_mutex
 .bss.__lock___sfp_recursive_mutex
                0x20000915        0x1 E:/STM_FILES/STM32CubeIDE_1.19.0/STM32CubeIDE/plugins/com.st.stm32cube.ide.mcu.externaltools.gnu-tools-for-stm32.13.3.rel1.win32_1.0.0.202411081344/tools/bin/../lib/gcc/arm-none-eabi/13.3.1/../../../../arm-none-eabi/lib/thumb/v8-m.main+fp/hard\libc_nano.a(libc_a-lock.o)
                0x20000915                __lock___sfp_recursive_mutex
 *fill*         0x20000916        0x2 
 .bss.__malloc_sbrk_start
                0x20000918        0x4 E:/STM_FILES/STM32CubeIDE_1.19.0/STM32CubeIDE/plugins/com.st.stm32cube.ide.mcu.externaltools.gnu-tools-for-stm32.13.3.rel1.win32_1.0.0.202411081344/tools/bin/../lib/gcc/arm-none-eabi/13.3.1/../../../../arm-none-eabi/lib/thumb/v8-m.main+fp/hard\libc_nano.a(libc_a-mallocr.o)
                0x20000918                __malloc_sbrk_start
 .bss.__malloc_free_list
                0x2000091c        0x4 E:/STM_FILES/STM32CubeIDE_1.19.0/STM32CubeIDE/plugins/com.st.stm32cube.ide.mcu.externaltools.gnu-tools-for-stm32.13.3.rel1.win32_1.0.0.202411081344/tools/bin/../lib/gcc/arm-none-eabi/13.3.1/../../../../arm-none-eabi/lib/thumb/v8-m.main+fp/hard\libc_nano.a(libc_a-mallocr.o)
                0x2000091c                __malloc_free_list
 *(COMMON)
                0x20000920                        . = ALIGN (0x4)
                0x20000920                        _ebss = .
                0x20000920                        __bss_end__ = _ebss

._user_heap_stack
                0x20000920      0x600 load address 0x080124d8
                0x20000920                        . = ALIGN (0x8)
                [!provide]                        PROVIDE (end = .)
                0x20000920                        PROVIDE (_end = .)
                0x20000b20                        . = (. + _Min_Heap_Size)
 *fill*         0x20000920      0x200 
                0x20000f20                        . = (. + _Min_Stack_Size)
 *fill*         0x20000b20      0x400 
                0x20000f20                        . = ALIGN (0x8)

/DISCARD/
 libc.a(*)
 libm.a(*)
 libgcc.a(*)

.ARM.attributes
                0x00000000       0x36
 *(.ARM.attributes)
 .ARM.attributes
                0x00000000       0x26 E:/STM_FILES/STM32CubeIDE_1.19.0/STM32CubeIDE/plugins/com.st.stm32cube.ide.mcu.externaltools.gnu-tools-for-stm32.13.3.rel1.win32_1.0.0.202411081344/tools/bin/../lib/gcc/arm-none-eabi/13.3.1/thumb/v8-m.main+fp/hard/crti.o
 .ARM.attributes
                0x00000026       0x38 E:/STM_FILES/STM32CubeIDE_1.19.0/STM32CubeIDE/plugins/com.st.stm32cube.ide.mcu.externaltools.gnu-tools-for-stm32.13.3.rel1.win32_1.0.0.202411081344/tools/bin/../lib/gcc/arm-none-eabi/13.3.1/thumb/v8-m.main+fp/hard/crtbegin.o
 .ARM.attributes
                0x0000005e       0x3a ./Core/Src/GUI.o
 .ARM.attributes
                0x00000098       0x3a ./Core/Src/fonts.o
 .ARM.attributes
                0x000000d2       0x3a ./Core/Src/ili9488.o
 .ARM.attributes
                0x0000010c       0x3a ./Core/Src/main.o
 .ARM.attributes
                0x00000146       0x3a ./Core/Src/modbus.o
 .ARM.attributes
                0x00000180       0x3a ./Core/Src/stm32h5xx_hal_msp.o
 .ARM.attributes
                0x000001ba       0x3a ./Core/Src/stm32h5xx_it.o
 .ARM.attributes
                0x000001f4       0x3a ./Core/Src/syscalls.o
 .ARM.attributes
                0x0000022e       0x3a ./Core/Src/sysmem.o
 .ARM.attributes
                0x00000268       0x3a ./Core/Src/system_stm32h5xx.o
 .ARM.attributes
                0x000002a2       0x3a ./Core/Src/ws2812.o
 .ARM.attributes
                0x000002dc       0x24 ./Core/Startup/startup_stm32h562rgvx.o
 .ARM.attributes
                0x00000300       0x3a ./Drivers/STM32H5xx_HAL_Driver/Src/stm32h5xx_hal.o
 .ARM.attributes
                0x0000033a       0x3a ./Drivers/STM32H5xx_HAL_Driver/Src/stm32h5xx_hal_adc.o
 .ARM.attributes
                0x00000374       0x3a ./Drivers/STM32H5xx_HAL_Driver/Src/stm32h5xx_hal_cortex.o
 .ARM.attributes
                0x000003ae       0x3a ./Drivers/STM32H5xx_HAL_Driver/Src/stm32h5xx_hal_dcache.o
 .ARM.attributes
                0x000003e8       0x3a ./Drivers/STM32H5xx_HAL_Driver/Src/stm32h5xx_hal_dma.o
 .ARM.attributes
                0x00000422       0x3a ./Drivers/STM32H5xx_HAL_Driver/Src/stm32h5xx_hal_dma_ex.o
 .ARM.attributes
                0x0000045c       0x3a ./Drivers/STM32H5xx_HAL_Driver/Src/stm32h5xx_hal_gpio.o
 .ARM.attributes
                0x00000496       0x3a ./Drivers/STM32H5xx_HAL_Driver/Src/stm32h5xx_hal_icache.o
 .ARM.attributes
                0x000004d0       0x3a ./Drivers/STM32H5xx_HAL_Driver/Src/stm32h5xx_hal_pwr_ex.o
 .ARM.attributes