Archive member included to satisfy reference by file (symbol)

E:/STM_FILES/STM32CubeIDE_1.19.0/STM32CubeIDE/plugins/com.st.stm32cube.ide.mcu.externaltools.gnu-tools-for-stm32.13.3.rel1.win32_1.0.0.202411081344/tools/bin/../lib/gcc/arm-none-eabi/13.3.1/../../../../arm-none-eabi/lib/thumb/v8-m.main+fp/hard\libc_nano.a(libc_a-exit.o)
                              E:/STM_FILES/STM32CubeIDE_1.19.0/STM32CubeIDE/plugins/com.st.stm32cube.ide.mcu.externaltools.gnu-tools-for-stm32.13.3.rel1.win32_1.0.0.202411081344/tools/bin/../lib/gcc/arm-none-eabi/13.3.1/../../../../arm-none-eabi/lib/thumb/v8-m.main+fp/hard/crt0.o (exit)
E:/STM_FILES/STM32CubeIDE_1.19.0/STM32CubeIDE/plugins/com.st.stm32cube.ide.mcu.externaltools.gnu-tools-for-stm32.13.3.rel1.win32_1.0.0.202411081344/tools/bin/../lib/gcc/arm-none-eabi/13.3.1/../../../../arm-none-eabi/lib/thumb/v8-m.main+fp/hard\libc_nano.a(libc_a-rand.o)
                              ./Core/Src/ws2812.o (rand)
E:/STM_FILES/STM32CubeIDE_1.19.0/STM32CubeIDE/plugins/com.st.stm32cube.ide.mcu.externaltools.gnu-tools-for-stm32.13.3.rel1.win32_1.0.0.202411081344/tools/bin/../lib/gcc/arm-none-eabi/13.3.1/../../../../arm-none-eabi/lib/thumb/v8-m.main+fp/hard\libc_nano.a(libc_a-findfp.o)
                              E:/STM_FILES/STM32CubeIDE_1.19.0/STM32CubeIDE/plugins/com.st.stm32cube.ide.mcu.externaltools.gnu-tools-for-stm32.13.3.rel1.win32_1.0.0.202411081344/tools/bin/../lib/gcc/arm-none-eabi/13.3.1/../../../../arm-none-eabi/lib/thumb/v8-m.main+fp/hard\libc_nano.a(libc_a-exit.o) (__stdio_exit_handler)
E:/STM_FILES/STM32CubeIDE_1.19.0/STM32CubeIDE/plugins/com.st.stm32cube.ide.mcu.externaltools.gnu-tools-for-stm32.13.3.rel1.win32_1.0.0.202411081344/tools/bin/../lib/gcc/arm-none-eabi/13.3.1/../../../../arm-none-eabi/lib/thumb/v8-m.main+fp/hard\libc_nano.a(libc_a-fwalk.o)
                              E:/STM_FILES/STM32CubeIDE_1.19.0/STM32CubeIDE/plugins/com.st.stm32cube.ide.mcu.externaltools.gnu-tools-for-stm32.13.3.rel1.win32_1.0.0.202411081344/tools/bin/../lib/gcc/arm-none-eabi/13.3.1/../../../../arm-none-eabi/lib/thumb/v8-m.main+fp/hard\libc_nano.a(libc_a-findfp.o) (_fwalk_sglue)
E:/STM_FILES/STM32CubeIDE_1.19.0/STM32CubeIDE/plugins/com.st.stm32cube.ide.mcu.externaltools.gnu-tools-for-stm32.13.3.rel1.win32_1.0.0.202411081344/tools/bin/../lib/gcc/arm-none-eabi/13.3.1/../../../../arm-none-eabi/lib/thumb/v8-m.main+fp/hard\libc_nano.a(libc_a-printf.o)
                              ./Core/Src/modbus.o (printf)
E:/STM_FILES/STM32CubeIDE_1.19.0/STM32CubeIDE/plugins/com.st.stm32cube.ide.mcu.externaltools.gnu-tools-for-stm32.13.3.rel1.win32_1.0.0.202411081344/tools/bin/../lib/gcc/arm-none-eabi/13.3.1/../../../../arm-none-eabi/lib/thumb/v8-m.main+fp/hard\libc_nano.a(libc_a-puts.o)
                              ./Core/Src/modbus.o (puts)
E:/STM_FILES/STM32CubeIDE_1.19.0/STM32CubeIDE/plugins/com.st.stm32cube.ide.mcu.externaltools.gnu-tools-for-stm32.13.3.rel1.win32_1.0.0.202411081344/tools/bin/../lib/gcc/arm-none-eabi/13.3.1/../../../../arm-none-eabi/lib/thumb/v8-m.main+fp/hard\libc_nano.a(libc_a-sprintf.o)
                              ./Core/Src/GUI.o (sprintf)
E:/STM_FILES/STM32CubeIDE_1.19.0/STM32CubeIDE/plugins/com.st.stm32cube.ide.mcu.externaltools.gnu-tools-for-stm32.13.3.rel1.win32_1.0.0.202411081344/tools/bin/../lib/gcc/arm-none-eabi/13.3.1/../../../../arm-none-eabi/lib/thumb/v8-m.main+fp/hard\libc_nano.a(libc_a-stdio.o)
                              E:/STM_FILES/STM32CubeIDE_1.19.0/STM32CubeIDE/plugins/com.st.stm32cube.ide.mcu.externaltools.gnu-tools-for-stm32.13.3.rel1.win32_1.0.0.202411081344/tools/bin/../lib/gcc/arm-none-eabi/13.3.1/../../../../arm-none-eabi/lib/thumb/v8-m.main+fp/hard\libc_nano.a(libc_a-findfp.o) (__sread)
E:/STM_FILES/STM32CubeIDE_1.19.0/STM32CubeIDE/plugins/com.st.stm32cube.ide.mcu.externaltools.gnu-tools-for-stm32.13.3.rel1.win32_1.0.0.202411081344/tools/bin/../lib/gcc/arm-none-eabi/13.3.1/../../../../arm-none-eabi/lib/thumb/v8-m.main+fp/hard\libc_nano.a(libc_a-wbuf.o)
                              E:/STM_FILES/STM32CubeIDE_1.19.0/STM32CubeIDE/plugins/com.st.stm32cube.ide.mcu.externaltools.gnu-tools-for-stm32.13.3.rel1.win32_1.0.0.202411081344/tools/bin/../lib/gcc/arm-none-eabi/13.3.1/../../../../arm-none-eabi/lib/thumb/v8-m.main+fp/hard\libc_nano.a(libc_a-puts.o) (__swbuf_r)
E:/STM_FILES/STM32CubeIDE_1.19.0/STM32CubeIDE/plugins/com.st.stm32cube.ide.mcu.externaltools.gnu-tools-for-stm32.13.3.rel1.win32_1.0.0.202411081344/tools/bin/../lib/gcc/arm-none-eabi/13.3.1/../../../../arm-none-eabi/lib/thumb/v8-m.main+fp/hard\libc_nano.a(libc_a-wsetup.o)
                              E:/STM_FILES/STM32CubeIDE_1.19.0/STM32CubeIDE/plugins/com.st.stm32cube.ide.mcu.externaltools.gnu-tools-for-stm32.13.3.rel1.win32_1.0.0.202411081344/tools/bin/../lib/gcc/arm-none-eabi/13.3.1/../../../../arm-none-eabi/lib/thumb/v8-m.main+fp/hard\libc_nano.a(libc_a-puts.o) (__swsetup_r)
[...]
Memory Configuration

Name             Origin             Length             Attributes
RAM              0x20000000         0x000a0000         xrw
FLASH            0x08000000         0x00100000         xr
*default*        0x00000000         0xffffffff

Linker script and memory map

LOAD E:/STM_FILES/STM32CubeIDE_1.19.0/STM32CubeIDE/plugins/com.st.stm32cube.ide.mcu.externaltools.gnu-tools-for-stm32.13.3.rel1.win32_1.0.0.202411081344/tools/bin/../lib/gcc/arm-none-eabi/13.3.1/thumb/v8-m.main+fp/hard/crti.o
LOAD E:/STM_FILES/STM32CubeIDE_1.19.0/STM32CubeIDE/plugins/com.st.stm32cube.ide.mcu.externaltools.gnu-tools-for-stm32.13.3.rel1.win32_1.0.0.202411081344/tools/bin/../lib/gcc/arm-none-eabi/13.3.1/thumb/v8-m.main+fp/hard/crtbegin.o
LOAD E:/STM_FILES/STM32CubeIDE_1.19.0/STM32CubeIDE/plugins/com.st.stm32cube.ide.mcu.externaltools.gnu-tools-for-stm32.13.3.rel1.win32_1.0.0.202411081344/tools/bin/../lib/gcc/arm-none-eabi/13.3.1/../../../../arm-none-eabi/lib/thumb/v8-m.main+fp/hard/crt0.o
LOAD ./Core/Src/GUI.o
LOAD ./Core/Src/fonts.o
LOAD ./Core/Src/ili9488.o
LOAD ./Core/Src/main.o
LOAD ./Core/Src/modbus.o
LOAD ./Core/Src/stm32h5xx_hal_msp.o
LOAD ./Core/Src/stm32h5xx_it.o
LOAD ./Core/Src/syscalls.o
LOAD ./Core/Src/sysmem.o
LOAD ./Core/Src/system_stm32h5xx.o
LOAD ./Core/Src/ws2812.o
LOAD ./Core/Startup/startup_stm32h562rgvx.o
LOAD ./Drivers/STM32H5xx_HAL_Driver/Src/stm32h5xx_hal.o
LOAD ./Drivers/STM32H5xx_HAL_Driver/Src/stm32h5xx_hal_adc.o
LOAD ./Drivers/STM32H5xx_HAL_Driver/Src/stm32h5xx_hal_adc_ex.o
LOAD ./Drivers/STM32H5xx_HAL_Driver/Src/stm32h5xx_hal_cortex.o
LOAD ./Drivers/STM32H5xx_HAL_Driver/Src/stm32h5xx_hal_dcache.o
LOAD ./Drivers/STM32H5xx_HAL_Driver/Src/stm32h5xx_hal_dma.o
LOAD ./Drivers/STM32H5xx_HAL_Driver/Src/stm32h5xx_hal_dma_ex.o
LOAD ./Drivers/STM32H5xx_HAL_Driver/Src/stm32h5xx_hal_exti.o
LOAD ./Drivers/STM32H5xx_HAL_Driver/Src/stm32h5xx_hal_flash.o
LOAD ./Drivers/STM32H5xx_HAL_Driver/Src/stm32h5xx_hal_flash_ex.o
LOAD ./Drivers/STM32H5xx_HAL_Driver/Src/stm32h5xx_hal_gpio.o
LOAD ./Drivers/STM32H5xx_HAL_Driver/Src/stm32h5xx_hal_icache.o
LOAD ./Drivers/STM32H5xx_HAL_Driver/Src/stm32h5xx_hal_pwr.o
LOAD ./Drivers/STM32H5xx_HAL_Driver/Src/stm32h5xx_hal_pwr_ex.o
LOAD ./Drivers/STM32H5xx_HAL_Driver/Src/stm32h5xx_hal_rcc.o
LOAD ./Drivers/STM32H5xx_HAL_Driver/Src/stm32h5xx_hal_rcc_ex.o
LOAD ./Drivers/STM32H5xx_HAL_Driver/Src/stm32h5xx_hal_tim.o
LOAD ./Drivers/STM32H5xx_HAL_Driver/Src/stm32h5xx_hal_tim_ex.o
LOAD ./Drivers/STM32H5xx_HAL_Driver/Src/stm32h5xx_hal_uart.o
LOAD ./Drivers/STM32H5xx_HAL_Driver/Src/stm32h5xx_hal_uart_ex.o
START GROUP
LOAD E:/STM_FILES/STM32CubeIDE_1.19.0/STM32CubeIDE/plugins/com.st.stm32cube.ide.mcu.externaltools.gnu-tools-for-stm32.13.3.rel1.win32_1.0.0.202411081344/tools/bin/../lib/gcc/arm-none-eabi/13.3.1/../../../../arm-none-eabi/lib/thumb/v8-m.main+fp/hard\libc_nano.a
LOAD E:/STM_FILES/STM32CubeIDE_1.19.0/STM32CubeIDE/plugins/com.st.stm32cube.ide.mcu.externaltools.gnu-tools-for-stm32.13.3.rel1.win32_1.0.0.202411081344/tools/bin/../lib/gcc/arm-none-eabi/13.3.1/../../../../arm-none-eabi/lib/thumb/v8-m.main+fp/hard\libm.a
END GROUP
START GROUP
LOAD E:/STM_FILES/STM32CubeIDE_1.19.0/STM32CubeIDE/plugins/com.st.stm32cube.ide.mcu.externaltools.gnu-tools-for-stm32.13.3.rel1.win32_1.0.0.202411081344/tools/bin/../lib/gcc/arm-none-eabi/13.3.1/thumb/v8-m.main+fp/hard\libgcc.a
LOAD E:/STM_FILES/STM32CubeIDE_1.19.0/STM32CubeIDE/plugins/com.st.stm32cube.ide.mcu.externaltools.gnu-tools-for-stm32.13.3.rel1.win32_1.0.0.202411081344/tools/bin/../lib/gcc/arm-none-eabi/13.3.1/../../../../arm-none-eabi/lib/thumb/v8-m.main+fp/hard\libc_nano.a
END GROUP
START GROUP
LOAD E:/STM_FILES/STM32CubeIDE_1.19.0/STM32CubeIDE/plugins/com.st.stm32cube.ide.mcu.externaltools.gnu-tools-for-stm32.13.3.rel1.win32_1.0.0.202411081344/tools/bin/../lib/gcc/arm-none-eabi/13.3.1/thumb/v8-m.main+fp/hard\libgcc.a
LOAD E:/STM_FILES/STM32CubeIDE_1.19.0/STM32CubeIDE/plugins/com.st.stm32cube.ide.mcu.externaltools.gnu-tools-for-stm32.13.3.rel1.win32_1.0.0.202411081344/tools/bin/../lib/gcc/arm-none-eabi/13.3.1/../../../../arm-none-eabi/lib/thumb/v8-m.main+fp/hard\libc_nano.a
LOAD E:/STM_FILES/STM32CubeIDE_1.19.0/STM32CubeIDE/plugins/com.st.stm32cube.ide.mcu.externaltools.gnu-tools-for-stm32.13.3.rel1.win32_1.0.0.202411081344/tools/bin/../lib/gcc/arm-none-eabi/13.3.1/../../../../arm-none-eabi/lib/thumb/v8-m.main+fp/hard\libnosys.a
END GROUP
START GROUP
LOAD E:/STM_FILES/STM32CubeIDE_1.19.0/STM32CubeIDE/plugins/com.st.stm32cube.ide.mcu.externaltools.gnu-tools-for-stm32.13.3.rel1.win32_1.0.0.202411081344/tools/bin/../lib/gcc/arm-none-eabi/13.3.1/thumb/v8-m.main+fp/hard\libgcc.a
LOAD E:/STM_FILES/STM32CubeIDE_1.19.0/STM32CubeIDE/plugins/com.st.stm32cube.ide.mcu.externaltools.gnu-tools-for-stm32.13.3.rel1.win32_1.0.0.202411081344/tools/bin/../lib/gcc/arm-none-eabi/13.3.1/../../../../arm-none-eabi/lib/thumb/v8-m.main+fp/hard\libc_nano.a
LOAD E:/STM_FILES/STM32CubeIDE_1.19.0/STM32CubeIDE/plugins/com.st.stm32cube.ide.mcu.externaltools.gnu-tools-for-stm32.13.3.rel1.win32_1.0.0.202411081344/tools/bin/../lib/gcc/arm-none-eabi/13.3.1/../../../../arm-none-eabi/lib/thumb/v8-m.main+fp/hard\libnosys.a
END GROUP
LOAD E:/STM_FILES/STM32CubeIDE_1.19.0/STM32CubeIDE/plugins/com.st.stm32cube.ide.mcu.externaltools.gnu-tools-for-stm32.13.3.rel1.win32_1.0.0.202411081344/tools/bin/../lib/gcc/arm-none-eabi/13.3.1/thumb/v8-m.main+fp/hard/crtend.o
LOAD E:/STM_FILES/STM32CubeIDE_1.19.0/STM32CubeIDE/plugins/com.st.stm32cube.ide.mcu.externaltools.gnu-tools-for-stm32.13.3.rel1.win32_1.0.0.202411081344/tools/bin/../lib/gcc/arm-none-eabi/13.3.1/thumb/v8-m.main+fp/hard/crtn.o
                0x200a0000                        _estack = (ORIGIN (RAM) + LENGTH (RAM))
                0x00000200                        _Min_Heap_Size = 0x200
                0x00000400                        _Min_Stack_Size = 0x400

.isr_vector     0x08000000      0x24c
                0x08000000                        . = ALIGN (0x4)
 *(.isr_vector)
 .isr_vector    0x08000000      0x24c ./Core/Startup/startup_stm32h562rgvx.o
                0x08000000                g_pfnVectors
                0x0800024c                        . = ALIGN (0x4)

.text           0x0800024c    0x12ffc
                0x0800024c                        . = ALIGN (0x4)
 *(.text)
 .text          0x0800024c       0x40 E:/STM_FILES/STM32CubeIDE_1.19.0/STM32CubeIDE/plugins/com.st.stm32cube.ide.mcu.externaltools.gnu-tools-for-stm32.13.3.rel1.win32_1.0.0.202411081344/tools/bin/../lib/gcc/arm-none-eabi/13.3.1/thumb/v8-m.main+fp/hard/crtbegin.o
 .text          0x0800028c       0x10 E:/STM_FILES/STM32CubeIDE_1.19.0/STM32CubeIDE/plugins/com.st.stm32cube.ide.mcu.externaltools.gnu-tools-for-stm32.13.3.rel1.win32_1.0.0.202411081344/tools/bin/../lib/gcc/arm-none-eabi/13.3.1/../../../../arm-none-eabi/lib/thumb/v8-m.main+fp/hard\libc_nano.a(libc_a-strlen.o)
                0x0800028c                strlen
 .text          0x0800029c       0x30 E:/STM_FILES/STM32CubeIDE_1.19.0/STM32CubeIDE/plugins/com.st.stm32cube.ide.mcu.externaltools.gnu-tools-for-stm32.13.3.rel1.win32_1.0.0.202411081344/tools/bin/../lib/gcc/arm-none-eabi/13.3.1/thumb/v8-m.main+fp/hard\libgcc.a(_aeabi_uldivmod.o)
                0x0800029c                __aeabi_uldivmod
 .text          0x080002cc      0x348 E:/STM_FILES/STM32CubeIDE_1.19.0/STM32CubeIDE/plugins/com.st.stm32cube.ide.mcu.externaltools.gnu-tools-for-stm32.13.3.rel1.win32_1.0.0.202411081344/tools/bin/../lib/gcc/arm-none-eabi/13.3.1/thumb/v8-m.main+fp/hard\libgcc.a(_udivmoddi4.o)
                0x080002cc                __udivmoddi4
 .text          0x08000614        0x4 E:/STM_FILES/STM32CubeIDE_1.19.0/STM32CubeIDE/plugins/com.st.stm32cube.ide.mcu.externaltools.gnu-tools-for-stm32.13.3.rel1.win32_1.0.0.202411081344/tools/bin/../lib/gcc/arm-none-eabi/13.3.1/thumb/v8-m.main+fp/hard\libgcc.a(_dvmd_tls.o)
                0x08000614                __aeabi_idiv0
                0x08000614                __aeabi_ldiv0
 *(.text*)
 .text.Plot_GUI_screen_1
                0x08000618      0x1d0 ./Core/Src/GUI.o
                0x08000618                Plot_GUI_screen_1
 .text.Plot_GUI_screen_2
                0x080007e8      0x1bc ./Core/Src/GUI.o
                0x080007e8                Plot_GUI_screen_2
 .text.Plot_GUI_screen_3
                0x080009a4      0x300 ./Core/Src/GUI.o
                0x080009a4                Plot_GUI_screen_3
 .text.Draw_Modern_Button
                0x08000ca4       0xa4 ./Core/Src/GUI.o
 .text.GetWeekdayShort
                0x08000d48       0x30 ./Core/Src/GUI.o
 .text.GetWeekdayLong
                0x08000d78       0x30 ./Core/Src/GUI.o
 .text.Plot_Touchscreen_Temperature_Screen
                0x08000da8      0x6b4 ./Core/Src/GUI.o
                0x08000da8                Plot_Touchscreen_Temperature_Screen
 .text.Plot_Touchscreen_Schedule_Screen
                0x0800145c      0x5c0 ./Core/Src/GUI.o
                0x0800145c                Plot_Touchscreen_Schedule_Screen
 .text.Plot_Touchscreen_AddSchedule_Screen
                0x08001a1c      0x448 ./Core/Src/GUI.o
                0x08001a1c                Plot_Touchscreen_AddSchedule_Screen
 .text.Plot_Touchscreen_ScheduleWizard_Day
                0x08001e64      0x420 ./Core/Src/GUI.o
                0x08001e64                Plot_Touchscreen_ScheduleWizard_Day
 .text.Plot_Touchscreen_ScheduleWizard_Time
                0x08002284      0x47c ./Core/Src/GUI.o
                0x08002284                Plot_Touchscreen_ScheduleWizard_Time
 .text.Plot_Touchscreen_ScheduleWizard_Temperature
                0x08002700      0x598 ./Core/Src/GUI.o
                0x08002700                Plot_Touchscreen_ScheduleWizard_Temperature
 .text.Plot_Touchscreen_ScheduleWizard_Name
                0x08002c98      0x4b0 ./Core/Src/GUI.o
                0x08002c98                Plot_Touchscreen_ScheduleWizard_Name
 .text.ILI9488_Write8
                0x08003148       0x34 ./Core/Src/ili9488.o
 .text.ILI9488_Write16
                0x0800317c       0x34 ./Core/Src/ili9488.o
 .text.ILI9488_WriteCommand
                0x080031b0       0x28 ./Core/Src/ili9488.o
 .text.ILI9488_WriteData
                0x080031d8       0x28 ./Core/Src/ili9488.o
 .text.ILI9488_Reset
                0x08003200       0x28 ./Core/Src/ili9488.o
                0x08003200                ILI9488_Reset
 .text.ILI9488_Init
                0x08003228      0x170 ./Core/Src/ili9488.o
                0x08003228                ILI9488_Init
 .text.ILI9488_SetAddressWindow
                0x08003398       0x98 ./Core/Src/ili9488.o
 .text.ILI9488_FillScreen
                0x08003430       0x78 ./Core/Src/ili9488.o
                0x08003430                ILI9488_FillScreen
 .text.ILI9488_FilledRectangle
                0x080034a8       0x74 ./Core/Src/ili9488.o
                0x080034a8                ILI9488_FilledRectangle
 .text.ILI9488_DrawPixel
                0x0800351c       0x4c ./Core/Src/ili9488.o
                0x0800351c                ILI9488_DrawPixel
 .text.ILI9488_DrawChar
                0x08003568      0x13c ./Core/Src/ili9488.o
                0x08003568                ILI9488_DrawChar
 .text.ILI9488_DrawString
                0x080036a4       0x5c ./Core/Src/ili9488.o
                0x080036a4                ILI9488_DrawString
 .text.ILI9488_Rect_3
                0x08003700       0xb0 ./Core/Src/ili9488.o
                0x08003700                ILI9488_Rect_3
 .text.ILI9488_drawThickLine
                0x080037b0       0xf4 ./Core/Src/ili9488.o
                0x080037b0                ILI9488_drawThickLine
 .text.ILI9488_drawCircleOutline
                0x080038a4       0xb0 ./Core/Src/ili9488.o
                0x080038a4                ILI9488_drawCircleOutline
 .text.ILI9488_DrawBatterySymbol
                0x08003954      0x134 ./Core/Src/ili9488.o
                0x08003954                ILI9488_DrawBatterySymbol
 .text.Set_BMS_dummy_values
                0x08003a88       0x98 ./Core/Src/main.o
                0x08003a88                Set_BMS_dummy_values
 .text.HAL_TIM_PeriodElapsedCallback
                0x08003b20       0xc0 ./Core/Src/main.o
                0x08003b20                HAL_TIM_PeriodElapsedCallback
 .text.HAL_GPIO_EXTI_Falling_Callback
                0x08003be0       0xc4 ./Core/Src/main.o
                0x08003be0                HAL_GPIO_EXTI_Falling_Callback
 .text.main     0x08003ca4      0x210 ./Core/Src/main.o
                0x08003ca4                main
 .text.SystemClock_Config
                0x08003eb4       0xf0 ./Core/Src/main.o
                0x08003eb4                SystemClock_Config
 .text.MX_ADC1_Init
                0x08003fa4       0xc4 ./Core/Src/main.o
 .text.MX_DCACHE1_Init
                0x08004068       0x2c ./Core/Src/main.o
 .text.MX_GPDMA1_Init
                0x08004094       0x50 ./Core/Src/main.o
 .text.MX_ICACHE_Init
                0x080040e4       0x16 ./Core/Src/main.o
 *fill*         0x080040fa        0x2 
 .text.MX_TIM1_Init
                0x080040fc       0xa8 ./Core/Src/main.o
 .text.MX_TIM3_Init
                0x080041a4       0xec ./Core/Src/main.o
 .text.MX_TIM6_Init
                0x08004290       0x70 ./Core/Src/main.o
 .text.MX_UART5_Init
                0x08004300       0x9c ./Core/Src/main.o
 .text.MX_GPIO_Init
                0x0800439c      0x274 ./Core/Src/main.o
 .text.Error_Handler
                0x08004610        0xc ./Core/Src/main.o
                0x08004610                Error_Handler
 .text.Start_Modbus_Reception
                0x0800461c       0x30 ./Core/Src/modbus.o
                0x0800461c                Start_Modbus_Reception
 .text.Modbus_Calculate_CRC
                0x0800464c       0x7c ./Core/Src/modbus.o
                0x0800464c                Modbus_Calculate_CRC
 .text.Modbus_Request_ReadRegisters
                0x080046c8       0x90 ./Core/Src/modbus.o
                0x080046c8                Modbus_Request_ReadRegisters
 .text.Modbus_Response_Handler
                0x08004758      0x1c4 ./Core/Src/modbus.o
                0x08004758                Modbus_Response_Handler
 .text.some_delay
                0x0800491c       0x32 ./Core/Src/modbus.o
                0x0800491c                some_delay
 *fill*         0x0800494e        0x2 
 .text.HAL_UART_TxCpltCallback
                0x08004950       0x38 ./Core/Src/modbus.o
                0x08004950                HAL_UART_TxCpltCallback
 .text.HAL_UART_RxCpltCallback
                0x08004988       0x84 ./Core/Src/modbus.o
                0x08004988                HAL_UART_RxCpltCallback
 .text.HAL_MspInit
                0x08004a0c        0xc ./Core/Src/stm32h5xx_hal_msp.o
                0x08004a0c                HAL_MspInit
 .text.HAL_ADC_MspInit
                0x08004a18      0x110 ./Core/Src/stm32h5xx_hal_msp.o
                0x08004a18                HAL_ADC_MspInit
 .text.HAL_DCACHE_MspInit
                0x08004b28       0x44 ./Core/Src/stm32h5xx_hal_msp.o
                0x08004b28                HAL_DCACHE_MspInit
 .text.HAL_TIM_Base_MspInit
                0x08004b6c      0x148 ./Core/Src/stm32h5xx_hal_msp.o
                0x08004b6c                HAL_TIM_Base_MspInit
 .text.HAL_TIM_MspPostInit
                0x08004cb4       0x74 ./Core/Src/stm32h5xx_hal_msp.o
                0x08004cb4                HAL_TIM_MspPostInit
 .text.HAL_UART_MspInit
                0x08004d28      0x1c8 ./Core/Src/stm32h5xx_hal_msp.o
                0x08004d28                HAL_UART_MspInit
 .text.NMI_Handler
                0x08004ef0        0x8 ./Core/Src/stm32h5xx_it.o
                0x08004ef0                NMI_Handler
 .text.HardFault_Handler
                0x08004ef8        0x8 ./Core/Src/stm32h5xx_it.o
                0x08004ef8                HardFault_Handler
 .text.MemManage_Handler
                0x08004f00        0x8 ./Core/Src/stm32h5xx_it.o
                0x08004f00                MemManage_Handler
 .text.BusFault_Handler
                0x08004f08        0x8 ./Core/Src/stm32h5xx_it.o
                0x08004f08                BusFault_Handler
 .text.UsageFault_Handler
                0x08004f10        0x8 ./Core/Src/stm32h5xx_it.o
                0x08004f10                UsageFault_Handler
 .text.SVC_Handler
                0x08004f18        0xe ./Core/Src/stm32h5xx_it.o
                0x08004f18                SVC_Handler
 .text.DebugMon_Handler
                0x08004f26        0xe ./Core/Src/stm32h5xx_it.o
                0x08004f26                DebugMon_Handler
 .text.PendSV_Handler
                0x08004f34        0xe ./Core/Src/stm32h5xx_it.o
                0x08004f34                PendSV_Handler
 .text.SysTick_Handler
                0x08004f42        0xc ./Core/Src/stm32h5xx_it.o
                0x08004f42                SysTick_Handler
 .text.EXTI5_IRQHandler
                0x08004f4e        0xe ./Core/Src/stm32h5xx_it.o
                0x08004f4e                EXTI5_IRQHandler
 .text.EXTI7_IRQHandler
                0x08004f5c        0xe ./Core/Src/stm32h5xx_it.o
                0x08004f5c                EXTI7_IRQHandler
 *fill*         0x08004f6a        0x2 
 .text.GPDMA1_Channel0_IRQHandler
                0x08004f6c       0x14 ./Core/Src/stm32h5xx_it.o
                0x08004f6c                GPDMA1_Channel0_IRQHandler
 .text.GPDMA1_Channel2_IRQHandler
                0x08004f80       0x14 ./Core/Src/stm32h5xx_it.o
                0x08004f80                GPDMA1_Channel2_IRQHandler
 .text.TIM1_UP_IRQHandler
                0x08004f94       0x14 ./Core/Src/stm32h5xx_it.o
                0x08004f94                TIM1_UP_IRQHandler
 .text.TIM6_IRQHandler
                0x08004fa8       0x14 ./Core/Src/stm32h5xx_it.o
                0x08004fa8                TIM6_IRQHandler
 .text.UART5_IRQHandler
                0x08004fbc       0x14 ./Core/Src/stm32h5xx_it.o
                0x08004fbc                UART5_IRQHandler
 .text._getpid  0x08004fd0       0x10 ./Core/Src/syscalls.o
                0x08004fd0                _getpid
 .text._kill    0x08004fe0       0x20 ./Core/Src/syscalls.o
                0x08004fe0                _kill
 .text._exit    0x08005000       0x16 ./Core/Src/syscalls.o
                0x08005000                _exit
 .text._read    0x08005016       0x3a ./Core/Src/syscalls.o
                0x08005016                _read
 .text._write   0x08005050       0x38 ./Core/Src/syscalls.o
                0x08005050                _write
 .text._close   0x08005088       0x18 ./Core/Src/syscalls.o
                0x08005088                _close
 .text._fstat   0x080050a0       0x20 ./Core/Src/syscalls.o
                0x080050a0                _fstat
 .text._isatty  0x080050c0       0x16 ./Core/Src/syscalls.o
                0x080050c0                _isatty
 .text._lseek   0x080050d6       0x1a ./Core/Src/syscalls.o
                0x080050d6                _lseek
 .text._sbrk    0x080050f0       0x6c ./Core/Src/sysmem.o
                0x080050f0                _sbrk
 .text.SystemInit
                0x0800515c       0xf8 ./Core/Src/system_stm32h5xx.o
                0x0800515c                SystemInit
 .text.WS2812_send_random_colors_with_brightness
                0x08005254       0xbc ./Core/Src/ws2812.o
                0x08005254                WS2812_send_random_colors_with_brightness
 .text.HAL_TIM_PWM_PulseFinishedCallback
                0x08005310       0x18 ./Core/Src/ws2812.o
                0x08005310                HAL_TIM_PWM_PulseFinishedCallback
 .text.WS2812_Send
                0x08005328       0xa4 ./Core/Src/ws2812.o
                0x08005328                WS2812_Send
 .text.Reset_Handler
                0x080053cc       0x50 ./Core/Startup/startup_stm32h562rgvx.o
                0x080053cc                Reset_Handler
 .text.Default_Handler
                0x0800541c        0x2 ./Core/Startup/startup_stm32h562rgvx.o
                0x0800541c                EXTI2_IRQHandler
                0x0800541c                TIM8_TRG_COM_IRQHandler
                0x0800541c                TIM8_CC_IRQHandler
                0x0800541c                I3C1_ER_IRQHandler
                0x0800541c                UART8_IRQHandler
                0x0800541c                SPI4_IRQHandler
                0x0800541c                GPDMA2_Channel1_IRQHandler
                0x0800541c                FLASH_S_IRQHandler
                0x0800541c                EXTI13_IRQHandler
                0x0800541c                TIM1_CC_IRQHandler
                0x0800541c                GPDMA2_Channel3_IRQHandler
                0x0800541c                TAMP_IRQHandler
                0x0800541c                EXTI12_IRQHandler
                0x0800541c                CORDIC_IRQHandler
                0x0800541c                USB_DRD_FS_IRQHandler
                0x0800541c                EXTI3_IRQHandler
                0x0800541c                LPTIM4_IRQHandler
                0x0800541c                GPDMA1_Channel5_IRQHandler
                0x0800541c                EXTI8_IRQHandler
                0x0800541c                GPDMA2_Channel5_IRQHandler
                0x0800541c                LPTIM2_IRQHandler
                0x0800541c                I2C3_ER_IRQHandler
                0x0800541c                GPDMA2_Channel2_IRQHandler
                0x0800541c                USART10_IRQHandler
                0x0800541c                LPTIM3_IRQHandler
                0x0800541c                EXTI0_IRQHandler
                0x0800541c                I2C2_EV_IRQHandler
                0x0800541c                FPU_IRQHandler
                0x0800541c                GPDMA1_Channel3_IRQHandler
                0x0800541c                GPDMA1_Channel7_IRQHandler
                0x0800541c                FDCAN1_IT1_IRQHandler
                0x0800541c                RAMCFG_IRQHandler
                0x0800541c                DCACHE1_IRQHandler
                0x0800541c                SPI1_IRQHandler
                0x0800541c                OCTOSPI1_IRQHandler
                0x0800541c                TIM8_UP_IRQHandler
                0x0800541c                RCC_S_IRQHandler
                0x0800541c                SAI2_IRQHandler
                0x0800541c                ADC1_IRQHandler
                0x0800541c                USART6_IRQHandler
                0x0800541c                EXTI15_IRQHandler
                0x0800541c                TIM17_IRQHandler
                0x0800541c                USART3_IRQHandler
                0x0800541c                RTC_IRQHandler
                0x0800541c                EXTI9_IRQHandler
                0x0800541c                LPTIM5_IRQHandler
                0x0800541c                TIM4_IRQHandler
                0x0800541c                I2C1_EV_IRQHandler
                0x0800541c                GPDMA1_Channel1_IRQHandler
                0x0800541c                TIM16_IRQHandler
                0x0800541c                UART4_IRQHandler
                0x0800541c                SecureFault_Handler
                0x0800541c                TIM3_IRQHandler
                0x0800541c                RCC_IRQHandler
                0x0800541c                UART9_IRQHandler
                0x0800541c                TIM1_TRG_COM_IRQHandler
                0x0800541c                Default_Handler
                0x0800541c                FMAC_IRQHandler
                0x0800541c                CEC_IRQHandler
                0x0800541c                USART11_IRQHandler
                0x0800541c                TIM14_IRQHandler
                0x0800541c                TIM13_IRQHandler
                0x0800541c                GPDMA2_Channel4_IRQHandler
                0x0800541c                SPI5_IRQHandler
                0x0800541c                TIM12_IRQHandler
                0x0800541c                TIM7_IRQHandler
                0x0800541c                SDMMC1_IRQHandler
                0x0800541c                TIM5_IRQHandler
                0x0800541c                UCPD1_IRQHandler
                0x0800541c                I3C1_EV_IRQHandler
                0x0800541c                TIM15_IRQHandler
                0x0800541c                PVD_AVD_IRQHandler
                0x0800541c                I2C3_EV_IRQHandler
                0x0800541c                ADC2_IRQHandler
                0x0800541c                SPI2_IRQHandler
                0x0800541c                EXTI14_IRQHandler
                0x0800541c                EXTI11_IRQHandler
                0x0800541c                CRS_IRQHandler
                0x0800541c                EXTI4_IRQHandler
                0x0800541c                GPDMA2_Channel0_IRQHandler
                0x0800541c                RTC_S_IRQHandler
                0x0800541c                RNG_IRQHandler
                0x0800541c                GPDMA2_Channel6_IRQHandler
                0x0800541c                UART12_IRQHandler
                0x0800541c                WWDG_IRQHandler
                0x0800541c                SPI6_IRQHandler
                0x0800541c                I2C4_EV_IRQHandler
                0x0800541c                IWDG_IRQHandler
                0x0800541c                LPUART1_IRQHandler
                0x0800541c                FDCAN1_IT0_IRQHandler
                0x0800541c                TIM2_IRQHandler
                0x0800541c                GPDMA1_Channel4_IRQHandler
                0x0800541c                TIM1_BRK_IRQHandler
                0x0800541c                EXTI1_IRQHandler
                0x0800541c                LPTIM6_IRQHandler
                0x0800541c                DAC1_IRQHandler
                0x0800541c                DTS_IRQHandler
                0x0800541c                UART7_IRQHandler
                0x0800541c                GTZC_IRQHandler
                0x0800541c                USART2_IRQHandler
                0x0800541c                GPDMA1_Channel6_IRQHandler
                0x0800541c                GPDMA2_Channel7_IRQHandler
                0x0800541c                I2C2_ER_IRQHandler
                0x0800541c                TIM8_BRK_IRQHandler
                0x0800541c                FLASH_IRQHandler
                0x0800541c                USART1_IRQHandler
                0x0800541c                EXTI10_IRQHandler
                0x0800541c                SPI3_IRQHandler
                0x0800541c                I2C1_ER_IRQHandler
                0x0800541c                FMC_IRQHandler
                0x0800541c                EXTI6_IRQHandler
                0x0800541c                LPTIM1_IRQHandler
                0x0800541c                DCMI_PSSI_IRQHandler
                0x0800541c                I2C4_ER_IRQHandler
                0x0800541c                ICACHE_IRQHandler
                0x0800541c                SAI1_IRQHandler
                0x0800541c                HASH_IRQHandler
 *fill*         0x0800541e        0x2 
 .text.HAL_Init
                0x08005420       0x50 ./Drivers/STM32H5xx_HAL_Driver/Src/stm32h5xx_hal.o
                0x08005420                HAL_Init
 .text.HAL_InitTick
                0x08005470       0xec ./Drivers/STM32H5xx_HAL_Driver/Src/stm32h5xx_hal.o
                0x08005470                HAL_InitTick
 .text.HAL_IncTick
                0x0800555c       0x28 ./Drivers/STM32H5xx_HAL_Driver/Src/stm32h5xx_hal.o
                0x0800555c                HAL_IncTick
 .text.HAL_GetTick
                0x08005584       0x18 ./Drivers/STM32H5xx_HAL_Driver/Src/stm32h5xx_hal.o
                0x08005584                HAL_GetTick
 .text.HAL_Delay
                0x0800559c       0x48 ./Drivers/STM32H5xx_HAL_Driver/Src/stm32h5xx_hal.o
                0x0800559c                HAL_Delay
 .text.LL_ADC_SetCommonClock
                0x080055e4       0x26 ./Drivers/STM32H5xx_HAL_Driver/Src/stm32h5xx_hal_adc.o
 .text.LL_ADC_SetCommonPathInternalCh
                0x0800560a       0x26 ./Drivers/STM32H5xx_HAL_Driver/Src/stm32h5xx_hal_adc.o
 .text.LL_ADC_GetCommonPathInternalCh
                0x08005630       0x1c ./Drivers/STM32H5xx_HAL_Driver/Src/stm32h5xx_hal_adc.o
 .text.LL_ADC_EnableChannelVDDcore
                0x0800564c       0x24 ./Drivers/STM32H5xx_HAL_Driver/Src/stm32h5xx_hal_adc.o
 .text.LL_ADC_EnableChannel0_GPIO
                0x08005670       0x28 ./Drivers/STM32H5xx_HAL_Driver/Src/stm32h5xx_hal_adc.o
 .text.LL_ADC_SetOffset
                0x08005698       0x48 ./Drivers/STM32H5xx_HAL_Driver/Src/stm32h5xx_hal_adc.o
 .text.LL_ADC_GetOffsetChannel
                0x080056e0       0x2c ./Drivers/STM32H5xx_HAL_Driver/Src/stm32h5xx_hal_adc.o
 .text.LL_ADC_SetOffsetState
                0x0800570c       0x36 ./Drivers/STM32H5xx_HAL_Driver/Src/stm32h5xx_hal_adc.o
 .text.LL_ADC_SetOffsetSign
                0x08005742       0x36 ./Drivers/STM32H5xx_HAL_Driver/Src/stm32h5xx_hal_adc.o
 .text.LL_ADC_SetOffsetSaturation
                0x08005778       0x36 ./Drivers/STM32H5xx_HAL_Driver/Src/stm32h5xx_hal_adc.o
 .text.LL_ADC_SetSamplingTimeCommonConfig
                0x080057ae       0x26 ./Drivers/STM32H5xx_HAL_Driver/Src/stm32h5xx_hal_adc.o
 .text.LL_ADC_REG_SetSequencerRanks
                0x080057d4       0x58 ./Drivers/STM32H5xx_HAL_Driver/Src/stm32h5xx_hal_adc.o
 .text.LL_ADC_SetChannelSamplingTime
                0x0800582c       0x56 ./Drivers/STM32H5xx_HAL_Driver/Src/stm32h5xx_hal_adc.o
 *fill*         0x08005882        0x2 
 .text.LL_ADC_SetChannelSingleDiff
                0x08005884       0x48 ./Drivers/STM32H5xx_HAL_Driver/Src/stm32h5xx_hal_adc.o
 .text.LL_ADC_DisableDeepPowerDown
                0x080058cc       0x24 ./Drivers/STM32H5xx_HAL_Driver/Src/stm32h5xx_hal_adc.o
 .text.LL_ADC_IsDeepPowerDownEnabled
                0x080058f0       0x28 ./Drivers/STM32H5xx_HAL_Driver/Src/stm32h5xx_hal_adc.o
 .text.LL_ADC_EnableInternalRegulator
                0x08005918       0x28 ./Drivers/STM32H5xx_HAL_Driver/Src/stm32h5xx_hal_adc.o
 .text.LL_ADC_IsInternalRegulatorEnabled
                0x08005940       0x28 ./Drivers/STM32H5xx_HAL_Driver/Src/stm32h5xx_hal_adc.o
 .text.LL_ADC_IsEnabled
                0x08005968       0x26 ./Drivers/STM32H5xx_HAL_Driver/Src/stm32h5xx_hal_adc.o
 .text.LL_ADC_REG_IsConversionOngoing
                0x0800598e       0x26 ./Drivers/STM32H5xx_HAL_Driver/Src/stm32h5xx_hal_adc.o
 .text.LL_ADC_INJ_IsConversionOngoing
                0x080059b4       0x26 ./Drivers/STM32H5xx_HAL_Driver/Src/stm32h5xx_hal_adc.o
 *fill*         0x080059da        0x2 
 .text.HAL_ADC_Init
                0x080059dc      0x2a8 ./Drivers/STM32H5xx_HAL_Driver/Src/stm32h5xx_hal_adc.o
                0x080059dc                HAL_ADC_Init
 .text.HAL_ADC_ConfigChannel
                0x08005c84      0x820 ./Drivers/STM32H5xx_HAL_Driver/Src/stm32h5xx_hal_adc.o
                0x08005c84                HAL_ADC_ConfigChannel
 .text.__NVIC_SetPriorityGrouping
                0x080064a4       0x48 ./Drivers/STM32H5xx_HAL_Driver/Src/stm32h5xx_hal_cortex.o
 .text.__NVIC_GetPriorityGrouping
                0x080064ec       0x1c ./Drivers/STM32H5xx_HAL_Driver/Src/stm32h5xx_hal_cortex.o
 .text.__NVIC_EnableIRQ
                0x08006508       0x3c ./Drivers/STM32H5xx_HAL_Driver/Src/stm32h5xx_hal_cortex.o
 .text.__NVIC_SetPriority
                0x08006544       0x54 ./Drivers/STM32H5xx_HAL_Driver/Src/stm32h5xx_hal_cortex.o
 .text.NVIC_EncodePriority
                0x08006598       0x66 ./Drivers/STM32H5xx_HAL_Driver/Src/stm32h5xx_hal_cortex.o
 .text.HAL_NVIC_SetPriorityGrouping
                0x080065fe       0x16 ./Drivers/STM32H5xx_HAL_Driver/Src/stm32h5xx_hal_cortex.o
                0x080065fe                HAL_NVIC_SetPriorityGrouping
 .text.HAL_NVIC_SetPriority
                0x08006614       0x34 ./Drivers/STM32H5xx_HAL_Driver/Src/stm32h5xx_hal_cortex.o
                0x08006614                HAL_NVIC_SetPriority
 .text.HAL_NVIC_EnableIRQ
                0x08006648       0x1c ./Drivers/STM32H5xx_HAL_Driver/Src/stm32h5xx_hal_cortex.o
                0x08006648                HAL_NVIC_EnableIRQ
 .text.HAL_SYSTICK_Config
                0x08006664       0x44 ./Drivers/STM32H5xx_HAL_Driver/Src/stm32h5xx_hal_cortex.o
                0x08006664                HAL_SYSTICK_Config
 .text.HAL_SYSTICK_CLKSourceConfig
                0x080066a8       0xb0 ./Drivers/STM32H5xx_HAL_Driver/Src/stm32h5xx_hal_cortex.o
                0x080066a8                HAL_SYSTICK_CLKSourceConfig
 .text.HAL_SYSTICK_GetCLKSourceConfig
                0x08006758       0x6c ./Drivers/STM32H5xx_HAL_Driver/Src/stm32h5xx_hal_cortex.o
                0x08006758                HAL_SYSTICK_GetCLKSourceConfig
 .text.HAL_DCACHE_Init
                0x080067c4       0xa4 ./Drivers/STM32H5xx_HAL_Driver/Src/stm32h5xx_hal_dcache.o
                0x080067c4                HAL_DCACHE_Init
 .text.HAL_DCACHE_Enable
                0x08006868       0x4e ./Drivers/STM32H5xx_HAL_Driver/Src/stm32h5xx_hal_dcache.o
                0x08006868                HAL_DCACHE_Enable
 .text.HAL_DCACHE_CleanByAddrCallback
                0x080068b6       0x14 ./Drivers/STM32H5xx_HAL_Driver/Src/stm32h5xx_hal_dcache.o
                0x080068b6                HAL_DCACHE_CleanByAddrCallback
 .text.HAL_DCACHE_InvalidateByAddrCallback
                0x080068ca       0x14 ./Drivers/STM32H5xx_HAL_Driver/Src/stm32h5xx_hal_dcache.o
                0x080068ca                HAL_DCACHE_InvalidateByAddrCallback
 .text.HAL_DCACHE_CleanAndInvalidateByAddrCallback
                0x080068de       0x14 ./Drivers/STM32H5xx_HAL_Driver/Src/stm32h5xx_hal_dcache.o
                0x080068de                HAL_DCACHE_CleanAndInvalidateByAddrCallback
 .text.HAL_DCACHE_InvalidateCompleteCallback
                0x080068f2       0x14 ./Drivers/STM32H5xx_HAL_Driver/Src/stm32h5xx_hal_dcache.o
                0x080068f2                HAL_DCACHE_InvalidateCompleteCallback
 .text.HAL_DCACHE_ErrorCallback
                0x08006906       0x14 ./Drivers/STM32H5xx_HAL_Driver/Src/stm32h5xx_hal_dcache.o
                0x08006906                HAL_DCACHE_ErrorCallback
 *fill*         0x0800691a        0x2 
 .text.HAL_DMA_Init
                0x0800691c      0x284 ./Drivers/STM32H5xx_HAL_Driver/Src/stm32h5xx_hal_dma.o
                0x0800691c                HAL_DMA_Init
 .text.HAL_DMA_Start_IT
                0x08006ba0       0xcc ./Drivers/STM32H5xx_HAL_Driver/Src/stm32h5xx_hal_dma.o
                0x08006ba0                HAL_DMA_Start_IT
 .text.HAL_DMA_Abort
                0x08006c6c       0xf8 ./Drivers/STM32H5xx_HAL_Driver/Src/stm32h5xx_hal_dma.o
                0x08006c6c                HAL_DMA_Abort
 .text.HAL_DMA_Abort_IT
                0x08006d64       0x52 ./Drivers/STM32H5xx_HAL_Driver/Src/stm32h5xx_hal_dma.o
                0x08006d64                HAL_DMA_Abort_IT
 .text.HAL_DMA_IRQHandler
                0x08006db6      0x2c2 ./Drivers/STM32H5xx_HAL_Driver/Src/stm32h5xx_hal_dma.o
                0x08006db6                HAL_DMA_IRQHandler
 .text.HAL_DMA_ConfigChannelAttributes
                0x08007078       0x78 ./Drivers/STM32H5xx_HAL_Driver/Src/stm32h5xx_hal_dma.o
                0x08007078                HAL_DMA_ConfigChannelAttributes
 .text.DMA_SetConfig
                0x080070f0       0x4a ./Drivers/STM32H5xx_HAL_Driver/Src/stm32h5xx_hal_dma.o
 *fill*         0x0800713a        0x2 
 .text.DMA_Init
                0x0800713c      0x508 ./Drivers/STM32H5xx_HAL_Driver/Src/stm32h5xx_hal_dma.o
 .text.HAL_DMAEx_List_Start_IT
                0x08007644      0x134 ./Drivers/STM32H5xx_HAL_Driver/Src/stm32h5xx_hal_dma_ex.o
                0x08007644                HAL_DMAEx_List_Start_IT
 .text.DMA_List_GetCLLRNodeInfo
                0x08007778       0x60 ./Drivers/STM32H5xx_HAL_Driver/Src/stm32h5xx_hal_dma_ex.o
 .text.HAL_GPIO_Init
                0x080077d8      0x2bc ./Drivers/STM32H5xx_HAL_Driver/Src/stm32h5xx_hal_gpio.o
                0x080077d8                HAL_GPIO_Init
 .text.HAL_GPIO_ReadPin
                0x08007a94       0x30 ./Drivers/STM32H5xx_HAL_Driver/Src/stm32h5xx_hal_gpio.o
                0x08007a94                HAL_GPIO_ReadPin
 .text.HAL_GPIO_WritePin
                0x08007ac4       0x30 ./Drivers/STM32H5xx_HAL_Driver/Src/stm32h5xx_hal_gpio.o
                0x08007ac4                HAL_GPIO_WritePin
 .text.HAL_GPIO_EXTI_IRQHandler
                0x08007af4       0x4c ./Drivers/STM32H5xx_HAL_Driver/Src/stm32h5xx_hal_gpio.o
                0x08007af4                HAL_GPIO_EXTI_IRQHandler
 .text.HAL_GPIO_EXTI_Rising_Callback
                0x08007b40       0x16 ./Drivers/STM32H5xx_HAL_Driver/Src/stm32h5xx_hal_gpio.o
                0x08007b40                HAL_GPIO_EXTI_Rising_Callback
 *fill*         0x08007b56        0x2 
 .text.HAL_ICACHE_Enable
                0x08007b58       0x20 ./Drivers/STM32H5xx_HAL_Driver/Src/stm32h5xx_hal_icache.o
                0x08007b58                HAL_ICACHE_Enable
 .text.HAL_PWREx_DisableUCPDDeadBattery
                0x08007b78       0x20 ./Drivers/STM32H5xx_HAL_Driver/Src/stm32h5xx_hal_pwr_ex.o
                0x08007b78                HAL_PWREx_DisableUCPDDeadBattery
 .text.HAL_RCC_OscConfig
                0x08007b98      0x870 ./Drivers/STM32H5xx_HAL_Driver/Src/stm32h5xx_hal_rcc.o
                0x08007b98                HAL_RCC_OscConfig
 .text.HAL_RCC_ClockConfig
                0x08008408      0x370 ./Drivers/STM32H5xx_HAL_Driver/Src/stm32h5xx_hal_rcc.o
                0x08008408                HAL_RCC_ClockConfig
 .text.HAL_RCC_GetSysClockFreq
                0x08008778      0x258 ./Drivers/STM32H5xx_HAL_Driver/Src/stm32h5xx_hal_rcc.o
                0x08008778                HAL_RCC_GetSysClockFreq
 .text.HAL_RCC_GetHCLKFreq
                0x080089d0       0x38 ./Drivers/STM32H5xx_HAL_Driver/Src/stm32h5xx_hal_rcc.o
                0x080089d0                HAL_RCC_GetHCLKFreq
 .text.HAL_RCC_GetPCLK1Freq
                0x08008a08       0x2c ./Drivers/STM32H5xx_HAL_Driver/Src/stm32h5xx_hal_rcc.o
                0x08008a08                HAL_RCC_GetPCLK1Freq
 .text.HAL_RCC_GetPCLK2Freq
                0x08008a34       0x2c ./Drivers/STM32H5xx_HAL_Driver/Src/stm32h5xx_hal_rcc.o
                0x08008a34                HAL_RCC_GetPCLK2Freq
 .text.HAL_RCC_GetPCLK3Freq
                0x08008a60       0x2c ./Drivers/STM32H5xx_HAL_Driver/Src/stm32h5xx_hal_rcc.o
                0x08008a60                HAL_RCC_GetPCLK3Freq
 .text.HAL_RCCEx_PeriphCLKConfig
                0x08008a8c     0x1e8c ./Drivers/STM32H5xx_HAL_Driver/Src/stm32h5xx_hal_rcc_ex.o
                0x08008a8c                HAL_RCCEx_PeriphCLKConfig
 .text.HAL_RCCEx_GetPLL1ClockFreq
                0x0800a918      0x2d8 ./Drivers/STM32H5xx_HAL_Driver/Src/stm32h5xx_hal_rcc_ex.o
                0x0800a918                HAL_RCCEx_GetPLL1ClockFreq
 .text.HAL_RCCEx_GetPLL2ClockFreq
                0x0800abf0      0x2d8 ./Drivers/STM32H5xx_HAL_Driver/Src/stm32h5xx_hal_rcc_ex.o
                0x0800abf0                HAL_RCCEx_GetPLL2ClockFreq
 .text.HAL_RCCEx_GetPLL3ClockFreq
                0x0800aec8      0x2d8 ./Drivers/STM32H5xx_HAL_Driver/Src/stm32h5xx_hal_rcc_ex.o
                0x0800aec8                HAL_RCCEx_GetPLL3ClockFreq
 .text.HAL_RCCEx_GetPeriphCLKFreq
                0x0800b1a0     0x264c ./Drivers/STM32H5xx_HAL_Driver/Src/stm32h5xx_hal_rcc_ex.o
                0x0800b1a0                HAL_RCCEx_GetPeriphCLKFreq
 .text.RCCEx_PLL2_Config
                0x0800d7ec      0x130 ./Drivers/STM32H5xx_HAL_Driver/Src/stm32h5xx_hal_rcc_ex.o
 .text.RCCEx_PLL3_Config
                0x0800d91c      0x130 ./Drivers/STM32H5xx_HAL_Driver/Src/stm32h5xx_hal_rcc_ex.o
 .text.HAL_TIM_Base_Init
                0x0800da4c       0xae ./Drivers/STM32H5xx_HAL_Driver/Src/stm32h5xx_hal_tim.o
                0x0800da4c                HAL_TIM_Base_Init
 *fill*         0x0800dafa        0x2 
 .text.HAL_TIM_Base_Start_IT
                0x0800dafc      0x15c ./Drivers/STM32H5xx_HAL_Driver/Src/stm32h5xx_hal_tim.o
                0x0800dafc                HAL_TIM_Base_Start_IT
 .text.HAL_TIM_Base_Stop_IT
                0x0800dc58       0x5e ./Drivers/STM32H5xx_HAL_Driver/Src/stm32h5xx_hal_tim.o
                0x0800dc58                HAL_TIM_Base_Stop_IT
 .text.HAL_TIM_PWM_Init
                0x0800dcb6       0xae ./Drivers/STM32H5xx_HAL_Driver/Src/stm32h5xx_hal_tim.o
                0x0800dcb6                HAL_TIM_PWM_Init
 .text.HAL_TIM_PWM_MspInit
                0x0800dd64       0x14 ./Drivers/STM32H5xx_HAL_Driver/Src/stm32h5xx_hal_tim.o
                0x0800dd64                HAL_TIM_PWM_MspInit
 .text.HAL_TIM_PWM_Start_DMA
                0x0800dd78      0x50c ./Drivers/STM32H5xx_HAL_Driver/Src/stm32h5xx_hal_tim.o
                0x0800dd78                HAL_TIM_PWM_Start_DMA
 .text.HAL_TIM_PWM_Stop_DMA
                0x0800e284      0x234 ./Drivers/STM32H5xx_HAL_Driver/Src/stm32h5xx_hal_tim.o
                0x0800e284                HAL_TIM_PWM_Stop_DMA
 .text.HAL_TIM_IRQHandler
                0x0800e4b8      0x29e ./Drivers/STM32H5xx_HAL_Driver/Src/stm32h5xx_hal_tim.o
                0x0800e4b8                HAL_TIM_IRQHandler
 *fill*         0x0800e756        0x2 
 .text.HAL_TIM_PWM_ConfigChannel
                0x0800e758      0x228 ./Drivers/STM32H5xx_HAL_Driver/Src/stm32h5xx_hal_tim.o
                0x0800e758                HAL_TIM_PWM_ConfigChannel
 .text.HAL_TIM_ConfigClockSource
                0x0800e980      0x23c ./Drivers/STM32H5xx_HAL_Driver/Src/stm32h5xx_hal_tim.o
                0x0800e980                HAL_TIM_ConfigClockSource
 .text.TIM_DMA_Start_IT
                0x0800ebbc       0x76 ./Drivers/STM32H5xx_HAL_Driver/Src/stm32h5xx_hal_tim.o
                0x0800ebbc                TIM_DMA_Start_IT
 .text.HAL_TIM_OC_DelayElapsedCallback
                0x0800ec32       0x14 ./Drivers/STM32H5xx_HAL_Driver/Src/stm32h5xx_hal_tim.o
                0x0800ec32                HAL_TIM_OC_DelayElapsedCallback
 .text.HAL_TIM_IC_CaptureCallback
                0x0800ec46       0x14 ./Drivers/STM32H5xx_HAL_Driver/Src/stm32h5xx_hal_tim.o
                0x0800ec46                HAL_TIM_IC_CaptureCallback
 .text.HAL_TIM_PWM_PulseFinishedHalfCpltCallback
                0x0800ec5a       0x14 ./Drivers/STM32H5xx_HAL_Driver/Src/stm32h5xx_hal_tim.o
                0x0800ec5a                HAL_TIM_PWM_PulseFinishedHalfCpltCallback
 .text.HAL_TIM_TriggerCallback
                0x0800ec6e       0x14 ./Drivers/STM32H5xx_HAL_Driver/Src/stm32h5xx_hal_tim.o
                0x0800ec6e                HAL_TIM_TriggerCallback
 .text.HAL_TIM_ErrorCallback
                0x0800ec82       0x14 ./Drivers/STM32H5xx_HAL_Driver/Src/stm32h5xx_hal_tim.o
                0x0800ec82                HAL_TIM_ErrorCallback
 .text.TIM_DMAError
                0x0800ec96       0x92 ./Drivers/STM32H5xx_HAL_Driver/Src/stm32h5xx_hal_tim.o
                0x0800ec96                TIM_DMAError
 .text.TIM_DMADelayPulseCplt
                0x0800ed28       0x68 ./Drivers/STM32H5xx_HAL_Driver/Src/stm32h5xx_hal_tim.o
 .text.TIM_DMADelayPulseHalfCplt
                0x0800ed90       0x68 ./Drivers/STM32H5xx_HAL_Driver/Src/stm32h5xx_hal_tim.o
                0x0800ed90                TIM_DMADelayPulseHalfCplt
 .text.TIM_Base_SetConfig
                0x0800edf8      0x254 ./Drivers/STM32H5xx_HAL_Driver/Src/stm32h5xx_hal_tim.o
                0x0800edf8                TIM_Base_SetConfig
 .text.TIM_OC1_SetConfig
                0x0800f04c      0x184 ./Drivers/STM32H5xx_HAL_Driver/Src/stm32h5xx_hal_tim.o
 .text.TIM_OC2_SetConfig
                0x0800f1d0      0x160 ./Drivers/STM32H5xx_HAL_Driver/Src/stm32h5xx_hal_tim.o
                0x0800f1d0                TIM_OC2_SetConfig
 .text.TIM_OC3_SetConfig
                0x0800f330      0x15c ./Drivers/STM32H5xx_HAL_Driver/Src/stm32h5xx_hal_tim.o
 .text.TIM_OC4_SetConfig
                0x0800f48c      0x160 ./Drivers/STM32H5xx_HAL_Driver/Src/stm32h5xx_hal_tim.o
 .text.TIM_OC5_SetConfig
                0x0800f5ec      0x104 ./Drivers/STM32H5xx_HAL_Driver/Src/stm32h5xx_hal_tim.o
 .text.TIM_OC6_SetConfig
                0x0800f6f0      0x108 ./Drivers/STM32H5xx_HAL_Driver/Src/stm32h5xx_hal_tim.o
 .text.TIM_TI1_ConfigInputStage
                0x0800f7f8       0x5e ./Drivers/STM32H5xx_HAL_Driver/Src/stm32h5xx_hal_tim.o
 .text.TIM_TI2_ConfigInputStage
                0x0800f856       0x60 ./Drivers/STM32H5xx_HAL_Driver/Src/stm32h5xx_hal_tim.o
 .text.TIM_ITRx_SetConfig
                0x0800f8b6       0x3a ./Drivers/STM32H5xx_HAL_Driver/Src/stm32h5xx_hal_tim.o
 .text.TIM_ETR_SetConfig
                0x0800f8f0       0x40 ./Drivers/STM32H5xx_HAL_Driver/Src/stm32h5xx_hal_tim.o
                0x0800f8f0                TIM_ETR_SetConfig
 .text.TIM_CCxChannelCmd
                0x0800f930       0x4a ./Drivers/STM32H5xx_HAL_Driver/Src/stm32h5xx_hal_tim.o
                0x0800f930                TIM_CCxChannelCmd
 *fill*         0x0800f97a        0x2 
 .text.HAL_TIMEx_MasterConfigSynchronization
                0x0800f97c      0x1a0 ./Drivers/STM32H5xx_HAL_Driver/Src/stm32h5xx_hal_tim_ex.o
                0x0800f97c                HAL_TIMEx_MasterConfigSynchronization
 .text.HAL_TIMEx_CommutCallback
                0x0800fb1c       0x14 ./Drivers/STM32H5xx_HAL_Driver/Src/stm32h5xx_hal_tim_ex.o
                0x0800fb1c                HAL_TIMEx_CommutCallback
 .text.HAL_TIMEx_BreakCallback
                0x0800fb30       0x14 ./Drivers/STM32H5xx_HAL_Driver/Src/stm32h5xx_hal_tim_ex.o
                0x0800fb30                HAL_TIMEx_BreakCallback
 .text.HAL_TIMEx_Break2Callback
                0x0800fb44       0x14 ./Drivers/STM32H5xx_HAL_Driver/Src/stm32h5xx_hal_tim_ex.o
                0x0800fb44                HAL_TIMEx_Break2Callback
 .text.HAL_TIMEx_EncoderIndexCallback
                0x0800fb58       0x14 ./Drivers/STM32H5xx_HAL_Driver/Src/stm32h5xx_hal_tim_ex.o
                0x0800fb58                HAL_TIMEx_EncoderIndexCallback
 .text.HAL_TIMEx_DirectionChangeCallback
                0x0800fb6c       0x14 ./Drivers/STM32H5xx_HAL_Driver/Src/stm32h5xx_hal_tim_ex.o
                0x0800fb6c                HAL_TIMEx_DirectionChangeCallback
 .text.HAL_TIMEx_IndexErrorCallback
                0x0800fb80       0x14 ./Drivers/STM32H5xx_HAL_Driver/Src/stm32h5xx_hal_tim_ex.o
                0x0800fb80                HAL_TIMEx_IndexErrorCallback
 .text.HAL_TIMEx_TransitionErrorCallback
                0x0800fb94       0x14 ./Drivers/STM32H5xx_HAL_Driver/Src/stm32h5xx_hal_tim_ex.o
                0x0800fb94                HAL_TIMEx_TransitionErrorCallback
 .text.HAL_UART_Init
                0x0800fba8       0xa0 ./Drivers/STM32H5xx_HAL_Driver/Src/stm32h5xx_hal_uart.o
                0x0800fba8                HAL_UART_Init
 .text.HAL_UART_Receive_IT
                0x0800fc48       0xc4 ./Drivers/STM32H5xx_HAL_Driver/Src/stm32h5xx_hal_uart.o
                0x0800fc48                HAL_UART_Receive_IT
 .text.HAL_UART_Transmit_DMA
                0x0800fd0c      0x190 ./Drivers/STM32H5xx_HAL_Driver/Src/stm32h5xx_hal_uart.o
                0x0800fd0c                HAL_UART_Transmit_DMA
 .text.HAL_UART_IRQHandler
                0x0800fe9c      0x5dc ./Drivers/STM32H5xx_HAL_Driver/Src/stm32h5xx_hal_uart.o
                0x0800fe9c                HAL_UART_IRQHandler
 .text.HAL_UART_TxHalfCpltCallback
                0x08010478       0x14 ./Drivers/STM32H5xx_HAL_Driver/Src/stm32h5xx_hal_uart.o
                0x08010478                HAL_UART_TxHalfCpltCallback
 .text.HAL_UART_ErrorCallback
                0x0801048c       0x14 ./Drivers/STM32H5xx_HAL_Driver/Src/stm32h5xx_hal_uart.o
                0x0801048c                HAL_UART_ErrorCallback
 .text.HAL_UARTEx_RxEventCallback
                0x080104a0       0x18 ./Drivers/STM32H5xx_HAL_Driver/Src/stm32h5xx_hal_uart.o
                0x080104a0                HAL_UARTEx_RxEventCallback
 .text.UART_SetConfig
                0x080104b8      0x3dc ./Drivers/STM32H5xx_HAL_Driver/Src/stm32h5xx_hal_uart.o
                0x080104b8                UART_SetConfig
 .text.UART_AdvFeatureConfig
                0x08010894      0x144 ./Drivers/STM32H5xx_HAL_Driver/Src/stm32h5xx_hal_uart.o
                0x08010894                UART_AdvFeatureConfig
 .text.UART_CheckIdleState
                0x080109d8      0x154 ./Drivers/STM32H5xx_HAL_Driver/Src/stm32h5xx_hal_uart.o
                0x080109d8                UART_CheckIdleState
 .text.UART_WaitOnFlagUntilTimeout
                0x08010b2c       0xda ./Drivers/STM32H5xx_HAL_Driver/Src/stm32h5xx_hal_uart.o
                0x08010b2c                UART_WaitOnFlagUntilTimeout
 *fill*         0x08010c06        0x2 
 .text.UART_Start_Receive_IT
                0x08010c08      0x244 ./Drivers/STM32H5xx_HAL_Driver/Src/stm32h5xx_hal_uart.o
                0x08010c08                UART_Start_Receive_IT
 .text.UART_EndTxTransfer
                0x08010e4c       0x82 ./Drivers/STM32H5xx_HAL_Driver/Src/stm32h5xx_hal_uart.o
 .text.UART_EndRxTransfer
                0x08010ece       0xcc ./Drivers/STM32H5xx_HAL_Driver/Src/stm32h5xx_hal_uart.o
 .text.UART_DMATransmitCplt
                0x08010f9a       0x60 ./Drivers/STM32H5xx_HAL_Driver/Src/stm32h5xx_hal_uart.o
 .text.UART_DMATxHalfCplt
                0x08010ffa       0x1c ./Drivers/STM32H5xx_HAL_Driver/Src/stm32h5xx_hal_uart.o
 .text.UART_DMAError
                0x08011016       0x80 ./Drivers/STM32H5xx_HAL_Driver/Src/stm32h5xx_hal_uart.o
 .text.UART_DMAAbortOnError
                0x08011096       0x24 ./Drivers/STM32H5xx_HAL_Driver/Src/stm32h5xx_hal_uart.o
 .text.UART_EndTransmit_IT
                0x080110ba       0x56 ./Drivers/STM32H5xx_HAL_Driver/Src/stm32h5xx_hal_uart.o
 .text.UART_RxISR_8BIT
                0x08011110      0x1c4 ./Drivers/STM32H5xx_HAL_Driver/Src/stm32h5xx_hal_uart.o
 .text.UART_RxISR_16BIT
                0x080112d4      0x1c4 ./Drivers/STM32H5xx_HAL_Driver/Src/stm32h5xx_hal_uart.o
 .text.UART_RxISR_8BIT_FIFOEN
                0x08011498      0x370 ./Drivers/STM32H5xx_HAL_Driver/Src/stm32h5xx_hal_uart.o
 .text.UART_RxISR_16BIT_FIFOEN
                0x08011808      0x378 ./Drivers/STM32H5xx_HAL_Driver/Src/stm32h5xx_hal_uart.o
 .text.HAL_UARTEx_WakeupCallback
                0x08011b80       0x14 ./Drivers/STM32H5xx_HAL_Driver/Src/stm32h5xx_hal_uart_ex.o
                0x08011b80                HAL_UARTEx_WakeupCallback
 .text.HAL_UARTEx_RxFifoFullCallback
                0x08011b94       0x14 ./Drivers/STM32H5xx_HAL_Driver/Src/stm32h5xx_hal_uart_ex.o
                0x08011b94                HAL_UARTEx_RxFifoFullCallback
 .text.HAL_UARTEx_TxFifoEmptyCallback
                0x08011ba8       0x14 ./Drivers/STM32H5xx_HAL_Driver/Src/stm32h5xx_hal_uart_ex.o
                0x08011ba8                HAL_UARTEx_TxFifoEmptyCallback
 .text.HAL_UARTEx_DisableFifoMode
                0x08011bbc       0x72 ./Drivers/STM32H5xx_HAL_Driver/Src/stm32h5xx_hal_uart_ex.o
                0x08011bbc                HAL_UARTEx_DisableFifoMode
 .text.HAL_UARTEx_SetTxFifoThreshold
                0x08011c2e       0x7c ./Drivers/STM32H5xx_HAL_Driver/Src/stm32h5xx_hal_uart_ex.o
                0x08011c2e                HAL_UARTEx_SetTxFifoThreshold
 .text.HAL_UARTEx_SetRxFifoThreshold
                0x08011caa       0x7c ./Drivers/STM32H5xx_HAL_Driver/Src/stm32h5xx_hal_uart_ex.o
                0x08011caa                HAL_UARTEx_SetRxFifoThreshold
 *fill*         0x08011d26        0x2 
 .text.UARTEx_SetNbDataToProcess
                0x08011d28       0x9c ./Drivers/STM32H5xx_HAL_Driver/Src/stm32h5xx_hal_uart_ex.o
 .text.rand     0x08011dc4       0x7c E:/STM_FILES/STM32CubeIDE_1.19.0/STM32CubeIDE/plugins/com.st.stm32cube.ide.mcu.externaltools.gnu-tools-for-stm32.13.3.rel1.win32_1.0.0.202411081344/tools/bin/../lib/gcc/arm-none-eabi/13.3.1/../../../../arm-none-eabi/lib/thumb/v8-m.main+fp/hard\libc_nano.a(libc_a-rand.o)
                0x08011dc4                rand
 .text.std      0x08011e40       0x6c E:/STM_FILES/STM32CubeIDE_1.19.0/STM32CubeIDE/plugins/com.st.stm32cube.ide.mcu.externaltools.gnu-tools-for-stm32.13.3.rel1.win32_1.0.0.202411081344/tools/bin/../lib/gcc/arm-none-eabi/13.3.1/../../../../arm-none-eabi/lib/thumb/v8-m.main+fp/hard\libc_nano.a(libc_a-findfp.o)
 .text.stdio_exit_handler
                0x08011eac       0x18 E:/STM_FILES/STM32CubeIDE_1.19.0/STM32CubeIDE/plugins/com.st.stm32cube.ide.mcu.externaltools.gnu-tools-for-stm32.13.3.rel1.win32_1.0.0.202411081344/tools/bin/../lib/gcc/arm-none-eabi/13.3.1/../../../../arm-none-eabi/lib/thumb/v8-m.main+fp/hard\libc_nano.a(libc_a-findfp.o)
 .text.cleanup_stdio
                0x08011ec4       0x40 E:/STM_FILES/STM32CubeIDE_1.19.0/STM32CubeIDE/plugins/com.st.stm32cube.ide.mcu.externaltools.gnu-tools-for-stm32.13.3.rel1.win32_1.0.0.202411081344/tools/bin/../lib/gcc/arm-none-eabi/13.3.1/../../../../arm-none-eabi/lib/thumb/v8-m.main+fp/hard\libc_nano.a(libc_a-findfp.o)
 .text.global_stdio_init.part.0
                0x08011f04       0x3c E:/STM_FILES/STM32CubeIDE_1.19.0/STM32CubeIDE/plugins/com.st.stm32cube.ide.mcu.externaltools.gnu-tools-for-stm32.13.3.rel1.win32_1.0.0.202411081344/tools/bin/../lib/gcc/arm-none-eabi/13.3.1/../../../../arm-none-eabi/lib/thumb/v8-m.main+fp/hard\libc_nano.a(libc_a-findfp.o)
 .text.__sfp_lock_acquire
                0x08011f40        0xc E:/STM_FILES/STM32CubeIDE_1.19.0/STM32CubeIDE/plugins/com.st.stm32cube.ide.mcu.externaltools.gnu-tools-for-stm32.13.3.rel1.win32_1.0.0.202411081344/tools/bin/../lib/gcc/arm-none-eabi/13.3.1/../../../../arm-none-eabi/lib/thumb/v8-m.main+fp/hard\libc_nano.a(libc_a-findfp.o)
                0x08011f40                __sfp_lock_acquire
 .text.__sfp_lock_release
                0x08011f4c        0xc E:/STM_FILES/STM32CubeIDE_1.19.0/STM32CubeIDE/plugins/com.st.stm32cube.ide.mcu.externaltools.gnu-tools-for-stm32.13.3.rel1.win32_1.0.0.202411081344/tools/bin/../lib/gcc/arm-none-eabi/13.3.1/../../../../arm-none-eabi/lib/thumb/v8-m.main+fp/hard\libc_nano.a(libc_a-findfp.o)
                0x08011f4c                __sfp_lock_release
 .text.__sinit  0x08011f58       0x30 E:/STM_FILES/STM32CubeIDE_1.19.0/STM32CubeIDE/plugins/com.st.stm32cube.ide.mcu.externaltools.gnu-tools-for-stm32.13.3.rel1.win32_1.0.0.202411081344/tools/bin/../lib/gcc/arm-none-eabi/13.3.1/../../../../arm-none-eabi/lib/thumb/v8-m.main+fp/hard\libc_nano.a(libc_a-findfp.o)
                0x08011f58                __sinit
 .text._fwalk_sglue
                0x08011f88       0x3c E:/STM_FILES/STM32CubeIDE_1.19.0/STM32CubeIDE/plugins/com.st.stm32cube.ide.mcu.externaltools.gnu-tools-for-stm32.13.3.rel1.win32_1.0.0.202411081344/tools/bin/../lib/gcc/arm-none-eabi/13.3.1/../../../../arm-none-eabi/lib/thumb/v8-m.main+fp/hard\libc_nano.a(libc_a-fwalk.o)
                0x08011f88                _fwalk_sglue
 .text.printf   0x08011fc4       0x24 E:/STM_FILES/STM32CubeIDE_1.19.0/STM32CubeIDE/plugins/com.st.stm32cube.ide.mcu.externaltools.gnu-tools-for-stm32.13.3.rel1.win32_1.0.0.202411081344/tools/bin/../lib/gcc/arm-none-eabi/13.3.1/../../../../arm-none-eabi/lib/thumb/v8-m.main+fp/hard\libc_nano.a(libc_a-printf.o)
                0x08011fc4                iprintf
                0x08011fc4                printf
 .text._puts_r  0x08011fe8       0xaa E:/STM_FILES/STM32CubeIDE_1.19.0/STM32CubeIDE/plugins/com.st.stm32cube.ide.mcu.externaltools.gnu-tools-for-stm32.13.3.rel1.win32_1.0.0.202411081344/tools/bin/../lib/gcc/arm-none-eabi/13.3.1/../../../../arm-none-eabi/lib/thumb/v8-m.main+fp/hard\libc_nano.a(libc_a-puts.o)
                0x08011fe8                _puts_r
 *fill*         0x08012092        0x2 
 .text.puts     0x08012094       0x10 E:/STM_FILES/STM32CubeIDE_1.19.0/STM32CubeIDE/plugins/com.st.stm32cube.ide.mcu.externaltools.gnu-tools-for-stm32.13.3.rel1.win32_1.0.0.202411081344/tools/bin/../lib/gcc/arm-none-eabi/13.3.1/../../../../arm-none-eabi/lib/thumb/v8-m.main+fp/hard\libc_nano.a(libc_a-puts.o)
                0x08012094                puts
 .text.sprintf  0x080120a4       0x44 E:/STM_FILES/STM32CubeIDE_1.19.0/STM32CubeIDE/plugins/com.st.stm32cube.ide.mcu.externaltools.gnu-tools-for-stm32.13.3.rel1.win32_1.0.0.202411081344/tools/bin/../lib/gcc/arm-none-eabi/13.3.1/../../../../arm-none-eabi/lib/thumb/v8-m.main+fp/hard\libc_nano.a(libc_a-sprintf.o)
                0x080120a4                siprintf
                0x080120a4                sprintf
 .text.__sread  0x080120e8       0x22 E:/STM_FILES/STM32CubeIDE_1.19.0/STM32CubeIDE/plugins/com.st.stm32cube.ide.mcu.externaltools.gnu-tools-for-stm32.13.3.rel1.win32_1.0.0.202411081344/tools/bin/../lib/gcc/arm-none-eabi/13.3.1/../../../../arm-none-eabi/lib/thumb/v8-m.main+fp/hard\libc_nano.a(libc_a-stdio.o)
                0x080120e8                __sread
 .text.__swrite
                0x0801210a       0x38 E:/STM_FILES/STM32CubeIDE_1.19.0/STM32CubeIDE/plugins/com.st.stm32cube.ide.mcu.externaltools.gnu-tools-for-stm32.13.3.rel1.win32_1.0.0.202411081344/tools/bin/../lib/gcc/arm-none-eabi/13.3.1/../../../../arm-none-eabi/lib/thumb/v8-m.main+fp/hard\libc_nano.a(libc_a-stdio.o)
                0x0801210a                __swrite
 .text.__sseek  0x08012142       0x24 E:/STM_FILES/STM32CubeIDE_1.19.0/STM32CubeIDE/plugins/com.st.stm32cube.ide.mcu.externaltools.gnu-tools-for-stm32.13.3.rel1.win32_1.0.0.202411081344/tools/bin/../lib/gcc/arm-none-eabi/13.3.1/../../../../arm-none-eabi/lib/thumb/v8-m.main+fp/hard\libc_nano.a(libc_a-stdio.o)
                0x08012142                __sseek
 .text.__sclose
                0x08012166        0x8 E:/STM_FILES/STM32CubeIDE_1.19.0/STM32CubeIDE/plugins/com.st.stm32cube.ide.mcu.externaltools.gnu-tools-for-stm32.13.3.rel1.win32_1.0.0.202411081344/tools/bin/../lib/gcc/arm-none-eabi/13.3.1/../../../../arm-none-eabi/lib/thumb/v8-m.main+fp/hard\libc_nano.a(libc_a-stdio.o)
                0x08012166                __sclose
 .text.__swbuf_r
                0x0801216e       0x7c E:/STM_FILES/STM32CubeIDE_1.19.0/STM32CubeIDE/plugins/com.st.stm32cube.ide.mcu.externaltools.gnu-tools-for-stm32.13.3.rel1.win32_1.0.0.202411081344/tools/bin/../lib/gcc/arm-none-eabi/13.3.1/../../../../arm-none-eabi/lib/thumb/v8-m.main+fp/hard\libc_nano.a(libc_a-wbuf.o)
                0x0801216e                __swbuf_r
 *fill*         0x080121ea        0x2 
 .text.__swsetup_r
                0x080121ec       0xac E:/STM_FILES/STM32CubeIDE_1.19.0/STM32CubeIDE/plugins/com.st.stm32cube.ide.mcu.externaltools.gnu-tools-for-stm32.13.3.rel1.win32_1.0.0.202411081344/tools/bin/../lib/gcc/arm-none-eabi/13.3.1/../../../../arm-none-eabi/lib/thumb/v8-m.main+fp/hard\libc_nano.a(libc_a-wsetup.o)
                0x080121ec                __swsetup_r
 .text.memset   0x08012298       0x10 E:/STM_FILES/STM32CubeIDE_1.19.0/STM32CubeIDE/plugins/com.st.stm32cube.ide.mcu.externaltools.gnu-tools-for-stm32.13.3.rel1.win32_1.0.0.202411081344/tools/bin/../lib/gcc/arm-none-eabi/13.3.1/../../../../arm-none-eabi/lib/thumb/v8-m.main+fp/hard\libc_nano.a(libc_a-memset.o)
                0x08012298                memset
 .text._close_r
                0x080122a8       0x20 E:/STM_FILES/STM32CubeIDE_1.19.0/STM32CubeIDE/plugins/com.st.stm32cube.ide.mcu.externaltools.gnu-tools-for-stm32.13.3.rel1.win32_1.0.0.202411081344/tools/bin/../lib/gcc/arm-none-eabi/13.3.1/../../../../arm-none-eabi/lib/thumb/v8-m.main+fp/hard\libc_nano.a(libc_a-closer.o)
                0x080122a8                _close_r
 .text._lseek_r
                0x080122c8       0x24 E:/STM_FILES/STM32CubeIDE_1.19.0/STM32CubeIDE/plugins/com.st.stm32cube.ide.mcu.externaltools.gnu-tools-for-stm32.13.3.rel1.win32_1.0.0.202411081344/tools/bin/../lib/gcc/arm-none-eabi/13.3.1/../../../../arm-none-eabi/lib/thumb/v8-m.main+fp/hard\libc_nano.a(libc_a-lseekr.o)
                0x080122c8                _lseek_r
 .text._read_r  0x080122ec       0x24 E:/STM_FILES/STM32CubeIDE_1.19.0/STM32CubeIDE/plugins/com.st.stm32cube.ide.mcu.externaltools.gnu-tools-for-stm32.13.3.rel1.win32_1.0.0.202411081344/tools/bin/../lib/gcc/arm-none-eabi/13.3.1/../../../../arm-none-eabi/lib/thumb/v8-m.main+fp/hard\libc_nano.a(libc_a-readr.o)
                0x080122ec                _read_r
 .text._write_r
                0x08012310       0x24 E:/STM_FILES/STM32CubeIDE_1.19.0/STM32CubeIDE/plugins/com.st.stm32cube.ide.mcu.externaltools.gnu-tools-for-stm32.13.3.rel1.win32_1.0.0.202411081344/tools/bin/../lib/gcc/arm-none-eabi/13.3.1/../../../../arm-none-eabi/lib/thumb/v8-m.main+fp/hard\libc_nano.a(libc_a-writer.o)
                0x08012310                _write_r
 .text.__errno  0x08012334        0xc E:/STM_FILES/STM32CubeIDE_1.19.0/STM32CubeIDE/plugins/com.st.stm32cube.ide.mcu.externaltools.gnu-tools-for-stm32.13.3.rel1.win32_1.0.0.202411081344/tools/bin/../lib/gcc/arm-none-eabi/13.3.1/../../../../arm-none-eabi/lib/thumb/v8-m.main+fp/hard\libc_nano.a(libc_a-errno.o)
                0x08012334                __errno
 .text.__libc_init_array
                0x08012340       0x48 E:/STM_FILES/STM32CubeIDE_1.19.0/STM32CubeIDE/plugins/com.st.stm32cube.ide.mcu.externaltools.gnu-tools-for-stm32.13.3.rel1.win32_1.0.0.202411081344/tools/bin/../lib/gcc/arm-none-eabi/13.3.1/../../../../arm-none-eabi/lib/thumb/v8-m.main+fp/hard\libc_nano.a(libc_a-init.o)
                0x08012340                __libc_init_array
 .text.__retarget_lock_init_recursive
                0x08012388        0x2 E:/STM_FILES/STM32CubeIDE_1.19.0/STM32CubeIDE/plugins/com.st.stm32cube.ide.mcu.externaltools.gnu-tools-for-stm32.13.3.rel1.win32_1.0.0.202411081344/tools/bin/../lib/gcc/arm-none-eabi/13.3.1/../../../../arm-none-eabi/lib/thumb/v8-m.main+fp/hard\libc_nano.a(libc_a-lock.o)
                0x08012388                __retarget_lock_init_recursive
 .text.__retarget_lock_acquire_recursive
                0x0801238a        0x2 E:/STM_FILES/STM32CubeIDE_1.19.0/STM32CubeIDE/plugins/com.st.stm32cube.ide.mcu.externaltools.gnu-tools-for-stm32.13.3.rel1.win32_1.0.0.202411081344/tools/bin/../lib/gcc/arm-none-eabi/13.3.1/../../../../arm-none-eabi/lib/thumb/v8-m.main+fp/hard\libc_nano.a(libc_a-lock.o)
                0x0801238a                __retarget_lock_acquire_recursive
 .text.__retarget_lock_release_recursive
                0x0801238c        0x2 E:/STM_FILES/STM32CubeIDE_1.19.0/STM32CubeIDE/plugins/com.st.stm32cube.ide.mcu.externaltools.gnu-tools-for-stm32.13.3.rel1.win32_1.0.0.202411081344/tools/bin/../lib/gcc/arm-none-eabi/13.3.1/../../../../arm-none-eabi/lib/thumb/v8-m.main+fp/hard\libc_nano.a(libc_a-lock.o)
                0x0801238c                __retarget_lock_release_recursive
 *fill*         0x0801238e        0x2 
 .text.__assert_func
                0x08012390       0x3c E:/STM_FILES/STM32CubeIDE_1.19.0/STM32CubeIDE/plugins/com.st.stm32cube.ide.mcu.externaltools.gnu-tools-for-stm32.13.3.rel1.win32_1.0.0.202411081344/tools/bin/../lib/gcc/arm-none-eabi/13.3.1/../../../../arm-none-eabi/lib/thumb/v8-m.main+fp/hard\libc_nano.a(libc_a-assert.o)
                0x08012390                __assert_func
 .text._free_r  0x080123cc       0x94 E:/STM_FILES/STM32CubeIDE_1.19.0/STM32CubeIDE/plugins/com.st.stm32cube.ide.mcu.externaltools.gnu-tools-for-stm32.13.3.rel1.win32_1.0.0.202411081344/tools/bin/../lib/gcc/arm-none-eabi/13.3.1/../../../../arm-none-eabi/lib/thumb/v8-m.main+fp/hard\libc_nano.a(libc_a-freer.o)
                0x080123cc                _free_r
 .text.malloc   0x08012460       0x10 E:/STM_FILES/STM32CubeIDE_1.19.0/STM32CubeIDE/plugins/com.st.stm32cube.ide.mcu.externaltools.gnu-tools-for-stm32.13.3.rel1.win32_1.0.0.202411081344/tools/bin/../lib/gcc/arm-none-eabi/13.3.1/../../../../arm-none-eabi/lib/thumb/v8-m.main+fp/hard\libc_nano.a(libc_a-malloc.o)
                0x08012460                malloc
 .text.sbrk_aligned
                0x08012470       0x44 E:/STM_FILES/STM32CubeIDE_1.19.0/STM32CubeIDE/plugins/com.st.stm32cube.ide.mcu.externaltools.gnu-tools-for-stm32.13.3.rel1.win32_1.0.0.202411081344/tools/bin/../lib/gcc/arm-none-eabi/13.3.1/../../../../arm-none-eabi/lib/thumb/v8-m.main+fp/hard\libc_nano.a(libc_a-mallocr.o)
 .text._malloc_r
                0x080124b4      0x100 E:/STM_FILES/STM32CubeIDE_1.19.0/STM32CubeIDE/plugins/com.st.stm32cube.ide.mcu.externaltools.gnu-tools-for-stm32.13.3.rel1.win32_1.0.0.202411081344/tools/bin/../lib/gcc/arm-none-eabi/13.3.1/../../../../arm-none-eabi/lib/thumb/v8-m.main+fp/hard\libc_nano.a(libc_a-mallocr.o)
                0x080124b4                _malloc_r
 .text.__malloc_lock
                0x080125b4        0xc E:/STM_FILES/STM32CubeIDE_1.19.0/STM32CubeIDE/plugins/com.st.stm32cube.ide.mcu.externaltools.gnu-tools-for-stm32.13.3.rel1.win32_1.0.0.202411081344/tools/bin/../lib/gcc/arm-none-eabi/13.3.1/../../../../arm-none-eabi/lib/thumb/v8-m.main+fp/hard\libc_nano.a(libc_a-mlock.o)
                0x080125b4                __malloc_lock
 .text.__malloc_unlock
                0x080125c0        0xc E:/STM_FILES/STM32CubeIDE_1.19.0/STM32CubeIDE/plugins/com.st.stm32cube.ide.mcu.externaltools.gnu-tools-for-stm32.13.3.rel1.win32_1.0.0.202411081344/tools/bin/../lib/gcc/arm-none-eabi/13.3.1/../../../../arm-none-eabi/lib/thumb/v8-m.main+fp/hard\libc_nano.a(libc_a-mlock.o)
                0x080125c0                __malloc_unlock
 .text.__ssputs_r
                0x080125cc       0xb6 E:/STM_FILES/STM32CubeIDE_1.19.0/STM32CubeIDE/plugins/com.st.stm32cube.ide.mcu.externaltools.gnu-tools-for-stm32.13.3.rel1.win32_1.0.0.202411081344/tools/bin/../lib/gcc/arm-none-eabi/13.3.1/../../../../arm-none-eabi/lib/thumb/v8-m.main+fp/hard\libc_nano.a(libc_a-nano-svfprintf.o)
                0x080125cc                __ssputs_r
 *fill*         0x08012682        0x2 
 .text._svfprintf_r
                0x08012684      0x1f8 E:/STM_FILES/STM32CubeIDE_1.19.0/STM32CubeIDE/plugins/com.st.stm32cube.ide.mcu.externaltools.gnu-tools-for-stm32.13.3.rel1.win32_1.0.0.202411081344/tools/bin/../lib/gcc/arm-none-eabi/13.3.1/../../../../arm-none-eabi/lib/thumb/v8-m.main+fp/hard\libc_nano.a(libc_a-nano-svfprintf.o)
                0x08012684                _svfiprintf_r
                0x08012684                _svfprintf_r
 .text.__sfputc_r
                0x0801287c       0x2e E:/STM_FILES/STM32CubeIDE_1.19.0/STM32CubeIDE/plugins/com.st.stm32cube.ide.mcu.externaltools.gnu-tools-for-stm32.13.3.rel1.win32_1.0.0.202411081344/tools/bin/../lib/gcc/arm-none-eabi/13.3.1/../../../../arm-none-eabi/lib/thumb/v8-m.main+fp/hard\libc_nano.a(libc_a-nano-vfprintf.o)
 .text.__sfputs_r
                0x080128aa       0x24 E:/STM_FILES/STM32CubeIDE_1.19.0/STM32CubeIDE/plugins/com.st.stm32cube.ide.mcu.externaltools.gnu-tools-for-stm32.13.3.rel1.win32_1.0.0.202411081344/tools/bin/../lib/gcc/arm-none-eabi/13.3.1/../../../../arm-none-eabi/lib/thumb/v8-m.main+fp/hard\libc_nano.a(libc_a-nano-vfprintf.o)
                0x080128aa                __sfputs_r
 *fill*         0x080128ce        0x2 
 .text._vfprintf_r
                0x080128d0      0x230 E:/STM_FILES/STM32CubeIDE_1.19.0/STM32CubeIDE/plugins/com.st.stm32cube.ide.mcu.externaltools.gnu-tools-for-stm32.13.3.rel1.win32_1.0.0.202411081344/tools/bin/../lib/gcc/arm-none-eabi/13.3.1/../../../../arm-none-eabi/lib/thumb/v8-m.main+fp/hard\libc_nano.a(libc_a-nano-vfprintf.o)
                0x080128d0                _vfprintf_r
                0x080128d0                _vfiprintf_r
 .text._printf_common
                0x08012b00       0xe4 E:/STM_FILES/STM32CubeIDE_1.19.0/STM32CubeIDE/plugins/com.st.stm32cube.ide.mcu.externaltools.gnu-tools-for-stm32.13.3.rel1.win32_1.0.0.202411081344/tools/bin/../lib/gcc/arm-none-eabi/13.3.1/../../../../arm-none-eabi/lib/thumb/v8-m.main+fp/hard\libc_nano.a(libc_a-nano-vfprintf_i.o)
                0x08012b00                _printf_common
 .text._printf_i
                0x08012be4      0x23c E:/STM_FILES/STM32CubeIDE_1.19.0/STM32CubeIDE/plugins/com.st.stm32cube.ide.mcu.externaltools.gnu-tools-for-stm32.13.3.rel1.win32_1.0.0.202411081344/tools/bin/../lib/gcc/arm-none-eabi/13.3.1/../../../../arm-none-eabi/lib/thumb/v8-m.main+fp/hard\libc_nano.a(libc_a-nano-vfprintf_i.o)
                0x08012be4                _printf_i
 .text.__sflush_r
                0x08012e20      0x108 E:/STM_FILES/STM32CubeIDE_1.19.0/STM32CubeIDE/plugins/com.st.stm32cube.ide.mcu.externaltools.gnu-tools-for-stm32.13.3.rel1.win32_1.0.0.202411081344/tools/bin/../lib/gcc/arm-none-eabi/13.3.1/../../../../arm-none-eabi/lib/thumb/v8-m.main+fp/hard\libc_nano.a(libc_a-fflush.o)
                0x08012e20                __sflush_r
 .text._fflush_r
                0x08012f28       0x50 E:/STM_FILES/STM32CubeIDE_1.19.0/STM32CubeIDE/plugins/com.st.stm32cube.ide.mcu.externaltools.gnu-tools-for-stm32.13.3.rel1.win32_1.0.0.202411081344/tools/bin/../lib/gcc/arm-none-eabi/13.3.1/../../../../arm-none-eabi/lib/thumb/v8-m.main+fp/hard\libc_nano.a(libc_a-fflush.o)
                0x08012f28                _fflush_r
 .text.fprintf  0x08012f78       0x24 E:/STM_FILES/STM32CubeIDE_1.19.0/STM32CubeIDE/plugins/com.st.stm32cube.ide.mcu.externaltools.gnu-tools-for-stm32.13.3.rel1.win32_1.0.0.202411081344/tools/bin/../lib/gcc/arm-none-eabi/13.3.1/../../../../arm-none-eabi/lib/thumb/v8-m.main+fp/hard\libc_nano.a(libc_a-fprintf.o)
                0x08012f78                fiprintf
                0x08012f78                fprintf
 .text.__swhatbuf_r
                0x08012f9c       0x4a E:/STM_FILES/STM32CubeIDE_1.19.0/STM32CubeIDE/plugins/com.st.stm32cube.ide.mcu.externaltools.gnu-tools-for-stm32.13.3.rel1.win32_1.0.0.202411081344/tools/bin/../lib/gcc/arm-none-eabi/13.3.1/../../../../arm-none-eabi/lib/thumb/v8-m.main+fp/hard\libc_nano.a(libc_a-makebuf.o)
                0x08012f9c                __swhatbuf_r
 .text.__smakebuf_r
                0x08012fe6       0x78 E:/STM_FILES/STM32CubeIDE_1.19.0/STM32CubeIDE/plugins/com.st.stm32cube.ide.mcu.externaltools.gnu-tools-for-stm32.13.3.rel1.win32_1.0.0.202411081344/tools/bin/../lib/gcc/arm-none-eabi/13.3.1/../../../../arm-none-eabi/lib/thumb/v8-m.main+fp/hard\libc_nano.a(libc_a-makebuf.o)
                0x08012fe6                __smakebuf_r
 .text.memmove  0x0801305e       0x34 E:/STM_FILES/STM32CubeIDE_1.19.0/STM32CubeIDE/plugins/com.st.stm32cube.ide.mcu.externaltools.gnu-tools-for-stm32.13.3.rel1.win32_1.0.0.202411081344/tools/bin/../lib/gcc/arm-none-eabi/13.3.1/../../../../arm-none-eabi/lib/thumb/v8-m.main+fp/hard\libc_nano.a(libc_a-memmove.o)
                0x0801305e                memmove
 *fill*         0x08013092        0x2 
 .text._fstat_r
                0x08013094       0x24 E:/STM_FILES/STM32CubeIDE_1.19.0/STM32CubeIDE/plugins/com.st.stm32cube.ide.mcu.externaltools.gnu-tools-for-stm32.13.3.rel1.win32_1.0.0.202411081344/tools/bin/../lib/gcc/arm-none-eabi/13.3.1/../../../../arm-none-eabi/lib/thumb/v8-m.main+fp/hard\libc_nano.a(libc_a-fstatr.o)
                0x08013094                _fstat_r
 .text._isatty_r
                0x080130b8       0x20 E:/STM_FILES/STM32CubeIDE_1.19.0/STM32CubeIDE/plugins/com.st.stm32cube.ide.mcu.externaltools.gnu-tools-for-stm32.13.3.rel1.win32_1.0.0.202411081344/tools/bin/../lib/gcc/arm-none-eabi/13.3.1/../../../../arm-none-eabi/lib/thumb/v8-m.main+fp/hard\libc_nano.a(libc_a-isattyr.o)
                0x080130b8                _isatty_r
 .text._sbrk_r  0x080130d8       0x20 E:/STM_FILES/STM32CubeIDE_1.19.0/STM32CubeIDE/plugins/com.st.stm32cube.ide.mcu.externaltools.gnu-tools-for-stm32.13.3.rel1.win32_1.0.0.202411081344/tools/bin/../lib/gcc/arm-none-eabi/13.3.1/../../../../arm-none-eabi/lib/thumb/v8-m.main+fp/hard\libc_nano.a(libc_a-sbrkr.o)
                0x080130d8                _sbrk_r
 .text.memchr   0x080130f8       0x1c E:/STM_FILES/STM32CubeIDE_1.19.0/STM32CubeIDE/plugins/com.st.stm32cube.ide.mcu.externaltools.gnu-tools-for-stm32.13.3.rel1.win32_1.0.0.202411081344/tools/bin/../lib/gcc/arm-none-eabi/13.3.1/../../../../arm-none-eabi/lib/thumb/v8-m.main+fp/hard\libc_nano.a(libc_a-memchr-stub.o)
                0x080130f8                memchr
 .text.memcpy   0x08013114       0x1a E:/STM_FILES/STM32CubeIDE_1.19.0/STM32CubeIDE/plugins/com.st.stm32cube.ide.mcu.externaltools.gnu-tools-for-stm32.13.3.rel1.win32_1.0.0.202411081344/tools/bin/../lib/gcc/arm-none-eabi/13.3.1/../../../../arm-none-eabi/lib/thumb/v8-m.main+fp/hard\libc_nano.a(libc_a-memcpy-stub.o)
                0x08013114                memcpy
 .text.abort    0x0801312e        0xe E:/STM_FILES/STM32CubeIDE_1.19.0/STM32CubeIDE/plugins/com.st.stm32cube.ide.mcu.externaltools.gnu-tools-for-stm32.13.3.rel1.win32_1.0.0.202411081344/tools/bin/../lib/gcc/arm-none-eabi/13.3.1/../../../../arm-none-eabi/lib/thumb/v8-m.main+fp/hard\libc_nano.a(libc_a-abort.o)
                0x0801312e                abort
 .text._realloc_r
                0x0801313c       0x5c E:/STM_FILES/STM32CubeIDE_1.19.0/STM32CubeIDE/plugins/com.st.stm32cube.ide.mcu.externaltools.gnu-tools-for-stm32.13.3.rel1.win32_1.0.0.202411081344/tools/bin/../lib/gcc/arm-none-eabi/13.3.1/../../../../arm-none-eabi/lib/thumb/v8-m.main+fp/hard\libc_nano.a(libc_a-reallocr.o)
                0x0801313c                _realloc_r
 .text._raise_r
                0x08013198       0x50 E:/STM_FILES/STM32CubeIDE_1.19.0/STM32CubeIDE/plugins/com.st.stm32cube.ide.mcu.externaltools.gnu-tools-for-stm32.13.3.rel1.win32_1.0.0.202411081344/tools/bin/../lib/gcc/arm-none-eabi/13.3.1/../../../../arm-none-eabi/lib/thumb/v8-m.main+fp/hard\libc_nano.a(libc_a-signal.o)
                0x08013198                _raise_r
 .text.raise    0x080131e8       0x10 E:/STM_FILES/STM32CubeIDE_1.19.0/STM32CubeIDE/plugins/com.st.stm32cube.ide.mcu.externaltools.gnu-tools-for-stm32.13.3.rel1.win32_1.0.0.202411081344/tools/bin/../lib/gcc/arm-none-eabi/13.3.1/../../../../arm-none-eabi/lib/thumb/v8-m.main+fp/hard\libc_nano.a(libc_a-signal.o)
                0x080131e8                raise
 .text._kill_r  0x080131f8       0x24 E:/STM_FILES/STM32CubeIDE_1.19.0/STM32CubeIDE/plugins/com.st.stm32cube.ide.mcu.externaltools.gnu-tools-for-stm32.13.3.rel1.win32_1.0.0.202411081344/tools/bin/../lib/gcc/arm-none-eabi/13.3.1/../../../../arm-none-eabi/lib/thumb/v8-m.main+fp/hard\libc_nano.a(libc_a-signalr.o)
                0x080131f8                _kill_r
 .text._getpid_r
                0x0801321c        0x4 E:/STM_FILES/STM32CubeIDE_1.19.0/STM32CubeIDE/plugins/com.st.stm32cube.ide.mcu.externaltools.gnu-tools-for-stm32.13.3.rel1.win32_1.0.0.202411081344/tools/bin/../lib/gcc/arm-none-eabi/13.3.1/../../../../arm-none-eabi/lib/thumb/v8-m.main+fp/hard\libc_nano.a(libc_a-signalr.o)
                0x0801321c                _getpid_r
 .text._malloc_usable_size_r
                0x08013220       0x10 E:/STM_FILES/STM32CubeIDE_1.19.0/STM32CubeIDE/plugins/com.st.stm32cube.ide.mcu.externaltools.gnu-tools-for-stm32.13.3.rel1.win32_1.0.0.202411081344/tools/bin/../lib/gcc/arm-none-eabi/13.3.1/../../../../arm-none-eabi/lib/thumb/v8-m.main+fp/hard\libc_nano.a(libc_a-msizer.o)
                0x08013220                _malloc_usable_size_r
 *(.glue_7)
 .glue_7        0x08013230        0x0 linker stubs
 *(.glue_7t)
 .glue_7t       0x08013230        0x0 linker stubs
 *(.eh_frame)
 .eh_frame      0x08013230        0x0 E:/STM_FILES/STM32CubeIDE_1.19.0/STM32CubeIDE/plugins/com.st.stm32cube.ide.mcu.externaltools.gnu-tools-for-stm32.13.3.rel1.win32_1.0.0.202411081344/tools/bin/../lib/gcc/arm-none-eabi/13.3.1/thumb/v8-m.main+fp/hard/crtbegin.o
 *(.init)
 .init          0x08013230        0x4 E:/STM_FILES/STM32CubeIDE_1.19.0/STM32CubeIDE/plugins/com.st.stm32cube.ide.mcu.externaltools.gnu-tools-for-stm32.13.3.rel1.win32_1.0.0.202411081344/tools/bin/../lib/gcc/arm-none-eabi/13.3.1/thumb/v8-m.main+fp/hard/crti.o
                0x08013230                _init
 .init          0x08013234        0x8 E:/STM_FILES/STM32CubeIDE_1.19.0/STM32CubeIDE/plugins/com.st.stm32cube.ide.mcu.externaltools.gnu-tools-for-stm32.13.3.rel1.win32_1.0.0.202411081344/tools/bin/../lib/gcc/arm-none-eabi/13.3.1/thumb/v8-m.main+fp/hard/crtn.o
 *(.fini)
 .fini          0x0801323c        0x4 E:/STM_FILES/STM32CubeIDE_1.19.0/STM32CubeIDE/plugins/com.st.stm32cube.ide.mcu.externaltools.gnu-tools-for-stm32.13.3.rel1.win32_1.0.0.202411081344/tools/bin/../lib/gcc/arm-none-eabi/13.3.1/thumb/v8-m.main+fp/hard/crti.o
                0x0801323c                _fini
 .fini          0x08013240        0x8 E:/STM_FILES/STM32CubeIDE_1.19.0/STM32CubeIDE/plugins/com.st.stm32cube.ide.mcu.externaltools.gnu-tools-for-stm32.13.3.rel1.win32_1.0.0.202411081344/tools/bin/../lib/gcc/arm-none-eabi/13.3.1/thumb/v8-m.main+fp/hard/crtn.o
                0x08013248                        . = ALIGN (0x4)
                0x08013248                        _etext = .

.vfp11_veneer   0x08013248        0x0
 .vfp11_veneer  0x08013248        0x0 linker stubs

.v4_bx          0x08013248        0x0
 .v4_bx         0x08013248        0x0 linker stubs

.iplt           0x08013248        0x0
 .iplt          0x08013248        0x0 E:/STM_FILES/STM32CubeIDE_1.19.0/STM32CubeIDE/plugins/com.st.stm32cube.ide.mcu.externaltools.gnu-tools-for-stm32.13.3.rel1.win32_1.0.0.202411081344/tools/bin/../lib/gcc/arm-none-eabi/13.3.1/thumb/v8-m.main+fp/hard/crtbegin.o

.rodata         0x08013248      0x788
                0x08013248                        . = ALIGN (0x4)
 *(.rodata)
 .rodata        0x08013248      0x3c3 ./Core/Src/GUI.o
 *fill*         0x0801360b        0x1 
 .rodata        0x0801360c       0x16 ./Core/Src/main.o
 *fill*         0x08013622        0x2 
 .rodata        0x08013624       0x72 ./Core/Src/modbus.o
 *(.rodata*)
 *fill*         0x08013696        0x2 
 .rodata.WEEKDAY_SHORT_NAMES
                0x08013698       0x1c ./Core/Src/GUI.o
 .rodata.WEEKDAY_LONG_NAMES
                0x080136b4       0x1c ./Core/Src/GUI.o
 .rodata.font5x8
                0x080136d0      0x1e0 ./Core/Src/fonts.o
                0x080136d0                font5x8
 .rodata.AHBPrescTable
                0x080138b0       0x10 ./Core/Src/system_stm32h5xx.o
                0x080138b0                AHBPrescTable
 .rodata.APBPrescTable
                0x080138c0        0x8 ./Core/Src/system_stm32h5xx.o
                0x080138c0                APBPrescTable
 .rodata.UARTPrescTable
                0x080138c8       0x18 ./Drivers/STM32H5xx_HAL_Driver/Src/stm32h5xx_hal_uart.o
                0x080138c8                UARTPrescTable
 .rodata.numerator.1
                0x080138e0        0x8 ./Drivers/STM32H5xx_HAL_Driver/Src/stm32h5xx_hal_uart_ex.o
 .rodata.denominator.0
                0x080138e8        0x8 ./Drivers/STM32H5xx_HAL_Driver/Src/stm32h5xx_hal_uart_ex.o
 .rodata.srand.str1.1
                0x080138f0       0xde E:/STM_FILES/STM32CubeIDE_1.19.0/STM32CubeIDE/plugins/com.st.stm32cube.ide.mcu.externaltools.gnu-tools-for-stm32.13.3.rel1.win32_1.0.0.202411081344/tools/bin/../lib/gcc/arm-none-eabi/13.3.1/../../../../arm-none-eabi/lib/thumb/v8-m.main+fp/hard\libc_nano.a(libc_a-rand.o)
                                 0x6f (size before relaxing)
 .rodata.__assert_func.str1.1
                0x080139ce       0x3d E:/STM_FILES/STM32CubeIDE_1.19.0/STM32CubeIDE/plugins/com.st.stm32cube.ide.mcu.externaltools.gnu-tools-for-stm32.13.3.rel1.win32_1.0.0.202411081344/tools/bin/../lib/gcc/arm-none-eabi/13.3.1/../../../../arm-none-eabi/lib/thumb/v8-m.main+fp/hard\libc_nano.a(libc_a-assert.o)
 .rodata._svfprintf_r.str1.1
                0x080139ce       0x11 E:/STM_FILES/STM32CubeIDE_1.19.0/STM32CubeIDE/plugins/com.st.stm32cube.ide.mcu.externaltools.gnu-tools-for-stm32.13.3.rel1.win32_1.0.0.202411081344/tools/bin/../lib/gcc/arm-none-eabi/13.3.1/../../../../arm-none-eabi/lib/thumb/v8-m.main+fp/hard\libc_nano.a(libc_a-nano-svfprintf.o)
 .rodata._vfprintf_r.str1.1
                0x080139ce       0x11 E:/STM_FILES/STM32CubeIDE_1.19.0/STM32CubeIDE/plugins/com.st.stm32cube.ide.mcu.externaltools.gnu-tools-for-stm32.13.3.rel1.win32_1.0.0.202411081344/tools/bin/../lib/gcc/arm-none-eabi/13.3.1/../../../../arm-none-eabi/lib/thumb/v8-m.main+fp/hard\libc_nano.a(libc_a-nano-vfprintf.o)
 .rodata._printf_i.str1.1
                0x080139ce       0x22 E:/STM_FILES/STM32CubeIDE_1.19.0/STM32CubeIDE/plugins/com.st.stm32cube.ide.mcu.externaltools.gnu-tools-for-stm32.13.3.rel1.win32_1.0.0.202411081344/tools/bin/../lib/gcc/arm-none-eabi/13.3.1/../../../../arm-none-eabi/lib/thumb/v8-m.main+fp/hard\libc_nano.a(libc_a-nano-vfprintf_i.o)
                0x08013a0c                        . = ALIGN (0x4)
 *fill*         0x080139ce        0x2 

.ARM.extab      0x080139d0        0x0
                0x080139d0                        . = ALIGN (0x4)
 *(.ARM.extab* .gnu.linkonce.armextab.*)
                0x080139d0                        . = ALIGN (0x4)

.ARM            0x080139d0        0x8
                0x080139d0                        . = ALIGN (0x4)
                0x080139d0                        __exidx_start = .
 *(.ARM.exidx*)
 .ARM.exidx     0x080139d0        0x8 E:/STM_FILES/STM32CubeIDE_1.19.0/STM32CubeIDE/plugins/com.st.stm32cube.ide.mcu.externaltools.gnu-tools-for-stm32.13.3.rel1.win32_1.0.0.202411081344/tools/bin/../lib/gcc/arm-none-eabi/13.3.1/../../../../arm-none-eabi/lib/thumb/v8-m.main+fp/hard\libc_nano.a(libc_a-strlen.o)
 .ARM.exidx     0x080139d8        0x0 E:/STM_FILES/STM32CubeIDE_1.19.0/STM32CubeIDE/plugins/com.st.stm32cube.ide.mcu.externaltools.gnu-tools-for-stm32.13.3.rel1.win32_1.0.0.202411081344/tools/bin/../lib/gcc/arm-none-eabi/13.3.1/thumb/v8-m.main+fp/hard\libgcc.a(_udivmoddi4.o)
                                  0x8 (size before relaxing)
                0x080139d8                        __exidx_end = .
                0x080139d8                        . = ALIGN (0x4)

.preinit_array  0x080139d8        0x0
                0x080139d8                        . = ALIGN (0x4)
                0x080139d8                        PROVIDE (__preinit_array_start = .)
 *(.preinit_array*)
                0x080139d8                        PROVIDE (__preinit_array_end = .)
                0x080139d8                        . = ALIGN (0x4)

.init_array     0x080139d8        0x4
                0x080139d8                        . = ALIGN (0x4)
                0x080139d8                        PROVIDE (__init_array_start = .)
 *(SORT_BY_NAME(.init_array.*))
 *(.init_array*)
 .init_array    0x080139d8        0x4 E:/STM_FILES/STM32CubeIDE_1.19.0/STM32CubeIDE/plugins/com.st.stm32cube.ide.mcu.externaltools.gnu-tools-for-stm32.13.3.rel1.win32_1.0.0.202411081344/tools/bin/../lib/gcc/arm-none-eabi/13.3.1/thumb/v8-m.main+fp/hard/crtbegin.o
                0x080139dc                        PROVIDE (__init_array_end = .)
                0x080139dc                        . = ALIGN (0x4)

.fini_array     0x080139dc        0x4
                0x080139dc                        . = ALIGN (0x4)
                [!provide]                        PROVIDE (__fini_array_start = .)
 *(SORT_BY_NAME(.fini_array.*))
 *(.fini_array*)
 .fini_array    0x080139dc        0x4 E:/STM_FILES/STM32CubeIDE_1.19.0/STM32CubeIDE/plugins/com.st.stm32cube.ide.mcu.externaltools.gnu-tools-for-stm32.13.3.rel1.win32_1.0.0.202411081344/tools/bin/../lib/gcc/arm-none-eabi/13.3.1/thumb/v8-m.main+fp/hard/crtbegin.o
                [!provide]                        PROVIDE (__fini_array_end = .)
                0x080139e0                        . = ALIGN (0x4)
                0x080139e0                        _sidata = LOADADDR (.data)

.rel.dyn        0x080139e0        0x0
 .rel.iplt      0x080139e0        0x0 E:/STM_FILES/STM32CubeIDE_1.19.0/STM32CubeIDE/plugins/com.st.stm32cube.ide.mcu.externaltools.gnu-tools-for-stm32.13.3.rel1.win32_1.0.0.202411081344/tools/bin/../lib/gcc/arm-none-eabi/13.3.1/thumb/v8-m.main+fp/hard/crtbegin.o

.data           0x20000000       0x70 load address 0x080139e0
                0x20000000                        . = ALIGN (0x4)
                0x20000000                        _sdata = .
 *(.data)
 *(.data*)
 .data.ILI9488_WIDTH
                0x20000000        0x2 ./Core/Src/ili9488.o
                0x20000000                ILI9488_WIDTH
 .data.ILI9488_HEIGHT
                0x20000002        0x2 ./Core/Src/ili9488.o
                0x20000002                ILI9488_HEIGHT
 .data.current_gui_screen
                0x20000004        0x1 ./Core/Src/main.o
                0x20000004                current_gui_screen
 *fill*         0x20000005        0x3 
 .data.SystemCoreClock
                0x20000008        0x4 ./Core/Src/system_stm32h5xx.o
                0x20000008                SystemCoreClock
 .data.uwTickPrio
                0x2000000c        0x4 ./Drivers/STM32H5xx_HAL_Driver/Src/stm32h5xx_hal.o
                0x2000000c                uwTickPrio
 .data.uwTickFreq
                0x20000010        0x1 ./Drivers/STM32H5xx_HAL_Driver/Src/stm32h5xx_hal.o
                0x20000010                uwTickFreq
 *fill*         0x20000011        0x3 
 .data.__sglue  0x20000014        0xc E:/STM_FILES/STM32CubeIDE_1.19.0/STM32CubeIDE/plugins/com.st.stm32cube.ide.mcu.externaltools.gnu-tools-for-stm32.13.3.rel1.win32_1.0.0.202411081344/tools/bin/../lib/gcc/arm-none-eabi/13.3.1/../../../../arm-none-eabi/lib/thumb/v8-m.main+fp/hard\libc_nano.a(libc_a-findfp.o)
                0x20000014                __sglue
 .data._impure_ptr
                0x20000020        0x4 E:/STM_FILES/STM32CubeIDE_1.19.0/STM32CubeIDE/plugins/com.st.stm32cube.ide.mcu.externaltools.gnu-tools-for-stm32.13.3.rel1.win32_1.0.0.202411081344/tools/bin/../lib/gcc/arm-none-eabi/13.3.1/../../../../arm-none-eabi/lib/thumb/v8-m.main+fp/hard\libc_nano.a(libc_a-impure.o)
                0x20000020                _impure_ptr
 .data._impure_data
                0x20000024       0x4c E:/STM_FILES/STM32CubeIDE_1.19.0/STM32CubeIDE/plugins/com.st.stm32cube.ide.mcu.externaltools.gnu-tools-for-stm32.13.3.rel1.win32_1.0.0.202411081344/tools/bin/../lib/gcc/arm-none-eabi/13.3.1/../../../../arm-none-eabi/lib/thumb/v8-m.main+fp/hard\libc_nano.a(libc_a-impure.o)
                0x20000024                _impure_data
 *(.RamFunc)
 *(.RamFunc*)
                0x20000070                        . = ALIGN (0x4)
                0x20000070                        _edata = .

.igot.plt       0x20000070        0x0 load address 0x08013a50
 .igot.plt      0x20000070        0x0 E:/STM_FILES/STM32CubeIDE_1.19.0/STM32CubeIDE/plugins/com.st.stm32cube.ide.mcu.externaltools.gnu-tools-for-stm32.13.3.rel1.win32_1.0.0.202411081344/tools/bin/../lib/gcc/arm-none-eabi/13.3.1/thumb/v8-m.main+fp/hard/crtbegin.o
                0x20000070                        . = ALIGN (0x4)

.bss            0x20000070      0x8b0 load address 0x08013a50
                0x20000070                        _sbss = .
                0x20000070                        __bss_start__ = _sbss
 *(.bss)
 .bss           0x20000070       0x1c E:/STM_FILES/STM32CubeIDE_1.19.0/STM32CubeIDE/plugins/com.st.stm32cube.ide.mcu.externaltools.gnu-tools-for-stm32.13.3.rel1.win32_1.0.0.202411081344/tools/bin/../lib/gcc/arm-none-eabi/13.3.1/thumb/v8-m.main+fp/hard/crtbegin.o
 *(.bss*)
 .bss.hadc1     0x2000008c       0x68 ./Core/Src/main.o
                0x2000008c                hadc1
 .bss.hdcache1  0x200000f4       0x2c ./Core/Src/main.o
                0x200000f4                hdcache1
 .bss.htim1     0x20000120       0x4c ./Core/Src/main.o
                0x20000120                htim1
 .bss.htim3     0x2000016c       0x4c ./Core/Src/main.o
                0x2000016c                htim3
 .bss.htim6     0x200001b8       0x4c ./Core/Src/main.o
                0x200001b8                htim6
 .bss.handle_GPDMA1_Channel2
                0x20000204       0x78 ./Core/Src/main.o
                0x20000204                handle_GPDMA1_Channel2
 .bss.huart5    0x2000027c       0x94 ./Core/Src/main.o
                0x2000027c                huart5
 .bss.handle_GPDMA1_Channel0
                0x20000310       0x78 ./Core/Src/main.o
                0x20000310                handle_GPDMA1_Channel0
 .bss.BMS_no1   0x20000388       0x2c ./Core/Src/main.o
                0x20000388                BMS_no1
 .bss.encoder_position
                0x200003b4        0x2 ./Core/Src/main.o
                0x200003b4                encoder_position
 *fill*         0x200003b6        0x2 
 .bss.last_interrupt_time
                0x200003b8        0x4 ./Core/Src/main.o
                0x200003b8                last_interrupt_time
 .bss.new_gui_screen
                0x200003bc        0x1 ./Core/Src/main.o
                0x200003bc                new_gui_screen
 .bss.byte      0x200003bd        0x1 ./Core/Src/main.o
                0x200003bd                byte
 *fill*         0x200003be        0x2 
 .bss.response_buffer
                0x200003c0      0x100 ./Core/Src/main.o
                0x200003c0                response_buffer
 .bss.response_index
                0x200004c0        0x2 ./Core/Src/main.o
                0x200004c0                response_index
 .bss.modbus_receiving
                0x200004c2        0x1 ./Core/Src/main.o
                0x200004c2                modbus_receiving
 *fill*         0x200004c3        0x1 
 .bss.modbus_registers
                0x200004c4      0x200 ./Core/Src/main.o
                0x200004c4                modbus_registers
 .bss.LED_colors
                0x200006c4        0xc ./Core/Src/main.o
                0x200006c4                LED_colors
 .bss.request_frame
                0x200006d0        0x8 ./Core/Src/modbus.o
                0x200006d0                request_frame
 .bss.__sbrk_heap_end
                0x200006d8        0x4 ./Core/Src/sysmem.o
 .bss.pwmData   0x200006dc       0xf4 ./Core/Src/ws2812.o
                0x200006dc                pwmData
 .bss.uwTick    0x200007d0        0x4 ./Drivers/STM32H5xx_HAL_Driver/Src/stm32h5xx_hal.o
                0x200007d0                uwTick
 .bss.__sf      0x200007d4      0x138 E:/STM_FILES/STM32CubeIDE_1.19.0/STM32CubeIDE/plugins/com.st.stm32cube.ide.mcu.externaltools.gnu-tools-for-stm32.13.3.rel1.win32_1.0.0.202411081344/tools/bin/../lib/gcc/arm-none-eabi/13.3.1/../../../../arm-none-eabi/lib/thumb/v8-m.main+fp/hard\libc_nano.a(libc_a-findfp.o)
                0x200007d4                __sf
 .bss.__stdio_exit_handler
                0x2000090c        0x4 E:/STM_FILES/STM32CubeIDE_1.19.0/STM32CubeIDE/plugins/com.st.stm32cube.ide.mcu.externaltools.gnu-tools-for-stm32.13.3.rel1.win32_1.0.0.202411081344/tools/bin/../lib/gcc/arm-none-eabi/13.3.1/../../../../arm-none-eabi/lib/thumb/v8-m.main+fp/hard\libc_nano.a(libc_a-findfp.o)
                0x2000090c                __stdio_exit_handler
 .bss.errno     0x20000910        0x4 E:/STM_FILES/STM32CubeIDE_1.19.0/STM32CubeIDE/plugins/com.st.stm32cube.ide.mcu.externaltools.gnu-tools-for-stm32.13.3.rel1.win32_1.0.0.202411081344/tools/bin/../lib/gcc/arm-none-eabi/13.3.1/../../../../arm-none-eabi/lib/thumb/v8-m.main+fp/hard\libc_nano.a(libc_a-reent.o)
                0x20000910                errno
 .bss.__lock___malloc_recursive_mutex
                0x20000914        0x1 E:/STM_FILES/STM32CubeIDE_1.19.0/STM32CubeIDE/plugins/com.st.stm32cube.ide.mcu.externaltools.gnu-tools-for-stm32.13.3.rel1.win32_1.0.0.202411081344/tools/bin/../lib/gcc/arm-none-eabi/13.3.1/../../../../arm-none-eabi/lib/thumb/v8-m.main+fp/hard\libc_nano.a(libc_a-lock.o)
                0x20000914                __lock___malloc_recursive_mutex
 .bss.__lock___sfp_recursive_mutex
                0x20000915        0x1 E:/STM_FILES/STM32CubeIDE_1.19.0/STM32CubeIDE/plugins/com.st.stm32cube.ide.mcu.externaltools.gnu-tools-for-stm32.13.3.rel1.win32_1.0.0.202411081344/tools/bin/../lib/gcc/arm-none-eabi/13.3.1/../../../../arm-none-eabi/lib/thumb/v8-m.main+fp/hard\libc_nano.a(libc_a-lock.o)
                0x20000915                __lock___sfp_recursive_mutex
 *fill*         0x20000916        0x2 
 .bss.__malloc_sbrk_start
                0x20000918        0x4 E:/STM_FILES/STM32CubeIDE_1.19.0/STM32CubeIDE/plugins/com.st.stm32cube.ide.mcu.externaltools.gnu-tools-for-stm32.13.3.rel1.win32_1.0.0.202411081344/tools/bin/../lib/gcc/arm-none-eabi/13.3.1/../../../../arm-none-eabi/lib/thumb/v8-m.main+fp/hard\libc_nano.a(libc_a-mallocr.o)
                0x20000918                __malloc_sbrk_start
 .bss.__malloc_free_list
                0x2000091c        0x4 E:/STM_FILES/STM32CubeIDE_1.19.0/STM32CubeIDE/plugins/com.st.stm32cube.ide.mcu.externaltools.gnu-tools-for-stm32.13.3.rel1.win32_1.0.0.202411081344/tools/bin/../lib/gcc/arm-none-eabi/13.3.1/../../../../arm-none-eabi/lib/thumb/v8-m.main+fp/hard\libc_nano.a(libc_a-mallocr.o)
                0x2000091c                __malloc_free_list
 *(COMMON)
                0x20000920                        . = ALIGN (0x4)
                0x20000920                        _ebss = .
                0x20000920                        __bss_end__ = _ebss

._user_heap_stack
                0x20000920      0x600 load address 0x08013a50
                0x20000920                        . = ALIGN (0x8)
                [!provide]                        PROVIDE (end = .)
                0x20000920                        PROVIDE (_end = .)
                0x20000b20                        . = (. + _Min_Heap_Size)
 *fill*         0x20000920      0x200 
                0x20000f20                        . = (. + _Min_Stack_Size)
 *fill*         0x20000b20      0x400 
                0x20000f20                        . = ALIGN (0x8)

/DISCARD/
 libc.a(*)
 libm.a(*)
 libgcc.a(*)

.ARM.attributes
                0x00000000       0x36
 *(.ARM.attributes)
 .ARM.attributes
                0x00000000       0x26 E:/STM_FILES/STM32CubeIDE_1.19.0/STM32CubeIDE/plugins/com.st.stm32cube.ide.mcu.externaltools.gnu-tools-for-stm32.13.3.rel1.win32_1.0.0.202411081344/tools/bin/../lib/gcc/arm-none-eabi/13.3.1/thumb/v8-m.main+fp/hard/crti.o
 .ARM.attributes
                0x00000026       0x38 E:/STM_FILES/STM32CubeIDE_1.19.0/STM32CubeIDE/plugins/com.st.stm32cube.ide.mcu.externaltools.gnu-tools-for-stm32.13.3.rel1.win32_1.0.0.202411081344/tools/bin/../lib/gcc/arm-none-eabi/13.3.1/thumb/v8-m.main+fp/hard/crtbegin.o
 .ARM.attributes
                0x0000005e       0x3a ./Core/Src/GUI.o
 .ARM.attributes
                0x00000098       0x3a ./Core/Src/fonts.o
 .ARM.attributes
                0x000000d2       0x3a ./Core/Src/ili9488.o
 .ARM.attributes
                0x0000010c       0x3a ./Core/Src/main.o
 .ARM.attributes
                0x00000146       0x3a ./Core/Src/modbus.o
 .ARM.attributes
                0x00000180       0x3a ./Core/Src/stm32h5xx_hal_msp.o
 .ARM.attributes
                0x000001ba       0x3a ./Core/Src/stm32h5xx_it.o
 .ARM.attributes
                0x000001f4       0x3a ./Core/Src/syscalls.o
 .ARM.attributes
                0x0000022e       0x3a ./Core/Src/sysmem.o
 .ARM.attributes
                0x00000268       0x3a ./Core/Src/system_stm32h5xx.o
 .ARM.attributes
                0x000002a2       0x3a ./Core/Src/ws2812.o
 .ARM.attributes
                0x000002dc       0x24 ./Core/Startup/startup_stm32h562rgvx.o