Archive member included to satisfy reference by file (symbol)

C:/Program Files/STM32CubeIDE_1.13.2/STM32CubeIDE/plugins/com.st.stm32cube.ide.mcu.externaltools.gnu-tools-for-stm32.12.3.rel1.win32_1.1.0.202410251130/tools/bin/../lib/gcc/arm-none-eabi/12.3.1/../../../../arm-none-eabi/lib/thumb/v8-m.main+fp/hard\libc_nano.a(libc_a-exit.o)
                              C:/Program Files/STM32CubeIDE_1.13.2/STM32CubeIDE/plugins/com.st.stm32cube.ide.mcu.externaltools.gnu-tools-for-stm32.12.3.rel1.win32_1.1.0.202410251130/tools/bin/../lib/gcc/arm-none-eabi/12.3.1/../../../../arm-none-eabi/lib/thumb/v8-m.main+fp/hard/crt0.o (exit)
C:/Program Files/STM32CubeIDE_1.13.2/STM32CubeIDE/plugins/com.st.stm32cube.ide.mcu.externaltools.gnu-tools-for-stm32.12.3.rel1.win32_1.1.0.202410251130/tools/bin/../lib/gcc/arm-none-eabi/12.3.1/../../../../arm-none-eabi/lib/thumb/v8-m.main+fp/hard\libc_nano.a(libc_a-findfp.o)
                              C:/Program Files/STM32CubeIDE_1.13.2/STM32CubeIDE/plugins/com.st.stm32cube.ide.mcu.externaltools.gnu-tools-for-stm32.12.3.rel1.win32_1.1.0.202410251130/tools/bin/../lib/gcc/arm-none-eabi/12.3.1/../../../../arm-none-eabi/lib/thumb/v8-m.main+fp/hard\libc_nano.a(libc_a-exit.o) (__stdio_exit_handler)
C:/Program Files/STM32CubeIDE_1.13.2/STM32CubeIDE/plugins/com.st.stm32cube.ide.mcu.externaltools.gnu-tools-for-stm32.12.3.rel1.win32_1.1.0.202410251130/tools/bin/../lib/gcc/arm-none-eabi/12.3.1/../../../../arm-none-eabi/lib/thumb/v8-m.main+fp/hard\libc_nano.a(libc_a-fwalk.o)
                              C:/Program Files/STM32CubeIDE_1.13.2/STM32CubeIDE/plugins/com.st.stm32cube.ide.mcu.externaltools.gnu-tools-for-stm32.12.3.rel1.win32_1.1.0.202410251130/tools/bin/../lib/gcc/arm-none-eabi/12.3.1/../../../../arm-none-eabi/lib/thumb/v8-m.main+fp/hard\libc_nano.a(libc_a-findfp.o) (_fwalk_sglue)
C:/Program Files/STM32CubeIDE_1.13.2/STM32CubeIDE/plugins/com.st.stm32cube.ide.mcu.externaltools.gnu-tools-for-stm32.12.3.rel1.win32_1.1.0.202410251130/tools/bin/../lib/gcc/arm-none-eabi/12.3.1/../../../../arm-none-eabi/lib/thumb/v8-m.main+fp/hard\libc_nano.a(libc_a-puts.o)
                              ./Core/Src/modbus.o (puts)
C:/Program Files/STM32CubeIDE_1.13.2/STM32CubeIDE/plugins/com.st.stm32cube.ide.mcu.externaltools.gnu-tools-for-stm32.12.3.rel1.win32_1.1.0.202410251130/tools/bin/../lib/gcc/arm-none-eabi/12.3.1/../../../../arm-none-eabi/lib/thumb/v8-m.main+fp/hard\libc_nano.a(libc_a-sprintf.o)
                              ./Core/Src/GUI.o (sprintf)
C:/Program Files/STM32CubeIDE_1.13.2/STM32CubeIDE/plugins/com.st.stm32cube.ide.mcu.externaltools.gnu-tools-for-stm32.12.3.rel1.win32_1.1.0.202410251130/tools/bin/../lib/gcc/arm-none-eabi/12.3.1/../../../../arm-none-eabi/lib/thumb/v8-m.main+fp/hard\libc_nano.a(libc_a-stdio.o)
                              C:/Program Files/STM32CubeIDE_1.13.2/STM32CubeIDE/plugins/com.st.stm32cube.ide.mcu.externaltools.gnu-tools-for-stm32.12.3.rel1.win32_1.1.0.202410251130/tools/bin/../lib/gcc/arm-none-eabi/12.3.1/../../../../arm-none-eabi/lib/thumb/v8-m.main+fp/hard\libc_nano.a(libc_a-findfp.o) (__sread)
C:/Program Files/STM32CubeIDE_1.13.2/STM32CubeIDE/plugins/com.st.stm32cube.ide.mcu.externaltools.gnu-tools-for-stm32.12.3.rel1.win32_1.1.0.202410251130/tools/bin/../lib/gcc/arm-none-eabi/12.3.1/../../../../arm-none-eabi/lib/thumb/v8-m.main+fp/hard\libc_nano.a(libc_a-wbuf.o)
                              C:/Program Files/STM32CubeIDE_1.13.2/STM32CubeIDE/plugins/com.st.stm32cube.ide.mcu.externaltools.gnu-tools-for-stm32.12.3.rel1.win32_1.1.0.202410251130/tools/bin/../lib/gcc/arm-none-eabi/12.3.1/../../../../arm-none-eabi/lib/thumb/v8-m.main+fp/hard\libc_nano.a(libc_a-puts.o) (__swbuf_r)
C:/Program Files/STM32CubeIDE_1.13.2/STM32CubeIDE/plugins/com.st.stm32cube.ide.mcu.externaltools.gnu-tools-for-stm32.12.3.rel1.win32_1.1.0.202410251130/tools/bin/../lib/gcc/arm-none-eabi/12.3.1/../../../../arm-none-eabi/lib/thumb/v8-m.main+fp/hard\libc_nano.a(libc_a-wsetup.o)
                              C:/Program Files/STM32CubeIDE_1.13.2/STM32CubeIDE/plugins/com.st.stm32cube.ide.mcu.externaltools.gnu-tools-for-stm32.12.3.rel1.win32_1.1.0.202410251130/tools/bin/../lib/gcc/arm-none-eabi/12.3.1/../../../../arm-none-eabi/lib/thumb/v8-m.main+fp/hard\libc_nano.a(libc_a-puts.o) (__swsetup_r)
C:/Program Files/STM32CubeIDE_1.13.2/STM32CubeIDE/plugins/com.st.stm32cube.ide.mcu.externaltools.gnu-tools-for-stm32.12.3.rel1.win32_1.1.0.202410251130/tools/bin/../lib/gcc/arm-none-eabi/12.3.1/../../../../arm-none-eabi/lib/thumb/v8-m.main+fp/hard\libc_nano.a(libc_a-memset.o)
                              C:/Program Files/STM32CubeIDE_1.13.2/STM32CubeIDE/plugins/com.st.stm32cube.ide.mcu.externaltools.gnu-tools-for-stm32.12.3.rel1.win32_1.1.0.202410251130/tools/bin/../lib/gcc/arm-none-eabi/12.3.1/../../../../arm-none-eabi/lib/thumb/v8-m.main+fp/hard/crt0.o (memset)
[...]
Memory Configuration

Name             Origin             Length             Attributes
RAM              0x20000000         0x000a0000         xrw
FLASH            0x08000000         0x00100000         xr
*default*        0x00000000         0xffffffff

Linker script and memory map

LOAD C:/Program Files/STM32CubeIDE_1.13.2/STM32CubeIDE/plugins/com.st.stm32cube.ide.mcu.externaltools.gnu-tools-for-stm32.12.3.rel1.win32_1.1.0.202410251130/tools/bin/../lib/gcc/arm-none-eabi/12.3.1/thumb/v8-m.main+fp/hard/crti.o
LOAD C:/Program Files/STM32CubeIDE_1.13.2/STM32CubeIDE/plugins/com.st.stm32cube.ide.mcu.externaltools.gnu-tools-for-stm32.12.3.rel1.win32_1.1.0.202410251130/tools/bin/../lib/gcc/arm-none-eabi/12.3.1/thumb/v8-m.main+fp/hard/crtbegin.o
LOAD C:/Program Files/STM32CubeIDE_1.13.2/STM32CubeIDE/plugins/com.st.stm32cube.ide.mcu.externaltools.gnu-tools-for-stm32.12.3.rel1.win32_1.1.0.202410251130/tools/bin/../lib/gcc/arm-none-eabi/12.3.1/../../../../arm-none-eabi/lib/thumb/v8-m.main+fp/hard/crt0.o
LOAD ./Core/Src/GUI.o
LOAD ./Core/Src/LCD_ILI9488.o
LOAD ./Core/Src/fonts.o
LOAD ./Core/Src/main.o
LOAD ./Core/Src/modbus.o
LOAD ./Core/Src/stm32h5xx_hal_msp.o
LOAD ./Core/Src/stm32h5xx_it.o
LOAD ./Core/Src/syscalls.o
LOAD ./Core/Src/sysmem.o
LOAD ./Core/Src/system_stm32h5xx.o
LOAD ./Core/Src/touch.o
LOAD ./Core/Src/ws2812.o
LOAD ./Core/Startup/startup_stm32h562rgvx.o
LOAD ./Drivers/STM32H5xx_HAL_Driver/Src/stm32h5xx_hal.o
LOAD ./Drivers/STM32H5xx_HAL_Driver/Src/stm32h5xx_hal_adc.o
LOAD ./Drivers/STM32H5xx_HAL_Driver/Src/stm32h5xx_hal_adc_ex.o
LOAD ./Drivers/STM32H5xx_HAL_Driver/Src/stm32h5xx_hal_cortex.o
LOAD ./Drivers/STM32H5xx_HAL_Driver/Src/stm32h5xx_hal_dma.o
LOAD ./Drivers/STM32H5xx_HAL_Driver/Src/stm32h5xx_hal_dma_ex.o
LOAD ./Drivers/STM32H5xx_HAL_Driver/Src/stm32h5xx_hal_exti.o
LOAD ./Drivers/STM32H5xx_HAL_Driver/Src/stm32h5xx_hal_flash.o
LOAD ./Drivers/STM32H5xx_HAL_Driver/Src/stm32h5xx_hal_flash_ex.o
LOAD ./Drivers/STM32H5xx_HAL_Driver/Src/stm32h5xx_hal_gpio.o
LOAD ./Drivers/STM32H5xx_HAL_Driver/Src/stm32h5xx_hal_icache.o
LOAD ./Drivers/STM32H5xx_HAL_Driver/Src/stm32h5xx_hal_pwr.o
LOAD ./Drivers/STM32H5xx_HAL_Driver/Src/stm32h5xx_hal_pwr_ex.o
LOAD ./Drivers/STM32H5xx_HAL_Driver/Src/stm32h5xx_hal_rcc.o
LOAD ./Drivers/STM32H5xx_HAL_Driver/Src/stm32h5xx_hal_rcc_ex.o
LOAD ./Drivers/STM32H5xx_HAL_Driver/Src/stm32h5xx_hal_uart.o
LOAD ./Drivers/STM32H5xx_HAL_Driver/Src/stm32h5xx_hal_uart_ex.o
START GROUP
LOAD C:/Program Files/STM32CubeIDE_1.13.2/STM32CubeIDE/plugins/com.st.stm32cube.ide.mcu.externaltools.gnu-tools-for-stm32.12.3.rel1.win32_1.1.0.202410251130/tools/bin/../lib/gcc/arm-none-eabi/12.3.1/../../../../arm-none-eabi/lib/thumb/v8-m.main+fp/hard\libc_nano.a
LOAD C:/Program Files/STM32CubeIDE_1.13.2/STM32CubeIDE/plugins/com.st.stm32cube.ide.mcu.externaltools.gnu-tools-for-stm32.12.3.rel1.win32_1.1.0.202410251130/tools/bin/../lib/gcc/arm-none-eabi/12.3.1/../../../../arm-none-eabi/lib/thumb/v8-m.main+fp/hard\libm.a
END GROUP
START GROUP
LOAD C:/Program Files/STM32CubeIDE_1.13.2/STM32CubeIDE/plugins/com.st.stm32cube.ide.mcu.externaltools.gnu-tools-for-stm32.12.3.rel1.win32_1.1.0.202410251130/tools/bin/../lib/gcc/arm-none-eabi/12.3.1/thumb/v8-m.main+fp/hard\libgcc.a
LOAD C:/Program Files/STM32CubeIDE_1.13.2/STM32CubeIDE/plugins/com.st.stm32cube.ide.mcu.externaltools.gnu-tools-for-stm32.12.3.rel1.win32_1.1.0.202410251130/tools/bin/../lib/gcc/arm-none-eabi/12.3.1/../../../../arm-none-eabi/lib/thumb/v8-m.main+fp/hard\libc_nano.a
END GROUP
START GROUP
LOAD C:/Program Files/STM32CubeIDE_1.13.2/STM32CubeIDE/plugins/com.st.stm32cube.ide.mcu.externaltools.gnu-tools-for-stm32.12.3.rel1.win32_1.1.0.202410251130/tools/bin/../lib/gcc/arm-none-eabi/12.3.1/thumb/v8-m.main+fp/hard\libgcc.a
LOAD C:/Program Files/STM32CubeIDE_1.13.2/STM32CubeIDE/plugins/com.st.stm32cube.ide.mcu.externaltools.gnu-tools-for-stm32.12.3.rel1.win32_1.1.0.202410251130/tools/bin/../lib/gcc/arm-none-eabi/12.3.1/../../../../arm-none-eabi/lib/thumb/v8-m.main+fp/hard\libc_nano.a
LOAD C:/Program Files/STM32CubeIDE_1.13.2/STM32CubeIDE/plugins/com.st.stm32cube.ide.mcu.externaltools.gnu-tools-for-stm32.12.3.rel1.win32_1.1.0.202410251130/tools/bin/../lib/gcc/arm-none-eabi/12.3.1/../../../../arm-none-eabi/lib/thumb/v8-m.main+fp/hard\libnosys.a
END GROUP
START GROUP
LOAD C:/Program Files/STM32CubeIDE_1.13.2/STM32CubeIDE/plugins/com.st.stm32cube.ide.mcu.externaltools.gnu-tools-for-stm32.12.3.rel1.win32_1.1.0.202410251130/tools/bin/../lib/gcc/arm-none-eabi/12.3.1/thumb/v8-m.main+fp/hard\libgcc.a
LOAD C:/Program Files/STM32CubeIDE_1.13.2/STM32CubeIDE/plugins/com.st.stm32cube.ide.mcu.externaltools.gnu-tools-for-stm32.12.3.rel1.win32_1.1.0.202410251130/tools/bin/../lib/gcc/arm-none-eabi/12.3.1/../../../../arm-none-eabi/lib/thumb/v8-m.main+fp/hard\libc_nano.a
LOAD C:/Program Files/STM32CubeIDE_1.13.2/STM32CubeIDE/plugins/com.st.stm32cube.ide.mcu.externaltools.gnu-tools-for-stm32.12.3.rel1.win32_1.1.0.202410251130/tools/bin/../lib/gcc/arm-none-eabi/12.3.1/../../../../arm-none-eabi/lib/thumb/v8-m.main+fp/hard\libnosys.a
END GROUP
LOAD C:/Program Files/STM32CubeIDE_1.13.2/STM32CubeIDE/plugins/com.st.stm32cube.ide.mcu.externaltools.gnu-tools-for-stm32.12.3.rel1.win32_1.1.0.202410251130/tools/bin/../lib/gcc/arm-none-eabi/12.3.1/thumb/v8-m.main+fp/hard/crtend.o
LOAD C:/Program Files/STM32CubeIDE_1.13.2/STM32CubeIDE/plugins/com.st.stm32cube.ide.mcu.externaltools.gnu-tools-for-stm32.12.3.rel1.win32_1.1.0.202410251130/tools/bin/../lib/gcc/arm-none-eabi/12.3.1/thumb/v8-m.main+fp/hard/crtn.o
                0x200a0000                        _estack = (ORIGIN (RAM) + LENGTH (RAM))
                0x00000200                        _Min_Heap_Size = 0x200
                0x00000400                        _Min_Stack_Size = 0x400

.isr_vector     0x08000000      0x24c
                0x08000000                        . = ALIGN (0x4)
 *(.isr_vector)
 .isr_vector    0x08000000      0x24c ./Core/Startup/startup_stm32h562rgvx.o
                0x08000000                g_pfnVectors
                0x0800024c                        . = ALIGN (0x4)

.text           0x0800024c     0x901c
                0x0800024c                        . = ALIGN (0x4)
 *(.text)
 .text          0x0800024c       0x40 C:/Program Files/STM32CubeIDE_1.13.2/STM32CubeIDE/plugins/com.st.stm32cube.ide.mcu.externaltools.gnu-tools-for-stm32.12.3.rel1.win32_1.1.0.202410251130/tools/bin/../lib/gcc/arm-none-eabi/12.3.1/thumb/v8-m.main+fp/hard/crtbegin.o
 .text          0x0800028c       0x30 C:/Program Files/STM32CubeIDE_1.13.2/STM32CubeIDE/plugins/com.st.stm32cube.ide.mcu.externaltools.gnu-tools-for-stm32.12.3.rel1.win32_1.1.0.202410251130/tools/bin/../lib/gcc/arm-none-eabi/12.3.1/thumb/v8-m.main+fp/hard\libgcc.a(_aeabi_uldivmod.o)
                0x0800028c                __aeabi_uldivmod
 .text          0x080002bc      0x2e4 C:/Program Files/STM32CubeIDE_1.13.2/STM32CubeIDE/plugins/com.st.stm32cube.ide.mcu.externaltools.gnu-tools-for-stm32.12.3.rel1.win32_1.1.0.202410251130/tools/bin/../lib/gcc/arm-none-eabi/12.3.1/thumb/v8-m.main+fp/hard\libgcc.a(_udivmoddi4.o)
                0x080002bc                __udivmoddi4
 .text          0x080005a0        0x4 C:/Program Files/STM32CubeIDE_1.13.2/STM32CubeIDE/plugins/com.st.stm32cube.ide.mcu.externaltools.gnu-tools-for-stm32.12.3.rel1.win32_1.1.0.202410251130/tools/bin/../lib/gcc/arm-none-eabi/12.3.1/thumb/v8-m.main+fp/hard\libgcc.a(_dvmd_tls.o)
                0x080005a0                __aeabi_idiv0
                0x080005a0                __aeabi_ldiv0
 *(.text*)
 .text.SHORT_DELAY
                0x080005a4       0x3a ./Core/Src/LCD_ILI9488.o
 *fill*         0x080005de        0x2 
 .text.LCD_WR_STROBE
                0x080005e0       0x2c ./Core/Src/LCD_ILI9488.o
 .text.ILI9488_WriteBus
                0x0800060c       0x20 ./Core/Src/LCD_ILI9488.o
 .text.ILI9488_WriteCommand
                0x0800062c       0x54 ./Core/Src/LCD_ILI9488.o
                0x0800062c                ILI9488_WriteCommand
 .text.ILI9488_WriteData
                0x08000680       0x54 ./Core/Src/LCD_ILI9488.o
                0x08000680                ILI9488_WriteData
 .text.ILI9488_Reset
                0x080006d4       0x34 ./Core/Src/LCD_ILI9488.o
                0x080006d4                ILI9488_Reset
 .text.ILI9488_Init
                0x08000708      0x1a8 ./Core/Src/LCD_ILI9488.o
                0x08000708                ILI9488_Init
 .text.ILI9488_SetAddressWindow
                0x080008b0       0x98 ./Core/Src/LCD_ILI9488.o
                0x080008b0                ILI9488_SetAddressWindow
 .text.ILI9488_FillRainbow
                0x08000948       0xa0 ./Core/Src/LCD_ILI9488.o
                0x08000948                ILI9488_FillRainbow
 .text.main     0x080009e8       0x32 ./Core/Src/main.o
                0x080009e8                main
 *fill*         0x08000a1a        0x2 
 .text.SystemClock_Config
                0x08000a1c       0xf0 ./Core/Src/main.o
                0x08000a1c                SystemClock_Config
 .text.MX_ADC1_Init
                0x08000b0c       0xc8 ./Core/Src/main.o
 .text.MX_ICACHE_Init
                0x08000bd4       0x16 ./Core/Src/main.o
 *fill*         0x08000bea        0x2 
 .text.MX_UART5_Init
                0x08000bec       0x98 ./Core/Src/main.o
 .text.MX_GPIO_Init
                0x08000c84      0x1cc ./Core/Src/main.o
 .text.Error_Handler
                0x08000e50        0xc ./Core/Src/main.o
                0x08000e50                Error_Handler
 .text.HAL_MspInit
                0x08000e5c        0xe ./Core/Src/stm32h5xx_hal_msp.o
                0x08000e5c                HAL_MspInit
 *fill*         0x08000e6a        0x2 
 .text.HAL_ADC_MspInit
                0x08000e6c      0x110 ./Core/Src/stm32h5xx_hal_msp.o
                0x08000e6c                HAL_ADC_MspInit
 .text.HAL_UART_MspInit
                0x08000f7c      0x11c ./Core/Src/stm32h5xx_hal_msp.o
                0x08000f7c                HAL_UART_MspInit
 .text.NMI_Handler
                0x08001098        0x8 ./Core/Src/stm32h5xx_it.o
                0x08001098                NMI_Handler
 .text.HardFault_Handler
                0x080010a0        0x8 ./Core/Src/stm32h5xx_it.o
                0x080010a0                HardFault_Handler
 .text.MemManage_Handler
                0x080010a8        0x8 ./Core/Src/stm32h5xx_it.o
                0x080010a8                MemManage_Handler
 .text.BusFault_Handler
                0x080010b0        0x8 ./Core/Src/stm32h5xx_it.o
                0x080010b0                BusFault_Handler
 .text.UsageFault_Handler
                0x080010b8        0x8 ./Core/Src/stm32h5xx_it.o
                0x080010b8                UsageFault_Handler
 .text.SVC_Handler
                0x080010c0        0xe ./Core/Src/stm32h5xx_it.o
                0x080010c0                SVC_Handler
 .text.DebugMon_Handler
                0x080010ce        0xe ./Core/Src/stm32h5xx_it.o
                0x080010ce                DebugMon_Handler
 .text.PendSV_Handler
                0x080010dc        0xe ./Core/Src/stm32h5xx_it.o
                0x080010dc                PendSV_Handler
 .text.SysTick_Handler
                0x080010ea        0xc ./Core/Src/stm32h5xx_it.o
                0x080010ea                SysTick_Handler
 *fill*         0x080010f6        0x2 
 .text.SystemInit
                0x080010f8       0xf8 ./Core/Src/system_stm32h5xx.o
                0x080010f8                SystemInit
 .text.Reset_Handler
                0x080011f0       0x50 ./Core/Startup/startup_stm32h562rgvx.o
                0x080011f0                Reset_Handler
 .text.Default_Handler
                0x08001240        0x2 ./Core/Startup/startup_stm32h562rgvx.o
                0x08001240                EXTI2_IRQHandler
                0x08001240                TIM8_TRG_COM_IRQHandler
                0x08001240                TIM8_CC_IRQHandler
                0x08001240                EXTI5_IRQHandler
                0x08001240                I3C1_ER_IRQHandler
                0x08001240                UART8_IRQHandler
                0x08001240                SPI4_IRQHandler
                0x08001240                GPDMA2_Channel1_IRQHandler
                0x08001240                FLASH_S_IRQHandler
                0x08001240                EXTI13_IRQHandler
                0x08001240                TIM1_CC_IRQHandler
                0x08001240                GPDMA2_Channel3_IRQHandler
                0x08001240                TAMP_IRQHandler
                0x08001240                TIM6_IRQHandler
                0x08001240                EXTI12_IRQHandler
                0x08001240                CORDIC_IRQHandler
                0x08001240                USB_DRD_FS_IRQHandler
                0x08001240                EXTI3_IRQHandler
                0x08001240                LPTIM4_IRQHandler
                0x08001240                GPDMA1_Channel5_IRQHandler
                0x08001240                EXTI8_IRQHandler
                0x08001240                GPDMA2_Channel5_IRQHandler
                0x08001240                LPTIM2_IRQHandler
                0x08001240                I2C3_ER_IRQHandler
                0x08001240                GPDMA2_Channel2_IRQHandler
                0x08001240                USART10_IRQHandler
                0x08001240                LPTIM3_IRQHandler
                0x08001240                EXTI0_IRQHandler
                0x08001240                I2C2_EV_IRQHandler
                0x08001240                FPU_IRQHandler
                0x08001240                GPDMA1_Channel3_IRQHandler
                0x08001240                GPDMA1_Channel7_IRQHandler
                0x08001240                FDCAN1_IT1_IRQHandler
                0x08001240                RAMCFG_IRQHandler
                0x08001240                DCACHE1_IRQHandler
                0x08001240                SPI1_IRQHandler
                0x08001240                OCTOSPI1_IRQHandler
                0x08001240                GPDMA1_Channel2_IRQHandler
                0x08001240                TIM8_UP_IRQHandler
                0x08001240                RCC_S_IRQHandler
                0x08001240                SAI2_IRQHandler
                0x08001240                ADC1_IRQHandler
                0x08001240                USART6_IRQHandler
                0x08001240                EXTI15_IRQHandler
                0x08001240                TIM17_IRQHandler
                0x08001240                USART3_IRQHandler
                0x08001240                RTC_IRQHandler
                0x08001240                EXTI9_IRQHandler
                0x08001240                LPTIM5_IRQHandler
                0x08001240                UART5_IRQHandler
                0x08001240                TIM4_IRQHandler
                0x08001240                I2C1_EV_IRQHandler
                0x08001240                GPDMA1_Channel1_IRQHandler
                0x08001240                TIM16_IRQHandler
                0x08001240                UART4_IRQHandler
                0x08001240                SecureFault_Handler
                0x08001240                TIM3_IRQHandler
                0x08001240                RCC_IRQHandler
                0x08001240                UART9_IRQHandler
                0x08001240                TIM1_TRG_COM_IRQHandler
                0x08001240                Default_Handler
                0x08001240                FMAC_IRQHandler
                0x08001240                CEC_IRQHandler
                0x08001240                USART11_IRQHandler
                0x08001240                TIM14_IRQHandler
                0x08001240                TIM13_IRQHandler
                0x08001240                GPDMA2_Channel4_IRQHandler
                0x08001240                SPI5_IRQHandler
                0x08001240                TIM12_IRQHandler
                0x08001240                TIM7_IRQHandler
                0x08001240                SDMMC1_IRQHandler
                0x08001240                TIM5_IRQHandler
                0x08001240                UCPD1_IRQHandler
                0x08001240                GPDMA1_Channel0_IRQHandler
                0x08001240                I3C1_EV_IRQHandler
                0x08001240                TIM15_IRQHandler
                0x08001240                PVD_AVD_IRQHandler
                0x08001240                I2C3_EV_IRQHandler
                0x08001240                ADC2_IRQHandler
                0x08001240                SPI2_IRQHandler
                0x08001240                EXTI14_IRQHandler
                0x08001240                EXTI11_IRQHandler
                0x08001240                CRS_IRQHandler
                0x08001240                EXTI4_IRQHandler
                0x08001240                GPDMA2_Channel0_IRQHandler
                0x08001240                RTC_S_IRQHandler
                0x08001240                RNG_IRQHandler
                0x08001240                GPDMA2_Channel6_IRQHandler
                0x08001240                TIM1_UP_IRQHandler
                0x08001240                UART12_IRQHandler
                0x08001240                WWDG_IRQHandler
                0x08001240                SPI6_IRQHandler
                0x08001240                I2C4_EV_IRQHandler
                0x08001240                IWDG_IRQHandler
                0x08001240                LPUART1_IRQHandler
                0x08001240                FDCAN1_IT0_IRQHandler
                0x08001240                TIM2_IRQHandler
                0x08001240                GPDMA1_Channel4_IRQHandler
                0x08001240                EXTI7_IRQHandler
                0x08001240                TIM1_BRK_IRQHandler
                0x08001240                EXTI1_IRQHandler
                0x08001240                LPTIM6_IRQHandler
                0x08001240                DAC1_IRQHandler
                0x08001240                DTS_IRQHandler
                0x08001240                UART7_IRQHandler
                0x08001240                GTZC_IRQHandler
                0x08001240                USART2_IRQHandler
                0x08001240                GPDMA1_Channel6_IRQHandler
                0x08001240                GPDMA2_Channel7_IRQHandler
                0x08001240                I2C2_ER_IRQHandler
                0x08001240                TIM8_BRK_IRQHandler
                0x08001240                FLASH_IRQHandler
                0x08001240                USART1_IRQHandler
                0x08001240                EXTI10_IRQHandler
                0x08001240                SPI3_IRQHandler
                0x08001240                I2C1_ER_IRQHandler
                0x08001240                FMC_IRQHandler
                0x08001240                EXTI6_IRQHandler
                0x08001240                LPTIM1_IRQHandler
                0x08001240                DCMI_PSSI_IRQHandler
                0x08001240                I2C4_ER_IRQHandler
                0x08001240                ICACHE_IRQHandler
                0x08001240                SAI1_IRQHandler
                0x08001240                HASH_IRQHandler
 *fill*         0x08001242        0x2 
 .text.HAL_Init
                0x08001244       0x50 ./Drivers/STM32H5xx_HAL_Driver/Src/stm32h5xx_hal.o
                0x08001244                HAL_Init
 .text.HAL_InitTick
                0x08001294       0xec ./Drivers/STM32H5xx_HAL_Driver/Src/stm32h5xx_hal.o
                0x08001294                HAL_InitTick
 .text.HAL_IncTick
                0x08001380       0x28 ./Drivers/STM32H5xx_HAL_Driver/Src/stm32h5xx_hal.o
                0x08001380                HAL_IncTick
 .text.HAL_GetTick
                0x080013a8       0x18 ./Drivers/STM32H5xx_HAL_Driver/Src/stm32h5xx_hal.o
                0x080013a8                HAL_GetTick
 .text.HAL_Delay
                0x080013c0       0x48 ./Drivers/STM32H5xx_HAL_Driver/Src/stm32h5xx_hal.o
                0x080013c0                HAL_Delay
 .text.LL_ADC_SetCommonClock
                0x08001408       0x26 ./Drivers/STM32H5xx_HAL_Driver/Src/stm32h5xx_hal_adc.o
 .text.LL_ADC_SetCommonPathInternalCh
                0x0800142e       0x26 ./Drivers/STM32H5xx_HAL_Driver/Src/stm32h5xx_hal_adc.o
 .text.LL_ADC_GetCommonPathInternalCh
                0x08001454       0x1c ./Drivers/STM32H5xx_HAL_Driver/Src/stm32h5xx_hal_adc.o
 .text.LL_ADC_EnableChannelVDDcore
                0x08001470       0x24 ./Drivers/STM32H5xx_HAL_Driver/Src/stm32h5xx_hal_adc.o
 .text.LL_ADC_EnableChannel0_GPIO
                0x08001494       0x28 ./Drivers/STM32H5xx_HAL_Driver/Src/stm32h5xx_hal_adc.o
 .text.LL_ADC_SetOffset
                0x080014bc       0x48 ./Drivers/STM32H5xx_HAL_Driver/Src/stm32h5xx_hal_adc.o
 .text.LL_ADC_GetOffsetChannel
                0x08001504       0x2c ./Drivers/STM32H5xx_HAL_Driver/Src/stm32h5xx_hal_adc.o
 .text.LL_ADC_SetOffsetState
                0x08001530       0x36 ./Drivers/STM32H5xx_HAL_Driver/Src/stm32h5xx_hal_adc.o
 .text.LL_ADC_SetOffsetSign
                0x08001566       0x36 ./Drivers/STM32H5xx_HAL_Driver/Src/stm32h5xx_hal_adc.o
 .text.LL_ADC_SetOffsetSaturation
                0x0800159c       0x36 ./Drivers/STM32H5xx_HAL_Driver/Src/stm32h5xx_hal_adc.o
 .text.LL_ADC_SetSamplingTimeCommonConfig
                0x080015d2       0x26 ./Drivers/STM32H5xx_HAL_Driver/Src/stm32h5xx_hal_adc.o
 .text.LL_ADC_REG_SetSequencerRanks
                0x080015f8       0x58 ./Drivers/STM32H5xx_HAL_Driver/Src/stm32h5xx_hal_adc.o
 .text.LL_ADC_SetChannelSamplingTime
                0x08001650       0x56 ./Drivers/STM32H5xx_HAL_Driver/Src/stm32h5xx_hal_adc.o
 *fill*         0x080016a6        0x2 
 .text.LL_ADC_SetChannelSingleDiff
                0x080016a8       0x48 ./Drivers/STM32H5xx_HAL_Driver/Src/stm32h5xx_hal_adc.o
 .text.LL_ADC_DisableDeepPowerDown
                0x080016f0       0x24 ./Drivers/STM32H5xx_HAL_Driver/Src/stm32h5xx_hal_adc.o
 .text.LL_ADC_IsDeepPowerDownEnabled
                0x08001714       0x28 ./Drivers/STM32H5xx_HAL_Driver/Src/stm32h5xx_hal_adc.o
 .text.LL_ADC_EnableInternalRegulator
                0x0800173c       0x28 ./Drivers/STM32H5xx_HAL_Driver/Src/stm32h5xx_hal_adc.o
 .text.LL_ADC_IsInternalRegulatorEnabled
                0x08001764       0x28 ./Drivers/STM32H5xx_HAL_Driver/Src/stm32h5xx_hal_adc.o
 .text.LL_ADC_IsEnabled
                0x0800178c       0x26 ./Drivers/STM32H5xx_HAL_Driver/Src/stm32h5xx_hal_adc.o
 .text.LL_ADC_REG_IsConversionOngoing
                0x080017b2       0x26 ./Drivers/STM32H5xx_HAL_Driver/Src/stm32h5xx_hal_adc.o
 .text.LL_ADC_INJ_IsConversionOngoing
                0x080017d8       0x26 ./Drivers/STM32H5xx_HAL_Driver/Src/stm32h5xx_hal_adc.o
 *fill*         0x080017fe        0x2 
 .text.HAL_ADC_Init
                0x08001800      0x2a8 ./Drivers/STM32H5xx_HAL_Driver/Src/stm32h5xx_hal_adc.o
                0x08001800                HAL_ADC_Init
 .text.HAL_ADC_ConfigChannel
                0x08001aa8      0x820 ./Drivers/STM32H5xx_HAL_Driver/Src/stm32h5xx_hal_adc.o
                0x08001aa8                HAL_ADC_ConfigChannel
 .text.__NVIC_SetPriorityGrouping
                0x080022c8       0x48 ./Drivers/STM32H5xx_HAL_Driver/Src/stm32h5xx_hal_cortex.o
 .text.__NVIC_GetPriorityGrouping
                0x08002310       0x1c ./Drivers/STM32H5xx_HAL_Driver/Src/stm32h5xx_hal_cortex.o
 .text.__NVIC_SetPriority
                0x0800232c       0x54 ./Drivers/STM32H5xx_HAL_Driver/Src/stm32h5xx_hal_cortex.o
 .text.NVIC_EncodePriority
                0x08002380       0x66 ./Drivers/STM32H5xx_HAL_Driver/Src/stm32h5xx_hal_cortex.o
 .text.HAL_NVIC_SetPriorityGrouping
                0x080023e6       0x16 ./Drivers/STM32H5xx_HAL_Driver/Src/stm32h5xx_hal_cortex.o
                0x080023e6                HAL_NVIC_SetPriorityGrouping
 .text.HAL_NVIC_SetPriority
                0x080023fc       0x34 ./Drivers/STM32H5xx_HAL_Driver/Src/stm32h5xx_hal_cortex.o
                0x080023fc                HAL_NVIC_SetPriority
 .text.HAL_SYSTICK_Config
                0x08002430       0x44 ./Drivers/STM32H5xx_HAL_Driver/Src/stm32h5xx_hal_cortex.o
                0x08002430                HAL_SYSTICK_Config
 .text.HAL_SYSTICK_CLKSourceConfig
                0x08002474       0xb0 ./Drivers/STM32H5xx_HAL_Driver/Src/stm32h5xx_hal_cortex.o
                0x08002474                HAL_SYSTICK_CLKSourceConfig
 .text.HAL_SYSTICK_GetCLKSourceConfig
                0x08002524       0x6c ./Drivers/STM32H5xx_HAL_Driver/Src/stm32h5xx_hal_cortex.o
                0x08002524                HAL_SYSTICK_GetCLKSourceConfig
 .text.HAL_GPIO_Init
                0x08002590      0x2a4 ./Drivers/STM32H5xx_HAL_Driver/Src/stm32h5xx_hal_gpio.o
                0x08002590                HAL_GPIO_Init
 .text.HAL_GPIO_WritePin
                0x08002834       0x30 ./Drivers/STM32H5xx_HAL_Driver/Src/stm32h5xx_hal_gpio.o
                0x08002834                HAL_GPIO_WritePin
 .text.HAL_ICACHE_Enable
                0x08002864       0x20 ./Drivers/STM32H5xx_HAL_Driver/Src/stm32h5xx_hal_icache.o
                0x08002864                HAL_ICACHE_Enable
 .text.HAL_RCC_OscConfig
                0x08002884      0x870 ./Drivers/STM32H5xx_HAL_Driver/Src/stm32h5xx_hal_rcc.o
                0x08002884                HAL_RCC_OscConfig
 .text.HAL_RCC_ClockConfig
                0x080030f4      0x370 ./Drivers/STM32H5xx_HAL_Driver/Src/stm32h5xx_hal_rcc.o
                0x080030f4                HAL_RCC_ClockConfig
 .text.HAL_RCC_GetSysClockFreq
                0x08003464      0x258 ./Drivers/STM32H5xx_HAL_Driver/Src/stm32h5xx_hal_rcc.o
                0x08003464                HAL_RCC_GetSysClockFreq
 .text.HAL_RCC_GetHCLKFreq
                0x080036bc       0x38 ./Drivers/STM32H5xx_HAL_Driver/Src/stm32h5xx_hal_rcc.o
                0x080036bc                HAL_RCC_GetHCLKFreq
 .text.HAL_RCC_GetPCLK1Freq
                0x080036f4       0x2c ./Drivers/STM32H5xx_HAL_Driver/Src/stm32h5xx_hal_rcc.o
                0x080036f4                HAL_RCC_GetPCLK1Freq
 .text.HAL_RCC_GetPCLK2Freq
                0x08003720       0x2c ./Drivers/STM32H5xx_HAL_Driver/Src/stm32h5xx_hal_rcc.o
                0x08003720                HAL_RCC_GetPCLK2Freq
 .text.HAL_RCC_GetPCLK3Freq
                0x0800374c       0x2c ./Drivers/STM32H5xx_HAL_Driver/Src/stm32h5xx_hal_rcc.o
                0x0800374c                HAL_RCC_GetPCLK3Freq
 .text.HAL_RCCEx_PeriphCLKConfig
                0x08003778     0x1e8c ./Drivers/STM32H5xx_HAL_Driver/Src/stm32h5xx_hal_rcc_ex.o
                0x08003778                HAL_RCCEx_PeriphCLKConfig
 .text.HAL_RCCEx_GetPLL1ClockFreq
                0x08005604      0x2d8 ./Drivers/STM32H5xx_HAL_Driver/Src/stm32h5xx_hal_rcc_ex.o
                0x08005604                HAL_RCCEx_GetPLL1ClockFreq
 .text.HAL_RCCEx_GetPLL2ClockFreq
                0x080058dc      0x2d8 ./Drivers/STM32H5xx_HAL_Driver/Src/stm32h5xx_hal_rcc_ex.o
                0x080058dc                HAL_RCCEx_GetPLL2ClockFreq
 .text.HAL_RCCEx_GetPLL3ClockFreq
                0x08005bb4      0x2d8 ./Drivers/STM32H5xx_HAL_Driver/Src/stm32h5xx_hal_rcc_ex.o
                0x08005bb4                HAL_RCCEx_GetPLL3ClockFreq
 .text.HAL_RCCEx_GetPeriphCLKFreq
                0x08005e8c     0x264c ./Drivers/STM32H5xx_HAL_Driver/Src/stm32h5xx_hal_rcc_ex.o
                0x08005e8c                HAL_RCCEx_GetPeriphCLKFreq
 .text.RCCEx_PLL2_Config
                0x080084d8      0x130 ./Drivers/STM32H5xx_HAL_Driver/Src/stm32h5xx_hal_rcc_ex.o
 .text.RCCEx_PLL3_Config
                0x08008608      0x130 ./Drivers/STM32H5xx_HAL_Driver/Src/stm32h5xx_hal_rcc_ex.o
 .text.HAL_UART_Init
                0x08008738       0xa0 ./Drivers/STM32H5xx_HAL_Driver/Src/stm32h5xx_hal_uart.o
                0x08008738                HAL_UART_Init
 .text.UART_SetConfig
                0x080087d8      0x3dc ./Drivers/STM32H5xx_HAL_Driver/Src/stm32h5xx_hal_uart.o
                0x080087d8                UART_SetConfig
 .text.UART_AdvFeatureConfig
                0x08008bb4      0x144 ./Drivers/STM32H5xx_HAL_Driver/Src/stm32h5xx_hal_uart.o
                0x08008bb4                UART_AdvFeatureConfig
 .text.UART_CheckIdleState
                0x08008cf8      0x154 ./Drivers/STM32H5xx_HAL_Driver/Src/stm32h5xx_hal_uart.o
                0x08008cf8                UART_CheckIdleState
 .text.UART_WaitOnFlagUntilTimeout
                0x08008e4c       0xda ./Drivers/STM32H5xx_HAL_Driver/Src/stm32h5xx_hal_uart.o
                0x08008e4c                UART_WaitOnFlagUntilTimeout
 .text.UART_EndRxTransfer
                0x08008f26       0xcc ./Drivers/STM32H5xx_HAL_Driver/Src/stm32h5xx_hal_uart.o
 .text.HAL_UARTEx_DisableFifoMode
                0x08008ff2       0x72 ./Drivers/STM32H5xx_HAL_Driver/Src/stm32h5xx_hal_uart_ex.o
                0x08008ff2                HAL_UARTEx_DisableFifoMode
 .text.HAL_UARTEx_SetTxFifoThreshold
                0x08009064       0x7c ./Drivers/STM32H5xx_HAL_Driver/Src/stm32h5xx_hal_uart_ex.o
                0x08009064                HAL_UARTEx_SetTxFifoThreshold
 .text.HAL_UARTEx_SetRxFifoThreshold
                0x080090e0       0x7c ./Drivers/STM32H5xx_HAL_Driver/Src/stm32h5xx_hal_uart_ex.o
                0x080090e0                HAL_UARTEx_SetRxFifoThreshold
 .text.UARTEx_SetNbDataToProcess
                0x0800915c       0x9c ./Drivers/STM32H5xx_HAL_Driver/Src/stm32h5xx_hal_uart_ex.o
 .text.memset   0x080091f8       0x10 C:/Program Files/STM32CubeIDE_1.13.2/STM32CubeIDE/plugins/com.st.stm32cube.ide.mcu.externaltools.gnu-tools-for-stm32.12.3.rel1.win32_1.1.0.202410251130/tools/bin/../lib/gcc/arm-none-eabi/12.3.1/../../../../arm-none-eabi/lib/thumb/v8-m.main+fp/hard\libc_nano.a(libc_a-memset.o)
                0x080091f8                memset
 .text.__libc_init_array
                0x08009208       0x48 C:/Program Files/STM32CubeIDE_1.13.2/STM32CubeIDE/plugins/com.st.stm32cube.ide.mcu.externaltools.gnu-tools-for-stm32.12.3.rel1.win32_1.1.0.202410251130/tools/bin/../lib/gcc/arm-none-eabi/12.3.1/../../../../arm-none-eabi/lib/thumb/v8-m.main+fp/hard\libc_nano.a(libc_a-init.o)
                0x08009208                __libc_init_array
 *(.glue_7)
 .glue_7        0x08009250        0x0 linker stubs
 *(.glue_7t)
 .glue_7t       0x08009250        0x0 linker stubs
 *(.eh_frame)
 .eh_frame      0x08009250        0x0 C:/Program Files/STM32CubeIDE_1.13.2/STM32CubeIDE/plugins/com.st.stm32cube.ide.mcu.externaltools.gnu-tools-for-stm32.12.3.rel1.win32_1.1.0.202410251130/tools/bin/../lib/gcc/arm-none-eabi/12.3.1/thumb/v8-m.main+fp/hard/crtbegin.o
 *(.init)
 .init          0x08009250        0x4 C:/Program Files/STM32CubeIDE_1.13.2/STM32CubeIDE/plugins/com.st.stm32cube.ide.mcu.externaltools.gnu-tools-for-stm32.12.3.rel1.win32_1.1.0.202410251130/tools/bin/../lib/gcc/arm-none-eabi/12.3.1/thumb/v8-m.main+fp/hard/crti.o
                0x08009250                _init
 .init          0x08009254        0x8 C:/Program Files/STM32CubeIDE_1.13.2/STM32CubeIDE/plugins/com.st.stm32cube.ide.mcu.externaltools.gnu-tools-for-stm32.12.3.rel1.win32_1.1.0.202410251130/tools/bin/../lib/gcc/arm-none-eabi/12.3.1/thumb/v8-m.main+fp/hard/crtn.o
 *(.fini)
 .fini          0x0800925c        0x4 C:/Program Files/STM32CubeIDE_1.13.2/STM32CubeIDE/plugins/com.st.stm32cube.ide.mcu.externaltools.gnu-tools-for-stm32.12.3.rel1.win32_1.1.0.202410251130/tools/bin/../lib/gcc/arm-none-eabi/12.3.1/thumb/v8-m.main+fp/hard/crti.o
                0x0800925c                _fini
 .fini          0x08009260        0x8 C:/Program Files/STM32CubeIDE_1.13.2/STM32CubeIDE/plugins/com.st.stm32cube.ide.mcu.externaltools.gnu-tools-for-stm32.12.3.rel1.win32_1.1.0.202410251130/tools/bin/../lib/gcc/arm-none-eabi/12.3.1/thumb/v8-m.main+fp/hard/crtn.o
                0x08009268                        . = ALIGN (0x4)
                0x08009268                        _etext = .

.vfp11_veneer   0x08009268        0x0
 .vfp11_veneer  0x08009268        0x0 linker stubs

.v4_bx          0x08009268        0x0
 .v4_bx         0x08009268        0x0 linker stubs

.iplt           0x08009268        0x0
 .iplt          0x08009268        0x0 C:/Program Files/STM32CubeIDE_1.13.2/STM32CubeIDE/plugins/com.st.stm32cube.ide.mcu.externaltools.gnu-tools-for-stm32.12.3.rel1.win32_1.1.0.202410251130/tools/bin/../lib/gcc/arm-none-eabi/12.3.1/thumb/v8-m.main+fp/hard/crtbegin.o

.rodata         0x08009268       0x40
                0x08009268                        . = ALIGN (0x4)
 *(.rodata)
 *(.rodata*)
 .rodata.AHBPrescTable
                0x08009268       0x10 ./Core/Src/system_stm32h5xx.o
                0x08009268                AHBPrescTable
 .rodata.APBPrescTable
                0x08009278        0x8 ./Core/Src/system_stm32h5xx.o
                0x08009278                APBPrescTable
 .rodata.UARTPrescTable
                0x08009280       0x18 ./Drivers/STM32H5xx_HAL_Driver/Src/stm32h5xx_hal_uart.o
                0x08009280                UARTPrescTable
 .rodata.numerator.1
                0x08009298        0x8 ./Drivers/STM32H5xx_HAL_Driver/Src/stm32h5xx_hal_uart_ex.o
 .rodata.denominator.0
                0x080092a0        0x8 ./Drivers/STM32H5xx_HAL_Driver/Src/stm32h5xx_hal_uart_ex.o
                0x080092a8                        . = ALIGN (0x4)

.ARM.extab      0x080092a8        0x0
                0x080092a8                        . = ALIGN (0x4)
 *(.ARM.extab* .gnu.linkonce.armextab.*)
                0x080092a8                        . = ALIGN (0x4)

.ARM            0x080092a8        0x8
                0x080092a8                        . = ALIGN (0x4)
                0x080092a8                        __exidx_start = .
 *(.ARM.exidx*)
 .ARM.exidx     0x080092a8        0x8 C:/Program Files/STM32CubeIDE_1.13.2/STM32CubeIDE/plugins/com.st.stm32cube.ide.mcu.externaltools.gnu-tools-for-stm32.12.3.rel1.win32_1.1.0.202410251130/tools/bin/../lib/gcc/arm-none-eabi/12.3.1/thumb/v8-m.main+fp/hard\libgcc.a(_udivmoddi4.o)
                0x080092b0                        __exidx_end = .
                0x080092b0                        . = ALIGN (0x4)

.preinit_array  0x080092b0        0x0
                0x080092b0                        . = ALIGN (0x4)
                0x080092b0                        PROVIDE (__preinit_array_start = .)
 *(.preinit_array*)
                0x080092b0                        PROVIDE (__preinit_array_end = .)
                0x080092b0                        . = ALIGN (0x4)

.init_array     0x080092b0        0x4
                0x080092b0                        . = ALIGN (0x4)
                0x080092b0                        PROVIDE (__init_array_start = .)
 *(SORT_BY_NAME(.init_array.*))
 *(.init_array*)
 .init_array    0x080092b0        0x4 C:/Program Files/STM32CubeIDE_1.13.2/STM32CubeIDE/plugins/com.st.stm32cube.ide.mcu.externaltools.gnu-tools-for-stm32.12.3.rel1.win32_1.1.0.202410251130/tools/bin/../lib/gcc/arm-none-eabi/12.3.1/thumb/v8-m.main+fp/hard/crtbegin.o
                0x080092b4                        PROVIDE (__init_array_end = .)
                0x080092b4                        . = ALIGN (0x4)

.fini_array     0x080092b4        0x4
                0x080092b4                        . = ALIGN (0x4)
                [!provide]                        PROVIDE (__fini_array_start = .)
 *(SORT_BY_NAME(.fini_array.*))
 *(.fini_array*)
 .fini_array    0x080092b4        0x4 C:/Program Files/STM32CubeIDE_1.13.2/STM32CubeIDE/plugins/com.st.stm32cube.ide.mcu.externaltools.gnu-tools-for-stm32.12.3.rel1.win32_1.1.0.202410251130/tools/bin/../lib/gcc/arm-none-eabi/12.3.1/thumb/v8-m.main+fp/hard/crtbegin.o
                [!provide]                        PROVIDE (__fini_array_end = .)
                0x080092b8                        . = ALIGN (0x4)
                0x080092b8                        _sidata = LOADADDR (.data)

.rel.dyn        0x080092b8        0x0
 .rel.iplt      0x080092b8        0x0 C:/Program Files/STM32CubeIDE_1.13.2/STM32CubeIDE/plugins/com.st.stm32cube.ide.mcu.externaltools.gnu-tools-for-stm32.12.3.rel1.win32_1.1.0.202410251130/tools/bin/../lib/gcc/arm-none-eabi/12.3.1/thumb/v8-m.main+fp/hard/crtbegin.o

.data           0x20000000        0xc load address 0x080092b8
                0x20000000                        . = ALIGN (0x4)
                0x20000000                        _sdata = .
 *(.data)
 *(.data*)
 .data.SystemCoreClock
                0x20000000        0x4 ./Core/Src/system_stm32h5xx.o
                0x20000000                SystemCoreClock
 .data.uwTickPrio
                0x20000004        0x4 ./Drivers/STM32H5xx_HAL_Driver/Src/stm32h5xx_hal.o
                0x20000004                uwTickPrio
 .data.uwTickFreq
                0x20000008        0x1 ./Drivers/STM32H5xx_HAL_Driver/Src/stm32h5xx_hal.o
                0x20000008                uwTickFreq
 *(.RamFunc)
 *(.RamFunc*)
                0x2000000c                        . = ALIGN (0x4)
 *fill*         0x20000009        0x3 
                0x2000000c                        _edata = .

.igot.plt       0x2000000c        0x0 load address 0x080092c4
 .igot.plt      0x2000000c        0x0 C:/Program Files/STM32CubeIDE_1.13.2/STM32CubeIDE/plugins/com.st.stm32cube.ide.mcu.externaltools.gnu-tools-for-stm32.12.3.rel1.win32_1.1.0.202410251130/tools/bin/../lib/gcc/arm-none-eabi/12.3.1/thumb/v8-m.main+fp/hard/crtbegin.o
                0x2000000c                        . = ALIGN (0x4)

.bss            0x2000000c      0x11c load address 0x080092c4
                0x2000000c                        _sbss = .
                0x2000000c                        __bss_start__ = _sbss
 *(.bss)
 .bss           0x2000000c       0x1c C:/Program Files/STM32CubeIDE_1.13.2/STM32CubeIDE/plugins/com.st.stm32cube.ide.mcu.externaltools.gnu-tools-for-stm32.12.3.rel1.win32_1.1.0.202410251130/tools/bin/../lib/gcc/arm-none-eabi/12.3.1/thumb/v8-m.main+fp/hard/crtbegin.o
 *(.bss*)
 .bss.hadc1     0x20000028       0x68 ./Core/Src/main.o
                0x20000028                hadc1
 .bss.huart5    0x20000090       0x94 ./Core/Src/main.o
                0x20000090                huart5
 .bss.uwTick    0x20000124        0x4 ./Drivers/STM32H5xx_HAL_Driver/Src/stm32h5xx_hal.o
                0x20000124                uwTick
 *(COMMON)
                0x20000128                        . = ALIGN (0x4)
                0x20000128                        _ebss = .
                0x20000128                        __bss_end__ = _ebss

._user_heap_stack
                0x20000128      0x600 load address 0x080092c4
                0x20000128                        . = ALIGN (0x8)
                [!provide]                        PROVIDE (end = .)
                0x20000128                        PROVIDE (_end = .)
                0x20000328                        . = (. + _Min_Heap_Size)
 *fill*         0x20000128      0x200 
                0x20000728                        . = (. + _Min_Stack_Size)
 *fill*         0x20000328      0x400 
                0x20000728                        . = ALIGN (0x8)

/DISCARD/
 libc.a(*)
 libm.a(*)
 libgcc.a(*)

.ARM.attributes
                0x00000000       0x36
 *(.ARM.attributes)
 .ARM.attributes
                0x00000000       0x26 C:/Program Files/STM32CubeIDE_1.13.2/STM32CubeIDE/plugins/com.st.stm32cube.ide.mcu.externaltools.gnu-tools-for-stm32.12.3.rel1.win32_1.1.0.202410251130/tools/bin/../lib/gcc/arm-none-eabi/12.3.1/thumb/v8-m.main+fp/hard/crti.o
 .ARM.attributes
                0x00000026       0x38 C:/Program Files/STM32CubeIDE_1.13.2/STM32CubeIDE/plugins/com.st.stm32cube.ide.mcu.externaltools.gnu-tools-for-stm32.12.3.rel1.win32_1.1.0.202410251130/tools/bin/../lib/gcc/arm-none-eabi/12.3.1/thumb/v8-m.main+fp/hard/crtbegin.o
 .ARM.attributes
                0x0000005e       0x3a ./Core/Src/LCD_ILI9488.o
 .ARM.attributes
                0x00000098       0x3a ./Core/Src/main.o
 .ARM.attributes
                0x000000d2       0x3a ./Core/Src/stm32h5xx_hal_msp.o
 .ARM.attributes
                0x0000010c       0x3a ./Core/Src/stm32h5xx_it.o
 .ARM.attributes
                0x00000146       0x3a ./Core/Src/system_stm32h5xx.o
 .ARM.attributes
                0x00000180       0x24 ./Core/Startup/startup_stm32h562rgvx.o
 .ARM.attributes
                0x000001a4       0x3a ./Drivers/STM32H5xx_HAL_Driver/Src/stm32h5xx_hal.o
 .ARM.attributes
                0x000001de       0x3a ./Drivers/STM32H5xx_HAL_Driver/Src/stm32h5xx_hal_adc.o
 .ARM.attributes
                0x00000218       0x3a ./Drivers/STM32H5xx_HAL_Driver/Src/stm32h5xx_hal_cortex.o
 .ARM.attributes
                0x00000252       0x3a ./Drivers/STM32H5xx_HAL_Driver/Src/stm32h5xx_hal_gpio.o
 .ARM.attributes
                0x0000028c       0x3a ./Drivers/STM32H5xx_HAL_Driver/Src/stm32h5xx_hal_icache.o
 .ARM.attributes
                0x000002c6       0x3a ./Drivers/STM32H5xx_HAL_Driver/Src/stm32h5xx_hal_rcc.o
 .ARM.attributes
                0x00000300       0x3a ./Drivers/STM32H5xx_HAL_Driver/Src/stm32h5xx_hal_rcc_ex.o
 .ARM.attributes
                0x0000033a       0x3a ./Drivers/STM32H5xx_HAL_Driver/Src/stm32h5xx_hal_uart.o
 .ARM.attributes
                0x00000374       0x3a ./Drivers/STM32H5xx_HAL_Driver/Src/stm32h5xx_hal_uart_ex.o
 .ARM.attributes
                0x000003ae       0x38 C:/Program Files/STM32CubeIDE_1.13.2/STM32CubeIDE/plugins/com.st.stm32cube.ide.mcu.externaltools.gnu-tools-for-stm32.12.3.rel1.win32_1.1.0.202410251130/tools/bin/../lib/gcc/arm-none-eabi/12.3.1/../../../../arm-none-eabi/lib/thumb/v8-m.main+fp/hard\libc_nano.a(libc_a-memset.o)
 .ARM.attributes
                0x000003e6       0x38 C:/Program Files/STM32CubeIDE_1.13.2/STM32CubeIDE/plugins/com.st.stm32cube.ide.mcu.externaltools.gnu-tools-for-stm32.12.3.rel1.win32_1.1.0.202410251130/tools/bin/../lib/gcc/arm-none-eabi/12.3.1/../../../../arm-none-eabi/lib/thumb/v8-m.main+fp/hard\libc_nano.a(libc_a-init.o)
 .ARM.attributes
                0x0000041e       0x26 C:/Program Files/STM32CubeIDE_1.13.2/STM32CubeIDE/plugins/com.st.stm32cube.ide.mcu.externaltools.gnu-tools-for-stm32.12.3.rel1.win32_1.1.0.202410251130/tools/bin/../lib/gcc/arm-none-eabi/12.3.1/thumb/v8-m.main+fp/hard\libgcc.a(_aeabi_uldivmod.o)
 .ARM.attributes
                0x00000444       0x38 C:/Program Files/STM32CubeIDE_1.13.2/STM32CubeIDE/plugins/com.st.stm32cube.ide.mcu.externaltools.gnu-tools-for-stm32.12.3.rel1.win32_1.1.0.202410251130/tools/bin/../lib/gcc/arm-none-eabi/12.3.1/thumb/v8-m.main+fp/hard\libgcc.a(_udivmoddi4.o)
 .ARM.attributes
                0x0000047c       0x26 C:/Program Files/STM32CubeIDE_1.13.2/STM32CubeIDE/plugins/com.st.stm32cube.ide.mcu.externaltools.gnu-tools-for-stm32.12.3.rel1.win32_1.1.0.202410251130/tools/bin/../lib/gcc/arm-none-eabi/12.3.1/thumb/v8-m.main+fp/hard\libgcc.a(_dvmd_tls.o)
 .ARM.attributes
                0x000004a2       0x26 C:/Program Files/STM32CubeIDE_1.13.2/STM32CubeIDE/plugins/com.st.stm32cube.ide.mcu.externaltools.gnu-tools-for-stm32.12.3.rel1.win32_1.1.0.202410251130/tools/bin/../lib/gcc/arm-none-eabi/12.3.1/thumb/v8-m.main+fp/hard/crtn.o
OUTPUT(STM32H562RGV6_display_board.elf elf32-littlearm)
LOAD linker stubs
LOAD C:/Program Files/STM32CubeIDE_1.13.2/STM32CubeIDE/plugins/com.st.stm32cube.ide.mcu.externaltools.gnu-tools-for-stm32.12.3.rel1.win32_1.1.0.202410251130/tools/bin/../lib/gcc/arm-none-eabi/12.3.1/../../../../arm-none-eabi/lib/thumb/v8-m.main+fp/hard\libc.a
LOAD C:/Program Files/STM32CubeIDE_1.13.2/STM32CubeIDE/plugins/com.st.stm32cube.ide.mcu.externaltools.gnu-tools-for-stm32.12.3.rel1.win32_1.1.0.202410251130/tools/bin/../lib/gcc/arm-none-eabi/12.3.1/../../../../arm-none-eabi/lib/thumb/v8-m.main+fp/hard\libm.a
LOAD C:/Program Files/STM32CubeIDE_1.13.2/STM32CubeIDE/plugins/com.st.stm32cube.ide.mcu.externaltools.gnu-tools-for-stm32.12.3.rel1.win32_1.1.0.202410251130/tools/bin/../lib/gcc/arm-none-eabi/12.3.1/thumb/v8-m.main+fp/hard\libgcc.a

.debug_info     0x00000000    0x115e4
 .debug_info    0x00000000      0x39f ./Core/Src/LCD_ILI9488.o
 .debug_info    0x0000039f     0x1ec9 ./Core/Src/main.o
 .debug_info    0x00002268     0x174d ./Core/Src/stm32h5xx_hal_msp.o
 .debug_info    0x000039b5      0x128 ./Core/Src/stm32h5xx_it.o
 .debug_info    0x00003add      0xd8e ./Core/Src/system_stm32h5xx.o
 .debug_info    0x0000486b       0x30 ./Core/Startup/startup_stm32h562rgvx.o
 .debug_info    0x0000489b     0x1381 ./Drivers/STM32H5xx_HAL_Driver/Src/stm32h5xx_hal.o
 .debug_info    0x00005c1c     0x237e ./Drivers/STM32H5xx_HAL_Driver/Src/stm32h5xx_hal_adc.o
 .debug_info    0x00007f9a     0x163a ./Drivers/STM32H5xx_HAL_Driver/Src/stm32h5xx_hal_cortex.o
 .debug_info    0x000095d4      0x6b6 ./Drivers/STM32H5xx_HAL_Driver/Src/stm32h5xx_hal_gpio.o
 .debug_info    0x00009c8a      0x4d6 ./Drivers/STM32H5xx_HAL_Driver/Src/stm32h5xx_hal_icache.o
 .debug_info    0x0000a160     0x109f ./Drivers/STM32H5xx_HAL_Driver/Src/stm32h5xx_hal_rcc.o
 .debug_info    0x0000b1ff     0x12c8 ./Drivers/STM32H5xx_HAL_Driver/Src/stm32h5xx_hal_rcc_ex.o
 .debug_info    0x0000c4c7     0x4030 ./Drivers/STM32H5xx_HAL_Driver/Src/stm32h5xx_hal_uart.o
 .debug_info    0x000104f7     0x10ed ./Drivers/STM32H5xx_HAL_Driver/Src/stm32h5xx_hal_uart_ex.o

.debug_abbrev   0x00000000     0x1faf
 .debug_abbrev  0x00000000      0x1b1 ./Core/Src/LCD_ILI9488.o
 .debug_abbrev  0x000001b1      0x2de ./Core/Src/main.o
 .debug_abbrev  0x0000048f      0x201 ./Core/Src/stm32h5xx_hal_msp.o
 .debug_abbrev  0x00000690       0x73 ./Core/Src/stm32h5xx_it.o
 .debug_abbrev  0x00000703      0x13a ./Core/Src/system_stm32h5xx.o
 .debug_abbrev  0x0000083d       0x24 ./Core/Startup/startup_stm32h562rgvx.o
 .debug_abbrev  0x00000861      0x2af ./Drivers/STM32H5xx_HAL_Driver/Src/stm32h5xx_hal.o
 .debug_abbrev  0x00000b10      0x2b9 ./Drivers/STM32H5xx_HAL_Driver/Src/stm32h5xx_hal_adc.o
 .debug_abbrev  0x00000dc9      0x311 ./Drivers/STM32H5xx_HAL_Driver/Src/stm32h5xx_hal_cortex.o
 .debug_abbrev  0x000010da      0x1db ./Drivers/STM32H5xx_HAL_Driver/Src/stm32h5xx_hal_gpio.o
 .debug_abbrev  0x000012b5      0x228 ./Drivers/STM32H5xx_HAL_Driver/Src/stm32h5xx_hal_icache.o
 .debug_abbrev  0x000014dd      0x290 ./Drivers/STM32H5xx_HAL_Driver/Src/stm32h5xx_hal_rcc.o
 .debug_abbrev  0x0000176d      0x269 ./Drivers/STM32H5xx_HAL_Driver/Src/stm32h5xx_hal_rcc_ex.o
 .debug_abbrev  0x000019d6      0x305 ./Drivers/STM32H5xx_HAL_Driver/Src/stm32h5xx_hal_uart.o
 .debug_abbrev  0x00001cdb      0x2d4 ./Drivers/STM32H5xx_HAL_Driver/Src/stm32h5xx_hal_uart_ex.o

.debug_aranges  0x00000000      0xcf8
 .debug_aranges
                0x00000000       0x68 ./Core/Src/LCD_ILI9488.o
 .debug_aranges
                0x00000068       0x50 ./Core/Src/main.o
 .debug_aranges
                0x000000b8       0x40 ./Core/Src/stm32h5xx_hal_msp.o
 .debug_aranges
                0x000000f8       0x60 ./Core/Src/stm32h5xx_it.o
 .debug_aranges
                0x00000158       0x28 ./Core/Src/system_stm32h5xx.o
 .debug_aranges
                0x00000180       0x28 ./Core/Startup/startup_stm32h562rgvx.o
 .debug_aranges
                0x000001a8      0x200 ./Drivers/STM32H5xx_HAL_Driver/Src/stm32h5xx_hal.o
 .debug_aranges
                0x000003a8      0x258 ./Drivers/STM32H5xx_HAL_Driver/Src/stm32h5xx_hal_adc.o
 .debug_aranges
                0x00000600      0x140 ./Drivers/STM32H5xx_HAL_Driver/Src/stm32h5xx_hal_cortex.o
 .debug_aranges
                0x00000740       0x78 ./Drivers/STM32H5xx_HAL_Driver/Src/stm32h5xx_hal_gpio.o
 .debug_aranges
                0x000007b8       0xa8 ./Drivers/STM32H5xx_HAL_Driver/Src/stm32h5xx_hal_icache.o
 .debug_aranges
                0x00000860       0xa0 ./Drivers/STM32H5xx_HAL_Driver/Src/stm32h5xx_hal_rcc.o
 .debug_aranges
                0x00000900      0x108 ./Drivers/STM32H5xx_HAL_Driver/Src/stm32h5xx_hal_rcc_ex.o
 .debug_aranges
                0x00000a08      0x248 ./Drivers/STM32H5xx_HAL_Driver/Src/stm32h5xx_hal_uart.o
 .debug_aranges
                0x00000c50       0xa8 ./Drivers/STM32H5xx_HAL_Driver/Src/stm32h5xx_hal_uart_ex.o

.debug_rnglists
                0x00000000      0x9f3
 .debug_rnglists
                0x00000000       0x4c ./Core/Src/LCD_ILI9488.o
 .debug_rnglists
                0x0000004c       0x3b ./Core/Src/main.o
 .debug_rnglists
                0x00000087       0x2d ./Core/Src/stm32h5xx_hal_msp.o
 .debug_rnglists
                0x000000b4       0x43 ./Core/Src/stm32h5xx_it.o
 .debug_rnglists
                0x000000f7       0x1b ./Core/Src/system_stm32h5xx.o
 .debug_rnglists
                0x00000112       0x19 ./Core/Startup/startup_stm32h562rgvx.o
 .debug_rnglists
                0x0000012b      0x17d ./Drivers/STM32H5xx_HAL_Driver/Src/stm32h5xx_hal.o
 .debug_rnglists
                0x000002a8      0x1cc ./Drivers/STM32H5xx_HAL_Driver/Src/stm32h5xx_hal_adc.o
 .debug_rnglists
                0x00000474       0xec ./Drivers/STM32H5xx_HAL_Driver/Src/stm32h5xx_hal_cortex.o
 .debug_rnglists
                0x00000560       0x57 ./Drivers/STM32H5xx_HAL_Driver/Src/stm32h5xx_hal_gpio.o
 .debug_rnglists
                0x000005b7       0x7a ./Drivers/STM32H5xx_HAL_Driver/Src/stm32h5xx_hal_icache.o
 .debug_rnglists
                0x00000631       0x79 ./Drivers/STM32H5xx_HAL_Driver/Src/stm32h5xx_hal_rcc.o
 .debug_rnglists
                0x000006aa       0xcf ./Drivers/STM32H5xx_HAL_Driver/Src/stm32h5xx_hal_rcc_ex.o
 .debug_rnglists
                0x00000779      0x1fb ./Drivers/STM32H5xx_HAL_Driver/Src/stm32h5xx_hal_uart.o
 .debug_rnglists
                0x00000974       0x7f ./Drivers/STM32H5xx_HAL_Driver/Src/stm32h5xx_hal_uart_ex.o

.debug_macro    0x00000000     0x2a01
 .debug_macro   0x00000000      0x315 ./Core/Src/LCD_ILI9488.o
 .debug_macro   0x00000315      0x189 ./Core/Src/LCD_ILI9488.o
 .debug_macro   0x0000049e      0x106 ./Core/Src/LCD_ILI9488.o
 .debug_macro   0x000005a4       0x16 ./Core/Src/LCD_ILI9488.o
 .debug_macro   0x000005ba       0x35 ./Core/Src/LCD_ILI9488.o
 .debug_macro   0x000005ef       0x20 ./Core/Src/LCD_ILI9488.o
 .debug_macro   0x0000060f       0x40 ./Core/Src/LCD_ILI9488.o
 .debug_macro   0x0000064f      0x34c ./Core/Src/main.o
 .debug_macro   0x0000099b       0x16 ./Core/Src/main.o
 .debug_macro   0x000009b1       0x16 ./Core/Src/main.o
 .debug_macro   0x000009c7       0x29 ./Core/Src/main.o
 .debug_macro   0x000009f0       0x22 ./Core/Src/main.o
 .debug_macro   0x00000a12       0x10 ./Core/Src/main.o
 .debug_macro   0x00000a22       0x22 ./Core/Src/main.o
 .debug_macro   0x00000a44      0x295 ./Core/Src/stm32h5xx_hal_msp.o
 .debug_macro   0x00000cd9      0x29f ./Core/Src/stm32h5xx_it.o
 .debug_macro   0x00000f78      0x28d ./Core/Src/system_stm32h5xx.o
 .debug_macro   0x00001205      0x2bc ./Drivers/STM32H5xx_HAL_Driver/Src/stm32h5xx_hal.o
 .debug_macro   0x000014c1      0x2a3 ./Drivers/STM32H5xx_HAL_Driver/Src/stm32h5xx_hal_adc.o
 .debug_macro   0x00001764      0x286 ./Drivers/STM32H5xx_HAL_Driver/Src/stm32h5xx_hal_cortex.o
 .debug_macro   0x000019ea      0x2bc ./Drivers/STM32H5xx_HAL_Driver/Src/stm32h5xx_hal_gpio.o
 .debug_macro   0x00001ca6      0x2b8 ./Drivers/STM32H5xx_HAL_Driver/Src/stm32h5xx_hal_icache.o
 .debug_macro   0x00001f5e      0x2c8 ./Drivers/STM32H5xx_HAL_Driver/Src/stm32h5xx_hal_rcc.o
 .debug_macro   0x00002226      0x298 ./Drivers/STM32H5xx_HAL_Driver/Src/stm32h5xx_hal_rcc_ex.o
 .debug_macro   0x000024be      0x2b1 ./Drivers/STM32H5xx_HAL_Driver/Src/stm32h5xx_hal_uart.o
 .debug_macro   0x0000276f      0x292 ./Drivers/STM32H5xx_HAL_Driver/Src/stm32h5xx_hal_uart_ex.o

.debug_line     0x00000000    0x124d0
 .debug_line    0x00000000      0xbba ./Core/Src/LCD_ILI9488.o
 .debug_line    0x00000bba      0xc5f ./Core/Src/main.o
 .debug_line    0x00001819      0xa57 ./Core/Src/stm32h5xx_hal_msp.o
 .debug_line    0x00002270      0xa60 ./Core/Src/stm32h5xx_it.o
 .debug_line    0x00002cd0      0xb1f ./Core/Src/system_stm32h5xx.o
 .debug_line    0x000037ef       0x77 ./Core/Startup/startup_stm32h562rgvx.o
 .debug_line    0x00003866     0x10a6 ./Drivers/STM32H5xx_HAL_Driver/Src/stm32h5xx_hal.o
 .debug_line    0x0000490c     0x22df ./Drivers/STM32H5xx_HAL_Driver/Src/stm32h5xx_hal_adc.o
 .debug_line    0x00006beb     0x100e ./Drivers/STM32H5xx_HAL_Driver/Src/stm32h5xx_hal_cortex.o
 .debug_line    0x00007bf9      0xd9a ./Drivers/STM32H5xx_HAL_Driver/Src/stm32h5xx_hal_gpio.o
 .debug_line    0x00008993      0xc83 ./Drivers/STM32H5xx_HAL_Driver/Src/stm32h5xx_hal_icache.o
 .debug_line    0x00009616     0x1419 ./Drivers/STM32H5xx_HAL_Driver/Src/stm32h5xx_hal_rcc.o
 .debug_line    0x0000aa2f     0x2f14 ./Drivers/STM32H5xx_HAL_Driver/Src/stm32h5xx_hal_rcc_ex.o
 .debug_line    0x0000d943     0x3b99 ./Drivers/STM32H5xx_HAL_Driver/Src/stm32h5xx_hal_uart.o
 .debug_line    0x000114dc      0xff4 ./Drivers/STM32H5xx_HAL_Driver/Src/stm32h5xx_hal_uart_ex.o

.debug_str      0x00000000   0x130641
 .debug_str     0x00000000   0x12a9d6 ./Core/Src/LCD_ILI9488.o
                             0x12af82 (size before relaxing)
 .debug_str     0x0012a9d6     0x1453 ./Core/Src/main.o
                             0x12c353 (size before relaxing)
 .debug_str     0x0012be29      0x508 ./Core/Src/stm32h5xx_hal_msp.o
                             0x12bc40 (size before relaxing)
 .debug_str     0x0012c331       0xc9 ./Core/Src/stm32h5xx_it.o
                             0x12ac44 (size before relaxing)
 .debug_str     0x0012c3fa      0x1bd ./Core/Src/system_stm32h5xx.o
                             0x12ae5a (size before relaxing)
 .debug_str     0x0012c5b7       0x44 ./Core/Startup/startup_stm32h562rgvx.o
                                 0xb8 (size before relaxing)
 .debug_str     0x0012c5fb     0x100c ./Drivers/STM32H5xx_HAL_Driver/Src/stm32h5xx_hal.o
                             0x12bc63 (size before relaxing)
 .debug_str     0x0012d607      0xcc8 ./Drivers/STM32H5xx_HAL_Driver/Src/stm32h5xx_hal_adc.o
                             0x12bc90 (size before relaxing)
 .debug_str     0x0012e2cf      0x40e ./Drivers/STM32H5xx_HAL_Driver/Src/stm32h5xx_hal_cortex.o
                             0x12b7f2 (size before relaxing)
 .debug_str     0x0012e6dd      0x2bd ./Drivers/STM32H5xx_HAL_Driver/Src/stm32h5xx_hal_gpio.o
                             0x12abbf (size before relaxing)
 .debug_str     0x0012e99a      0x696 ./Drivers/STM32H5xx_HAL_Driver/Src/stm32h5xx_hal_icache.o
                             0x12aee8 (size before relaxing)
 .debug_str     0x0012f030      0x38a ./Drivers/STM32H5xx_HAL_Driver/Src/stm32h5xx_hal_rcc.o
                             0x12b39f (size before relaxing)
 .debug_str     0x0012f3ba      0x6ca ./Drivers/STM32H5xx_HAL_Driver/Src/stm32h5xx_hal_rcc_ex.o
                             0x12b6d4 (size before relaxing)
 .debug_str     0x0012fa84      0x952 ./Drivers/STM32H5xx_HAL_Driver/Src/stm32h5xx_hal_uart.o
                             0x12b8a0 (size before relaxing)
 .debug_str     0x001303d6      0x26b ./Drivers/STM32H5xx_HAL_Driver/Src/stm32h5xx_hal_uart_ex.o
                             0x12b271 (size before relaxing)

.comment        0x00000000       0x43
 .comment       0x00000000       0x43 ./Core/Src/LCD_ILI9488.o
                                 0x44 (size before relaxing)
 .comment       0x00000043       0x44 ./Core/Src/main.o
 .comment       0x00000043       0x44 ./Core/Src/stm32h5xx_hal_msp.o
 .comment       0x00000043       0x44 ./Core/Src/stm32h5xx_it.o
 .comment       0x00000043       0x44 ./Core/Src/system_stm32h5xx.o
 .comment       0x00000043       0x44 ./Drivers/STM32H5xx_HAL_Driver/Src/stm32h5xx_hal.o
 .comment       0x00000043       0x44 ./Drivers/STM32H5xx_HAL_Driver/Src/stm32h5xx_hal_adc.o
 .comment       0x00000043       0x44 ./Drivers/STM32H5xx_HAL_Driver/Src/stm32h5xx_hal_cortex.o
 .comment       0x00000043       0x44 ./Drivers/STM32H5xx_HAL_Driver/Src/stm32h5xx_hal_gpio.o
 .comment       0x00000043       0x44 ./Drivers/STM32H5xx_HAL_Driver/Src/stm32h5xx_hal_icache.o
 .comment       0x00000043       0x44 ./Drivers/STM32H5xx_HAL_Driver/Src/stm32h5xx_hal_rcc.o
 .comment       0x00000043       0x44 ./Drivers/STM32H5xx_HAL_Driver/Src/stm32h5xx_hal_rcc_ex.o
 .comment       0x00000043       0x44 ./Drivers/STM32H5xx_HAL_Driver/Src/stm32h5xx_hal_uart.o
 .comment       0x00000043       0x44 ./Drivers/STM32H5xx_HAL_Driver/Src/stm32h5xx_hal_uart_ex.o

.debug_frame    0x00000000     0x3670
 .debug_frame   0x00000000      0x160 ./Core/Src/LCD_ILI9488.o
 .debug_frame   0x00000160       0xe8 ./Core/Src/main.o
 .debug_frame   0x00000248       0xc8 ./Core/Src/stm32h5xx_hal_msp.o
 .debug_frame   0x00000310      0x104 ./Core/Src/stm32h5xx_it.o
 .debug_frame   0x00000414       0x60 ./Core/Src/system_stm32h5xx.o
 .debug_frame   0x00000474      0x828 ./Drivers/STM32H5xx_HAL_Driver/Src/stm32h5xx_hal.o
 .debug_frame   0x00000c9c      0xb20 ./Drivers/STM32H5xx_HAL_Driver/Src/stm32h5xx_hal_adc.o
 .debug_frame   0x000017bc      0x560 ./Drivers/STM32H5xx_HAL_Driver/Src/stm32h5xx_hal_cortex.o
 .debug_frame   0x00001d1c      0x1ec ./Drivers/STM32H5xx_HAL_Driver/Src/stm32h5xx_hal_gpio.o
 .debug_frame   0x00001f08      0x298 ./Drivers/STM32H5xx_HAL_Driver/Src/stm32h5xx_hal_icache.o
 .debug_frame   0x000021a0      0x268 ./Drivers/STM32H5xx_HAL_Driver/Src/stm32h5xx_hal_rcc.o
 .debug_frame   0x00002408      0x470 ./Drivers/STM32H5xx_HAL_Driver/Src/stm32h5xx_hal_rcc_ex.o
 .debug_frame   0x00002878      0xa84 ./Drivers/STM32H5xx_HAL_Driver/Src/stm32h5xx_hal_uart.o
 .debug_frame   0x000032fc      0x2c4 ./Drivers/STM32H5xx_HAL_Driver/Src/stm32h5xx_hal_uart_ex.o
 .debug_frame   0x000035c0       0x20 C:/Program Files/STM32CubeIDE_1.13.2/STM32CubeIDE/plugins/com.st.stm32cube.ide.mcu.externaltools.gnu-tools-for-stm32.12.3.rel1.win32_1.1.0.202410251130/tools/bin/../lib/gcc/arm-none-eabi/12.3.1/../../../../arm-none-eabi/lib/thumb/v8-m.main+fp/hard\libc_nano.a(libc_a-memset.o)
 .debug_frame   0x000035e0       0x2c C:/Program Files/STM32CubeIDE_1.13.2/STM32CubeIDE/plugins/com.st.stm32cube.ide.mcu.externaltools.gnu-tools-for-stm32.12.3.rel1.win32_1.1.0.202410251130/tools/bin/../lib/gcc/arm-none-eabi/12.3.1/../../../../arm-none-eabi/lib/thumb/v8-m.main+fp/hard\libc_nano.a(libc_a-init.o)
 .debug_frame   0x0000360c       0x2c C:/Program Files/STM32CubeIDE_1.13.2/STM32CubeIDE/plugins/com.st.stm32cube.ide.mcu.externaltools.gnu-tools-for-stm32.12.3.rel1.win32_1.1.0.202410251130/tools/bin/../lib/gcc/arm-none-eabi/12.3.1/thumb/v8-m.main+fp/hard\libgcc.a(_aeabi_uldivmod.o)
 .debug_frame   0x00003638       0x38 C:/Program Files/STM32CubeIDE_1.13.2/STM32CubeIDE/plugins/com.st.stm32cube.ide.mcu.externaltools.gnu-tools-for-stm32.12.3.rel1.win32_1.1.0.202410251130/tools/bin/../lib/gcc/arm-none-eabi/12.3.1/thumb/v8-m.main+fp/hard\libgcc.a(_udivmoddi4.o)

.debug_line_str
                0x00000000       0x9c
 .debug_line_str
                0x00000000       0x9c ./Core/Startup/startup_stm32h562rgvx.o
