../Core/Src/ili9488.c:31:20:ILI9488_Write8	16	static
../Core/Src/ili9488.c:41:20:ILI9488_Write16	16	static
../Core/Src/ili9488.c:52:20:ILI9488_WriteCommand	16	static
../Core/Src/ili9488.c:68:20:ILI9488_WriteData	16	static
../Core/Src/ili9488.c:74:6:ILI9488_Reset	8	static
../Core/Src/ili9488.c:82:6:ILI9488_Init	8	static
../Core/Src/ili9488.c:155:20:ILI9488_SetAddressWindow	24	static
../Core/Src/ili9488.c:256:6:ILI9488_FillScreen	16	static
../Core/Src/ili9488.c:297:6:ILI9488_FilledRectangle	40	static
../Core/Src/ili9488.c:345:6:ILI9488_DrawPixel	16	static
../Core/Src/ili9488.c:365:6:ILI9488_DrawChar	32	static
../Core/Src/ili9488.c:417:6:ILI9488_DrawString	40	static
../Core/Src/ili9488.c:428:6:ILI9488_DrawButton	32	static
../Core/Src/ili9488.c:439:6:ILI9488_V_line	32	static
../Core/Src/ili9488.c:461:6:ILI9488_H_line	40	static
../Core/Src/ili9488.c:484:6:ILI9488_Rect	24	static
../Core/Src/ili9488.c:505:6:ILI9488_Rect_3	40	static
../Core/Src/ili9488.c:530:6:ILI9488_drawThickLine	72	static
../Core/Src/ili9488.c:569:6:ILI9488_drawCircleOutline	48	static
../Core/Src/ili9488.c:591:6:ILI9488_DrawBatterySymbol	72	static
