../Core/Src/main.c:123:6:Set_BMS_dummy_values	4	static
../Core/Src/main.c:159:6:HAL_TIM_PeriodElapsedCallback	16	static
../Core/Src/main.c:285:6:HAL_GPIO_EXTI_Falling_Callback	32	static
../Core/Src/main.c:339:5:main	80	static
../Core/Src/main.c:487:6:SystemClock_Config	120	static
../Core/Src/main.c:548:13:MX_ADC1_Init	40	static
../Core/Src/main.c:607:13:MX_DCACHE1_Init	8	static
../Core/Src/main.c:634:13:MX_GPDMA1_Init	16	static
../Core/Src/main.c:664:13:MX_ICACHE_Init	8	static
../Core/Src/main.c:692:13:MX_TIM1_Init	40	static
../Core/Src/main.c:742:13:MX_TIM3_Init	64	static
../Core/Src/main.c:801:13:MX_TIM6_Init	24	static
../Core/Src/main.c:839:13:MX_UART5_Init	8	static
../Core/Src/main.c:887:13:MX_GPIO_Init	48	static
../Core/Src/main.c:1023:6:Error_Handler	4	static,ignoring_inline_asm
