../Core/Src/stm32h5xx_hal_msp.c:68:6:HAL_MspInit	8	static
../Core/Src/stm32h5xx_hal_msp.c:91:6:HAL_ADC_MspInit	312	static
../Core/Src/stm32h5xx_hal_msp.c:139:6:HAL_ADC_MspDeInit	16	static
../Core/Src/stm32h5xx_hal_msp.c:170:6:HAL_DCACHE_MspInit	24	static
../Core/Src/stm32h5xx_hal_msp.c:193:6:HAL_DCACHE_MspDeInit	16	static
../Core/Src/stm32h5xx_hal_msp.c:215:6:HAL_TIM_Base_MspInit	32	static
../Core/Src/stm32h5xx_hal_msp.c:288:6:HAL_TIM_MspPostInit	40	static
../Core/Src/stm32h5xx_hal_msp.c:320:6:HAL_TIM_Base_MspDeInit	16	static
../Core/Src/stm32h5xx_hal_msp.c:373:6:HAL_UART_MspInit	312	static
../Core/Src/stm32h5xx_hal_msp.c:452:6:HAL_UART_MspDeInit	16	static
